07-04 15:28:54.849  1548  1945 I mtkpower_client: perf_lock_rel, hdl:269967, tid:1945
07-04 15:28:54.849  1548  1945 I mtkpower_client: perf_lock_acq, hdl:269967, dur:0, num:16, tid:1945
07-04 15:28:54.849   904   971 I libPowerHal: [perfLockRel] hdl:269967, idx:0
07-04 15:28:54.849   904   971 I libPowerHal: [PD] scn:0 hdl:269967 lock_user:system_server pid:1548 tid:1945 dur:0
07-04 15:28:54.850   904   971 I libPowerHal: system_server: cpu_ctrl set cpu freq: -1 -1 -1 -1 -1 -1
07-04 15:28:54.850   904   971 I libPowerHal: [PD] system_server update cmd:2020000=>1, 1410000=>0, 1c3c000=>1, 2004100=>0,
07-04 15:28:54.851 18070 18070 D LifecycleMonitor: Lifecycle status change: androidx.test.core.app.InstrumentationActivityInvoker$EmptyActivity@aad5de8 in: PRE_ON_CREATE
07-04 15:28:54.851 18070 18070 V ActivityScenario: Activity lifecycle changed event received but ignored because the intent does not match. startActivityIntent=Intent { act=android.intent.action.MAIN cat=[android.intent.category.LAUNCHER] cmp=com.example.dogglers/.GridListActivity }, activity.getIntent()=Intent { act=android.intent.action.MAIN cat=[android.intent.category.LAUNCHER] flg=0x10000000 cmp=com.example.dogglers/androidx.test.core.app.InstrumentationActivityInvoker$EmptyActivity mCallingUid=10305 }, activity=androidx.test.core.app.InstrumentationActivityInvoker$EmptyActivity@aad5de8
07-04 15:28:54.851  1548  1945 I mtkpower_client: ret_hdl:269968
07-04 15:28:54.853   904   971 I libPowerHal: [perfLockAcq] idx:0 hdl:269968 hint:-1 pid:1548 duration:0 => ret_hdl:269968
07-04 15:28:54.853   904   971 I libPowerHal: [PE] scn:0 hdl:269968 lock_user:system_server pid:1548 tid:1945 dur:0
07-04 15:28:54.853   904   971 I libPowerHal: system_server: cpu_ctrl set cpu freq: 2000000 -1 2200000 -1 2284000 -1
07-04 15:28:54.853   904   971 I libPowerHal: [PE] system_server update cmd:2020000=>15, 1410000=>2, 1c3c000=>0, 2004100=>0,
07-04 15:28:54.861 18070 18070 D LifecycleMonitor: Lifecycle status change: androidx.test.core.app.InstrumentationActivityInvoker$EmptyActivity@aad5de8 in: CREATED
07-04 15:28:54.861 18070 18070 V ActivityScenario: Activity lifecycle changed event received but ignored because the intent does not match. startActivityIntent=Intent { act=android.intent.action.MAIN cat=[android.intent.category.LAUNCHER] cmp=com.example.dogglers/.GridListActivity }, activity.getIntent()=Intent { act=android.intent.action.MAIN cat=[android.intent.category.LAUNCHER] flg=0x10000000 cmp=com.example.dogglers/androidx.test.core.app.InstrumentationActivityInvoker$EmptyActivity mCallingUid=10305 }, activity=androidx.test.core.app.InstrumentationActivityInvoker$EmptyActivity@aad5de8
07-04 15:28:54.862  1548  4490 I InputDispatcher: Focus left window: Window{7d89ce8 u0 com.example.dogglers/com.example.dogglers.GridListActivity} in display 0
07-04 15:28:54.863  1548  4490 I InputDispatcher: Window went away: Window{7d89ce8 u0 com.example.dogglers/com.example.dogglers.GridListActivity}
07-04 15:28:54.863 18070 18070 D LifecycleMonitor: Lifecycle status change: androidx.test.core.app.InstrumentationActivityInvoker$EmptyActivity@aad5de8 in: STARTED
07-04 15:28:54.863 18070 18070 V ActivityScenario: Activity lifecycle changed event received but ignored because the intent does not match. startActivityIntent=Intent { act=android.intent.action.MAIN cat=[android.intent.category.LAUNCHER] cmp=com.example.dogglers/.GridListActivity }, activity.getIntent()=Intent { act=android.intent.action.MAIN cat=[android.intent.category.LAUNCHER] flg=0x10000000 cmp=com.example.dogglers/androidx.test.core.app.InstrumentationActivityInvoker$EmptyActivity mCallingUid=10305 }, activity=androidx.test.core.app.InstrumentationActivityInvoker$EmptyActivity@aad5de8
07-04 15:28:54.865 18070 18070 D LifecycleMonitor: Lifecycle status change: androidx.test.core.app.InstrumentationActivityInvoker$EmptyActivity@aad5de8 in: RESUMED
07-04 15:28:54.865 18070 18070 V ActivityScenario: Activity lifecycle changed event received but ignored because the intent does not match. startActivityIntent=Intent { act=android.intent.action.MAIN cat=[android.intent.category.LAUNCHER] cmp=com.example.dogglers/.GridListActivity }, activity.getIntent()=Intent { act=android.intent.action.MAIN cat=[android.intent.category.LAUNCHER] flg=0x10000000 cmp=com.example.dogglers/androidx.test.core.app.InstrumentationActivityInvoker$EmptyActivity mCallingUid=10305 }, activity=androidx.test.core.app.InstrumentationActivityInvoker$EmptyActivity@aad5de8
07-04 15:28:54.865 18070 18070 V PhoneWindow: DecorView setVisiblity: visibility = 4, Parent = null, this = DecorView@ee7094[]
07-04 15:28:54.866   938  1532 I SurfaceFlinger: [SF client] NEW(0xb400007387055d80) for (18070:com.example.dogglers)
07-04 15:28:54.868 18070 18070 D ViewRootImpl[InstrumentationActivityInvoker$EmptyActivity]: hardware acceleration = true , fakeHwAccelerated = false, sRendererDisabled = false, forceHwAccelerated = false, sSystemRendererDisabled = false
07-04 15:28:54.869   938  1009 D DispPerfService: get hint proc=7510d5 com.example.dogglers, idx=1 none
07-04 15:28:54.871 18070 18070 I InputTransport: Create ARC handle: 0xb400007e7e61dd20
07-04 15:28:54.871 18070 18070 V PhoneWindow: DecorView setVisiblity: visibility = 0, Parent = android.view.ViewRootImpl@28a7083, this = DecorView@ee7094[InstrumentationActivityInvoker$EmptyActivity]
07-04 15:28:54.875  2144 18099 D IAtlas  : IAtlas::init CallingPid 2144
07-04 15:28:54.876  2144 18099 D IAtlas  : IAtlas::init this 0xb400007da29082e0
07-04 15:28:54.876  2144 18099 D MediaPlayerNative: pid : 2144 uid : 10120
07-04 15:28:54.876  2144  2144 V MediaRouter: Selecting route: RouteInfo{ name=Puhelin, description=null, status=null, category=RouteCategory{ name=Jrjestelm types=ROUTE_TYPE_LIVE_AUDIO ROUTE_TYPE_LIVE_VIDEO  groupable=false }, supportedTypes=ROUTE_TYPE_LIVE_AUDIO ROUTE_TYPE_LIVE_VIDEO , presentationDisplay=null }
07-04 15:28:54.876  2144 18099 D AtlasUtilsHelper: packageName com.android.systemui
07-04 15:28:54.876  2144 18099 D MediaPlayerNative: checkZenmodePid, tPackageName =com.android.systemui
07-04 15:28:54.876  2144 18099 I BpBinder: onLastStrongRef automatically unlinking death recipients: <uncached descriptor>
07-04 15:28:54.877  1130 18103 I GenericSource: start
07-04 15:28:54.877  4431  5741 D AudioManager: getStreamVolume packageName=com.google.android.googlequicksearchbox, index=11, streamType=5
07-04 15:28:54.878   918  1211 D APM_AudioPolicyManager: isOffloadSupported: disable offload for AP audio effects, return false.
07-04 15:28:54.878   938  1009 D DispPerfService: get hint proc=com.example.dogglers, idx=1 none
07-04 15:28:54.878   938  1009 I BufferQueueConsumer: [](id:3aa00003b0e,api:0,p:-1,c:938) connect(): controlledByApp=false
07-04 15:28:54.878   938  1009 I BufferQueue: [unnamed-938-15118](this:0xb400007427500258,id:15118,api:0,p:-1,c:-1) BufferQueue core=(938:/system/bin/surfaceflinger)
07-04 15:28:54.879  1130 18103 D OplusNuPlayer: [instantiateDecoder:L443] codeID A:15005 V:0 tryffmpeg A:0 V:0
07-04 15:28:54.880   918  1211 D APM_AudioPolicyManager: isOffloadSupported: disable offload for AP audio effects, return false.
07-04 15:28:54.880   938  1009 D DispPerfService: get hint proc=Surface(name=44bf6fc StatusBar), idx=1 none
07-04 15:28:54.880  1130 18138 D OplusUtils: [createCustomComponentByName:L158] NuPlayer IN msg:AMessage(what = 0x00000000) = {
07-04 15:28:54.880  1130 18138 D OplusUtils:   string mime = "audio/vorbis"
07-04 15:28:54.880  1130 18138 D OplusUtils:   int64_t durationUs = 186938
07-04 15:28:54.880  1130 18138 D OplusUtils:   Buffer csd-0 = {
07-04 15:28:54.880  1130 18138 D OplusUtils:     00000000:  01 76 6f 72 62 69 73 00  00 00 00 01 22 56 00 00  .vorbis....."V..
07-04 15:28:54.880  1130 18138 D OplusUtils:     00000010:  00 00 00 00 87 5f 01 00  00 00 00 00 a9 01        ....._........
07-04 15:28:54.880  1130 18138 D OplusUtils:   }
07-04 15:28:54.880  1130 18138 D OplusUtils:   Buffer *csd-1 = 0xef8a8110
07-04 15:28:54.880  1130 18138 D OplusUtils:   int32_t bitrate = 89991
07-04 15:28:54.880  1130 18138 D OplusUtils:   int32_t channel-count = 1
07-04 15:28:54.880  1130 18138 D OplusUtils:   int32_t sample-rate = 22050
07-04 15:28:54.880  1130 18138 D OplusUtils:   int32_t channel-mask = 1
07-04 15:28:54.880  1130 18138 D OplusUtils:   int32_t priority = 0
07-04 15:28:54.880  1130 18138 D OplusUtils:   int64_t feedbackKey = 9293938586005189
07-04 15:28:54.880  1130 18138 D OplusUtils: }
07-04 15:28:54.880   938  1009 D DispPerfService: get hint proc=Surface(name=1a0f092 NavigationBar0), idx=1 none
07-04 15:28:54.881  1548  2719 D Theia.NoFocusWindow: FocusWindowErrorScene cancelCheckFreezeScreen
07-04 15:28:54.882  1130 18139 D CCodec  : allocate(c2.android.vorbis.decoder)
07-04 15:28:54.882  1219 11206 V C2Store : in init
07-04 15:28:54.882  1219 11206 V C2Store : loading dll
07-04 15:28:54.884   938  1009 I BufferQueueProducer: [com.example.dogglers/androidx.test.core.app.InstrumentationActivityInvoker$EmptyActivity#0](id:3aa00003b0e,api:1,p:18070,c:938) connect(): api=1 producerControlledByApp=false
07-04 15:28:54.886  1130 18139 I CCodec  : Created component [c2.android.vorbis.decoder]
07-04 15:28:54.886  1130 18139 D CCodecConfig: read media type: audio/vorbis
07-04 15:28:54.886  1130 18139 D ReflectedParamUpdater: extent() != 1 for single value type: algo.buffers.max-count.values
07-04 15:28:54.886  1130 18139 D ReflectedParamUpdater: extent() != 1 for single value type: output.subscribed-indices.values
07-04 15:28:54.886  1130 18139 D ReflectedParamUpdater: extent() != 1 for single value type: input.buffers.allocator-ids.values
07-04 15:28:54.886  1130 18139 D ReflectedParamUpdater: extent() != 1 for single value type: output.buffers.allocator-ids.values
07-04 15:28:54.886  1130 18139 D ReflectedParamUpdater: extent() != 1 for single value type: algo.buffers.allocator-ids.values
07-04 15:28:54.886  1130 18139 D ReflectedParamUpdater: extent() != 1 for single value type: output.buffers.pool-ids.values
07-04 15:28:54.887  1130 18139 D ReflectedParamUpdater: extent() != 1 for single value type: algo.buffers.pool-ids.values
07-04 15:28:54.887  1130 18139 I CCodecConfig: query failed after returning 7 values (BAD_INDEX)
07-04 15:28:54.887  1130 18139 D CCodecConfig: c2 config diff is Dict {
07-04 15:28:54.887  1130 18139 D CCodecConfig:   c2::u32 coded.bitrate.value = 64000
07-04 15:28:54.887  1130 18139 D CCodecConfig:   c2::u32 input.buffers.max-size.value = 32768
07-04 15:28:54.887  1130 18139 D CCodecConfig:   c2::u32 input.delay.value = 0
07-04 15:28:54.887  1130 18139 D CCodecConfig:   string input.media-type.value = "audio/vorbis"
07-04 15:28:54.887  1130 18139 D CCodecConfig:   string output.media-type.value = "audio/raw"
07-04 15:28:54.887  1130 18139 D CCodecConfig:   c2::u32 raw.channel-count.value = 1
07-04 15:28:54.887  1130 18139 D CCodecConfig:   c2::u32 raw.sample-rate.value = 48000
07-04 15:28:54.887  1130 18139 D CCodecConfig: }
07-04 15:28:54.888  1130 18139 D CCodec  : [c2.android.vorbis.decoder] buffers are bound to CCodec for this session
07-04 15:28:54.888  1130 18139 D CCodecConfig: no c2 equivalents for durationUs
07-04 15:28:54.888  1130 18139 D CCodecConfig: no c2 equivalents for csd-1
07-04 15:28:54.888  1130 18139 D CCodecConfig: no c2 equivalents for channel-mask
07-04 15:28:54.888  1130 18139 D CCodecConfig: no c2 equivalents for feedbackKey
07-04 15:28:54.888  1130 18139 D CCodecConfig: no c2 equivalents for flags
07-04 15:28:54.888  1130 18139 D CCodecConfig: c2 config diff is   c2::u32 raw.sample-rate.value = 22050
07-04 15:28:54.888  1130 18139 W Codec2Client: query -- param skipped: index = 1107298332.
07-04 15:28:54.888  1130 18139 D CCodec  : setup formats input: AMessage(what = 0x00000000) = {
07-04 15:28:54.888  1130 18139 D CCodec  :   int32_t channel-count = 1
07-04 15:28:54.888  1130 18139 D CCodec  :   int32_t max-input-size = 32768
07-04 15:28:54.888  1130 18139 D CCodec  :   string mime = "audio/vorbis"
07-04 15:28:54.888  1130 18139 D CCodec  :   int32_t sample-rate = 22050
07-04 15:28:54.888  1130 18139 D CCodec  : } and output: AMessage(what = 0x00000000) = {
07-04 15:28:54.888  1130 18139 D CCodec  :   int32_t channel-count = 1
07-04 15:28:54.888  1130 18139 D CCodec  :   string mime = "audio/raw"
07-04 15:28:54.888  1130 18139 D CCodec  :   int32_t sample-rate = 22050
07-04 15:28:54.888  1130 18139 D CCodec  :   int32_t channel-mask = 1
07-04 15:28:54.888  1130 18139 D CCodec  : }
07-04 15:28:54.888  1130 18139 I MediaCodec: MediaCodec will operate in async mode
07-04 15:28:54.889  1130 18139 W Codec2Client: query -- param skipped: index = 1342179345.
07-04 15:28:54.889  1130 18139 W Codec2Client: query -- param skipped: index = 2415921170.
07-04 15:28:54.889  1130 18139 E FMQ     : grantorIdx must be less than 3
07-04 15:28:54.889  1130 18139 E FMQ     : grantorIdx must be less than 3
07-04 15:28:54.889  1130 18139 D CCodecBufferChannel: [c2.android.vorbis.decoder#495] Created input block pool with allocatorID 16 => poolID 491 - OK (0)
07-04 15:28:54.889  1219 15968 D BufferPoolAccessor2.0: Destruction - bufferpool2 0xb4000072f7825628 cached: 0/0M, 0/0% in use; allocs: 12, 67% recycled; transfers: 11, 64% unfetched
07-04 15:28:54.889  1130 21878 D BufferPoolAccessor2.0: Destruction - bufferpool2 0xea799398 cached: 0/0M, 0/0% in use; allocs: 19, 42% recycled; transfers: 28, 64% unfetched
07-04 15:28:54.889  1130 18139 I CCodecBufferChannel: [c2.android.vorbis.decoder#495] Created output block pool with allocatorID 16 => poolID 2710 - OK
07-04 15:28:54.889  1130 18139 D CCodecBufferChannel: [c2.android.vorbis.decoder#495] Configured output block pool ids 2710 => OK
07-04 15:28:54.890  1219 18140 D SimpleC2Component: Using output block pool with poolID 2710 => got 2710 - 0
07-04 15:28:54.890  1130 18139 E FMQ     : grantorIdx must be less than 3
07-04 15:28:54.893  1130 21878 E FMQ     : grantorIdx must be less than 3
07-04 15:28:54.896  1548  2719 I InputDispatcher: Window went away: com.example.dogglers/androidx.test.core.app.InstrumentationActivityInvoker$EmptyActivity#0
07-04 15:28:54.902   918  1211 V AudioPolicyIntefaceImpl: getOutput()
07-04 15:28:54.902   918  1211 V AudioPolicyIntefaceImpl: getOutput()
07-04 15:28:54.903  1130 18137 D AudioTrack: INSP: type=audio,case=1,set=0xea1c3880,stream_type=5,sample_rate=22050,format=0x1,channel_mask=0x1,frame_count=11280,flags=0x0,notification_frames=0,session_id=28017,transfer_type=0,uid=10120,pid=2144
07-04 15:28:54.903  1130 18137 D AudioTrack: INSP: type=audio,case=1,attributes=1,content_type=4,usage=5,source=-1,flags=0x800
07-04 15:28:54.903  1130 18137 D mediaserver: set() ro.oplus.audio.effect.type = dirac
07-04 15:28:54.903  1130 18137 D AudioTrack: set() streamType 5, sampleRate 22050, format 0x1, channelMask 0x1, frameCount 11280, flags #0, notificationFrames 0, sessionId 28017, transferType 0, uid 10120, pid 2144 cbf 0
07-04 15:28:54.903  1130 18137 D AudioTrack: gATLogLevel = 0
07-04 15:28:54.903  1130 18137 D AudioTrack: set(): Building AudioTrack with attributes: usage=5 content=4 flags=0x800 tags=[]
07-04 15:28:54.903   918  1211 V AudioPolicyIntefaceImpl: getOutputForAttr()
07-04 15:28:54.904   918  1211 D APM_AudioPolicyManager: getOutputForDevices session 28017 stream 5 flags 0
07-04 15:28:54.904   918  1211 D OplusAudioVoiceScence: addOutputMtkAudioScence sample_rate=22050, is_voice_scence_enable(1)
07-04 15:28:54.904   918  1211 D voice_scence_discern: add name:sample_rate,  value:22050
07-04 15:28:54.904   918  1211 V voice_scence_discern: add name:sample_rate value:22050 list:0xb400007e9d04b6a0
07-04 15:28:54.904   918  1211 D voice_scence_discern: add name:channels,  value:1
07-04 15:28:54.904   918  1211 V voice_scence_discern: add name:channels value:1 list:0xb400007e9d04b6a0
07-04 15:28:54.904   918  1211 D AudioFlinger: getClientPidBeforeStarted Track is created by MediaPlayer
07-04 15:28:54.904   918  1211 E MMListParser: getProcessNameByPid bad param
07-04 15:28:54.904   918  1211 D voice_scence_discern: can not get the process name pid:-1.
07-04 15:28:54.904   918  1211 D OplusAudioVoiceScence: scenceState=0, callingPid=-1
07-04 15:28:54.904   938  1009 D DispPerfService: onframeavailable pid=18070, slot=0, seq=63896, name=com.example.dogglers:com.example.dogglers/androidx.test.core.app.InstrumentationActivityInvoker$EmptyActivity#0
07-04 15:28:54.905   918  1211 D APM_AudioPolicyManager: [MTK_APM_Output]getOutputForAttr() returns output 13 requestedPortId 0 selectedDeviceId 3 for port ID 5555, sample_rate 22050, format 1, channel_mask 1, flags 0 stream 5
07-04 15:28:54.905   918  1190 V GameAudioEffects: outputSelected a new track request output with porId(5555), session(28017), uid(10120) stream(5) flags(0x0)
07-04 15:28:54.905   918  1211 D AudioFlinger_Threads: createTrack_l output 13  latencyMs 42 mNormalFrameCount 1024 mSampleRate 48000
07-04 15:28:54.905   918  1211 D AudioFlinger_Threads: createTrack_l output 13 minFrameCount 948 frameCount 11280
07-04 15:28:54.905   918  1211 D AudioFlinger_Threads: Client defaulted notificationFrames to 3760 for frameCount 11280
07-04 15:28:54.905   918  1211 D AudioFlinger_Threads: createTrack_l output 13 final frameCount 11280 for track session 28017 , mFrameCount 1024, mNormalFrameCount 1024, notificationFrameCount 3760
07-04 15:28:54.905   918  1211 D AF::Track: Track, track(0xb400007e9d094800): mFastIndex -1, mStreamType 5, mId 3884, mFrameCount 11280, mSampleRate 22050, mFormat 1, mChannelCount 1, mTrackCount 3829, thread 0xb400007eadb12080, sessionId 28017, AudioOut_D, primary-2
07-04 15:28:54.906   918  1211 D AF::TrackHandle: OpPlayAudio: track:3884 usage:5 not muted
07-04 15:28:54.908  1130 18137 D AudioTrack: createTrack_l(5555): 0xea1c3880, mCblk = 0xe5600000, mLatency = 553, mAfLatency = 42, frameCount = 11280, mSampleRate = 22050, mFlags = 0, mReqFrameCount = 11280, mNotificationFramesAct = 3760
07-04 15:28:54.908  1548  1583 I ActivityTaskManager: Displayed com.example.dogglers/androidx.test.core.app.InstrumentationActivityInvoker$EmptyActivity: +73ms
07-04 15:28:54.908  1130 18137 D AudioTrack: gATLogLevel = 0
07-04 15:28:54.908  1130 18137 D AudioTrack: setVolume(5555): 0xea1c3880, left = 1.000000, right = 1.000000
07-04 15:28:54.908  1130 18137 D AudioTrack: setVolume(5555): 0xea1c3880, left = 1.000000, right = 1.000000
07-04 15:28:54.908  1130 18137 D AudioTrack: start(5555): prior state:STATE_STOPPED output 13 stream 5 session 28017
07-04 15:28:54.909   918  1211 D AudioSystem: +setParameters(): RingTrack=1
07-04 15:28:54.909   877  1927 D AudioALSAHardware: +setParameters(): RingTrack=1
07-04 15:28:54.909   877  1927 D AudioALSAHardware: =====>GetInstance()->MMI_Auto_Test
07-04 15:28:54.909   877  1927 D audio_engineer_test: do_audio_test_process Enter all_test[0]:NoneTest in_call:false
07-04 15:28:54.909   877  1927 D VIBRATOR_RING_SYNC: VIBRATE
07-04 15:28:54.909   877  1927 E VIBRATOR_RING_SYNC: WROTE
07-04 15:28:54.909   877  1927 D VIBRATOR_RING_SYNC: VIBRATE done!.
07-04 15:28:54.909   877  1927 D AudioALSAHardware: -setParameters(): RingTrack=1
07-04 15:28:54.910   918  1211 V AudioPolicyIntefaceImpl: startOutputSamplerate(), portId = 5555, samplerate = 22050
07-04 15:28:54.910   918  1211 D AudioPolicyManagerCustomImpl: hifiAudio_startOutputSamplerate() +output = 5555  +samplerate = 22050 mPrimaryOutput = 13 HifiState = 1 stream 5, session 28017
07-04 15:28:54.910   918  1211 D AudioPolicyManagerCustomImpl: getMaxTrackSampleRate 48000
07-04 15:28:54.910   918  1211 D APM_AudioPolicyManager: startOutput portId 5555
07-04 15:28:54.910   918  1211 D APM_AudioPolicyManager: startOutput() output 13, stream 5, session 28017
07-04 15:28:54.910   918  1211 V GameAudioEffects: outputStarted  portId(5555)
07-04 15:28:54.910   918  1211 D APM_AudioPolicyManager: setOutputDevice() output 13 device ** force 1 delayMs 0
07-04 15:28:54.911  1151 10186 D OplusAudioState: updateAudioState eventId:7
07-04 15:28:54.912 22357 22357 V PhoneWindow: DecorView setVisiblity: visibility = 8, Parent = android.view.ViewRootImpl@24657c1, this = DecorView@6f65b66[InputMethod]
07-04 15:28:54.912   918  1188 D AudioFlinger_Threads: updateOutDevices and get record thread mlock
07-04 15:28:54.912   918  1188 D AudioFlinger_Threads: -updateOutDevices and release record thread mlock
07-04 15:28:54.913   877  1927 D AudioALSAHardware: +createAudioPatch() num_sources [1] , num_sinks [1], handle [0xa44], current mAudioHalPatchVector size 5
07-04 15:28:54.913   877  1927 D AudioALSAHardware: createAudioPatch() createAudioPatch Mixer->0x00000002, handle 2628
07-04 15:28:54.913   877  1927 D AudioALSAStreamManager: +setParameters(), IOport = 13, keyValuePairs = routing=2
07-04 15:28:54.913   877  1927 D AudioALSAStreamManager: setParameters(), Send to mStreamOutVector[0], flag 2
07-04 15:28:54.913   877  1927 D AudioALSAStreamOut: updatePolicyDevice(), flag: 0x2, device: 0x2
07-04 15:28:54.913   877  1927 D AudioALSAStreamOut: updatePolicyDevice(), flag: 0x8, device: 0x2
07-04 15:28:54.913   877  1927 D AudioALSAStreamOut: updatePolicyDevice(), flag: 0x4, device: 0x2
07-04 15:28:54.913   877  1927 D AudioALSAStreamOut: updatePolicyDevice(), flag: 0x8000, device: 0x2
07-04 15:28:54.913   877  1927 D AudioALSAStreamOut: updatePolicyDevice(), flag: 0x10000, device: 0x2
07-04 15:28:54.913   877  1927 W AudioALSAStreamManager: routingOutputDevice(), flag: 0x2, output_devices == current_output_devices(0x00000002), return
07-04 15:28:54.913   877  1927 D AudioIEMsController: routing(+), cur out 0x0 in 0x0, hs 0, bt 0, usb 0, device 0x2, mask 0x1, on 0
07-04 15:28:54.913   877  1927 D AudioIEMsController: routing(-), cur out 0x0 in 0x0
07-04 15:28:54.913  1548  4490 I system_server: oneway function results will be dropped but finished with status OK and parcel size 4
07-04 15:28:54.913   877  1927 D AudioALSAStreamOut: +paMuteSetParameters(): flag 2, routing=2
07-04 15:28:54.913   877  1927 D AudioALSAHardware: createAudioPatch() new handle [0xa45] current mAudioHalPatchVector size 5
07-04 15:28:54.913   877  1927 D AudioALSAHardware: -createAudioPatch() num_sources [1] , num_sinks [1], handle [0xa45]
07-04 15:28:54.913  1548  4490 I system_server: oneway function results will be dropped but finished with status OK and parcel size 4
07-04 15:28:54.914   918  1211 W APM::AudioPolicyEngine/ProductStrategy: getVolumeGroupForStreamType: no volume group for AUDIO_STREAM_DEFAULT, using default
07-04 15:28:54.915   918  1211 I chatty  : uid=1041(audioserver) Binder:918_2 identical 8 lines
07-04 15:28:54.915   918  1211 W APM::AudioPolicyEngine/ProductStrategy: getVolumeGroupForStreamType: no volume group for AUDIO_STREAM_DEFAULT, using default
07-04 15:28:54.915   918  1211 D AudioFlinger_Threads: add track_l: stream(5), fast(0), device(AUDIO_DEVICE_OUT_SPEAKER), isOutputDeepBuffer(0) isVoicePlayback(0)
07-04 15:28:54.915  1548  1872 I OplusWifiSarManager: Received action: android.media.ACTION_AUDIO_DEVICE_ROUTE_CHANGED
07-04 15:28:54.916  1548  1872 I OplusWifiSarManager: onAudioDeviceRouteStateChanged: 2
07-04 15:28:54.916   877  8534 D AudioALSAStreamManager: +syncSharedOutDevice(), originDevice/routingSharedOutDevice: 0x2/0x2, mAudioMode: 0
07-04 15:28:54.916  1548  1872 D OplusWifiSarManager: set wifi_dbs_enable to false
07-04 15:28:54.916  1548  1872 D OplusWifiSarManager: wifiBand mWifi2gState:true mWifi5gState: false mWifi5gBand:WIFI_5G_DISABLE
07-04 15:28:54.916  1548  1872 I OplusWifiSarManager: sar sensor state:
07-04 15:28:54.916   877  8534 D AudioIEMsController: routing(+), cur out 0x0 in 0x0, hs 0, bt 0, usb 0, device 0x2, mask 0x1, on 0
07-04 15:28:54.916  1548  1872 I OplusWifiSarManager: sensor index: 0, state: NEAR
07-04 15:28:54.916   877  8534 D AudioIEMsController: routing(-), cur out 0x0 in 0x0
07-04 15:28:54.916   877  8534 D AudioMTKGainController: setNormalVolume(), mSceneIndex = 0, stream 5, devices 0x2, index 11, mode 0x0
07-04 15:28:54.916   877  8534 D AudioMTKGainController: setNormalVolume(), mSceneIndex = 0, stream 5, devices 0x2, index 11, mode 0x0, gainDevice 0x2
07-04 15:28:54.916   877  8534 D AudioALSAStreamOut: open(), flags 2
07-04 15:28:54.916   877  8534 D AudioALSAStreamOut: open() checkCardClose 0
07-04 15:28:54.916  1548  1872 I OplusWifiSarManager: sensor index: 1, state: NEAR
07-04 15:28:54.916   877  8534 D audio_engineer_test: disable_force_test: disable=0 force_test_dis=0 stream_open_count=0
07-04 15:28:54.916  1548  1872 I OplusWifiSarManager: sensor index: 2, state: NEAR
07-04 15:28:54.916  1548  1872 I OplusWifiSarManager: sensor index: 3, state: NEAR
07-04 15:28:54.916  1548  1872 I OplusWifiSarManager: sensor index: 4, state: NEAR
07-04 15:28:54.916  1548  1872 I OplusWifiSarManager: sensor index: 5, state: NEAR
07-04 15:28:54.916   877  8534 D AudioALSAStreamManager: +createPlaybackHandler(), mAudioMode = 0, output_devices = 0x2, isMixerOut = 0, isBypassAurisys = 0, flag = 2, isIEMsSource = 0, isIEMsOn = 0
07-04 15:28:54.916  1548  1872 I OplusWifiSarManager: sensor index: 6, state: NEAR
07-04 15:28:54.916   877  8534 D AudioALSAStreamManager: needEnableVoip(), output_devices = 0x2, flags: 0x2, mAvailableOutputFlags: 0x1c00f, enable: 0
07-04 15:28:54.916   877  8534 D AudioSpeechEnhanceInfo: IsAPDMNRTuningEnable(), 0
07-04 15:28:54.916  1548  1872 I OplusWifiSarManager: sensor index: 7, state: NEAR
07-04 15:28:54.916  1548  1872 I OplusWifiSarManager: sensor index: 8, state: NEAR
07-04 15:28:54.916  1548  1872 I OplusWifiSarManager: sensor index: 9, state: NEAR
07-04 15:28:54.916  1548  1872 I OplusWifiSarManager: sensor index: 10, state: NEAR
07-04 15:28:54.916  1548  1872 I OplusWifiSarManager: sensor index: 11, state: NEAR
07-04 15:28:54.916   877  8534 D AudioDspStreamManager: getDspOutHandlerEnable flag = 2 ret = 5 device = 2 device_support = 2 retval = 1
07-04 15:28:54.916  1548  1872 I OplusWifiSarManager: sensor index: 12, state: NEAR
07-04 15:28:54.916   877  8534 D AudioALSAPlaybackHandlerDsp: AudioALSAPlaybackHandlerDsp() mPlaybackHandlerType = 0
07-04 15:28:54.916   877  8534 D AudioALSAStreamOut: open() checkCardClose 1
07-04 15:28:54.916   877  8534 D audio_engineer_test: disable_force_test: disable=1 force_test_dis=0 stream_open_count=0
07-04 15:28:54.916   877  8534 D AudioALSADeviceParser: compare pcm success = 62, stringpair = DSP_Playback_Primary
07-04 15:28:54.916   877  8534 D AudioALSAPlaybackHandlerDsp: chooseTargetSampleRate() hifi_enable = 1 device_support_hifi = 0, PrimarySampleRate = 48000
07-04 15:28:54.916  1548  2719 I system_server: oneway function results will be dropped but finished with status OK and parcel size 4
07-04 15:28:54.916   877  8534 D AudioALSAPlaybackHandlerBase: transferAudioFormatToPcmFormat(), audio_format(0x3) => pcm_format(0x1)
07-04 15:28:54.916   877  8534 D AudioALSAPlaybackHandlerDsp: open(), flag 2, mDevice = 0x2, mConfig: channels = 2, rate = 48000, period_size = 512, period_count = 4, format = 1 avail_min = 0
07-04 15:28:54.916   877  8534 D audio_messenger_ipi: audio_ipi_dma_cbk_register(), task 7, sz 32768/69632, cbk 0xf001eab4, arg 0xe8685700
07-04 15:28:54.917   877  8534 D aurisys_utility: input dev: 0x80000080, fmt = 0x3, fs: 48000, max fs: 48000, ch: 2, max ch: 3, ch maks: 0x3, hw_info_mask: 0x0; output dev: 0x2, fmt = 0x3, fs: 48000, max fs: 48000, ch: 2, max ch: 2, ch maks: 0x3, hw_info_mask: 0xc; task_scene: 7, audio_mode: 0, stream_type: 5, output_flags: 0x2, input_source: 0, input_flags: 0x2; network_info: 0, enhancement_feature_mask: 0x0
07-04 15:28:54.917   877  8534 D AudioALSAHardware: UpdateScenceToDsp(), mInputScence = 0, mOutputScence = 0, attribute_out->sample_rate = 48000
07-04 15:28:54.917   877  8534 D AudioALSAHardware: UpdateMultiRecordScenceToDsp(), mInputScence = 0, mOutputScence = 0
07-04 15:28:54.917   877  8534 D AudioALSAHardware: UpdateVoicePlaybackScenceToDsp(), OutputGetScence = 0  , isModeInVoipCall = 0 , isModeInPhoneCall = 0
07-04 15:28:54.917   877  8534 D oplus_audio_config: oplus_get_config(),unkonw config
07-04 15:28:54.917   877  8534 D oplus_audio_config: oplus_is_config_support(),param null
07-04 15:28:54.917   877  8534 D aurisys_utility: lib, working fs: 48000, fmt: 0x3, frame = 0, b_interleave = 1, num_ul_ref_buf_array = 0, num_dl_ref_buf_array = 0
07-04 15:28:54.917   877  8534 D aurisys_utility: dl in[type:2], ch: 2, ch_mask: 0x3, buf fs: 48000, buf content fs: 48000, fmt: 0x3; dl out[type:3], ch: 2, ch_mask: 0x3, buf fs: 48000, buf content fs: 48000, fmt: 0x3
07-04 15:28:54.917  1548  1945 I mtkpower_client: perf_lock_rel, hdl:269968, tid:1945
07-04 15:28:54.917   877  8534 D aurisys_lib_handler: aurisys_arsi_parsing_param_file(), gProductInfo "platform=MT6893,device=OP515BL1,model=DN2103", file_path "/vendor/etc/audio_param", enhancement_mode 0, param_buf_size 128, data_size 128, custom_info SetAudioCustomScene=
07-04 15:28:54.917   877  8534 D audio_messenger_ipi: hal send, task: 7, msg_id: 0x15, ack_type: 1, p1: 0x2bc, p2: 0x0, dma sz: 0, idx: 0, hal sz: 700
07-04 15:28:54.917  1548  1945 I mtkpower_client: perf_lock_acq, hdl:269968, dur:0, num:16, tid:1945
07-04 15:28:54.918   938   938 D OplusExLayer: ~Layer() sequence=63890, name=Surface(name=44bf6fc StatusBar)/@0x6e28e63 - animation-leash#0
07-04 15:28:54.918   938   938 D OplusExLayer: ~Layer() sequence=63891, name=Surface(name=1a0f092 NavigationBar0)/@0x96afa60 - animation-leash#0
07-04 15:28:54.918  1548  4490 I InputDispatcher: Focus entered window: Window{7510d5 u0 com.example.dogglers/androidx.test.core.app.InstrumentationActivityInvoker$EmptyActivity} in display 0
07-04 15:28:54.919  1548  1872 I OplusWifiSarManager: sensor index: 13, state: NEAR
07-04 15:28:54.919  1548  1872 I OplusWifiSarManager: sensor index: 14, state: NEAR
07-04 15:28:54.919  1548  1872 I OplusWifiSarManager: sensor index: 15, state: NEAR
07-04 15:28:54.919  1548  1872 I OplusWifiSarManager: project: 20831, country: FI
07-04 15:28:54.919 18070 18070 D LifecycleMonitor: Lifecycle status change: com.example.dogglers.GridListActivity@fd7059b in: STOPPED
07-04 15:28:54.919  1548  1872 I OplusWifiSarManager: sensor state: earpiece: 2, sensor: null, isScreenOn: true
07-04 15:28:54.919  1548  1872 I OplusWifiSarManager: modem state: mCellOn: false mDataOn: false mData5gOn: false
07-04 15:28:54.919  1548  1872 I OplusWifiSarManager: wifi state: mWifiConnected: true mWifiSapEnabled: false mWifiP2pConnected: false mWifi2gState: true mWifi5gState: false mWifi5gBand: WIFI_5G_DISABLE
07-04 15:28:54.919   938  1532 D DispPerfService: get hint proc=ActivityRecord{acac466 u0 com.example.dogglers, idx=1 none
07-04 15:28:54.919 18070 18070 V ActivityScenario: Update currentActivityStage to STOPPED, currentActivity=com.example.dogglers.GridListActivity@fd7059b
07-04 15:28:54.919  1548  1872 I OplusWifiSarManager: wifisar engineerMode state: enable: false, Regdomain: , modemWorkType(2:4G, 3:5G): -1, sensorWorkType: -1, wifiChannel2.4G: -1, wifiChannel5G: -1
07-04 15:28:54.919  1548  1872 I OplusWifiSarManager: sensor index: 8, max: 11
07-04 15:28:54.919  1548  1872 I OplusWifiSarManager: sensor index: 8, sensor chain: 0, mLastSarSensorState: NEAR
07-04 15:28:54.919  1548  1872 I OplusWifiSarManager: sensor index: 9, sensor chain: 1, mLastSarSensorState: NEAR
07-04 15:28:54.919  1548  1872 I OplusWifiSarManager: sensor index: 10, sensor chain: 2, mLastSarSensorState: NEAR
07-04 15:28:54.919  1548  1872 D OplusWifiSarManager: is countrylist Country FI
07-04 15:28:54.919  1548  1872 D OplusWifiSarManager:  stateindex: 1858 mLastWifiSar: 1858
07-04 15:28:54.919  1548  1872 I OplusWifiSarManager: no change: 1858
07-04 15:28:54.919   904   924 I mtkpower@impl: [check_work_req] i:0, msg:1 hdl:269968, wait
07-04 15:28:54.920   904   971 I libPowerHal: [perfLockRel] hdl:269968, idx:0
07-04 15:28:54.920   904   971 I libPowerHal: [PD] scn:0 hdl:269968 lock_user:system_server pid:1548 tid:1945 dur:0
07-04 15:28:54.920   904   925 I mtkpower@impl: [setMode] type:5, enabled:1
07-04 15:28:54.920   904   971 I libPowerHal: system_server: cpu_ctrl set cpu freq: -1 -1 -1 -1 -1 -1
07-04 15:28:54.920 18070 18070 V PhoneWindow: DecorView setVisiblity: visibility = 4, Parent = android.view.ViewRootImpl@66810f3, this = DecorView@e6b71b0[GridListActivity]
07-04 15:28:54.920   904   971 I libPowerHal: [PD] system_server update cmd:2020000=>1, 1410000=>0, 1c3c000=>1, 2004100=>0,
07-04 15:28:54.921   877  8534 D AudioALSAPlaybackHandlerBase: openPcmDriverWithFlag(), pcm device = 62 flag = 0x8 mPcm = 0xe620e2a0
07-04 15:28:54.921   877  8534 D AudioDspStreamManager: dataPassToCodec output_devices = 0x2 mAudioOutputFlags = 2 devicecount = 1 ret = 1
07-04 15:28:54.921   877  8534 D AudioDspStreamManager: dataPasstoDspAfe output_devices = 0x2 Flags = 2 isUseAdspPlaybackTask = 1 ret = 1
07-04 15:28:54.921   877  8534 D AudioDspStreamManager: needOpenPlaybackTask ret = 1 mDspStreamState = 0 dspstartflag = 1
07-04 15:28:54.921   877  8534 D AudioDspStreamManager: setDspRuntimeEn(), task_scene = 9, condition = 1
07-04 15:28:54.921   877  8534 D AudioDspStreamManager: setDspRefRuntimeEn(), task_scene = 9, condition = 1
07-04 15:28:54.921   877  8534 D audio_messenger_ipi: audio_ipi_dma_cbk_register(), task 9, sz 32768/65536, cbk 0xf001eab4, arg 0xe8685700
07-04 15:28:54.921 18070 18070 D LifecycleMonitor: Lifecycle status change: com.example.dogglers.GridListActivity@fd7059b in: DESTROYED
07-04 15:28:54.921   877  8534 D AudioALSADeviceParser: compare pcm success = 64, stringpair = DSP_Playback_Playback
07-04 15:28:54.921   877  8534 D AudioALSADeviceParser: compare pcm success = 15, stringpair = Capture_6
07-04 15:28:54.921   877  8534 D AudioALSADeviceParser: compare pcm success = 13, stringpair = Capture_4
07-04 15:28:54.921   877  8534 D AudioALSADeviceParser: compare pcm success = 4, stringpair = Playback_4
07-04 15:28:54.921   877  8534 D aurisys_utility: input dev: 0x0, fmt = 0x4, fs: 48000, max fs: 48000, ch: 2, max ch: 3, ch maks: 0xc, hw_info_mask: 0x0; output dev: 0x2, fmt = 0x4, fs: 48000, max fs: 48000, ch: 2, max ch: 2, ch maks: 0xc, hw_info_mask: 0xc; task_scene: 9, audio_mode: 0, stream_type: 5, output_flags: 0x800, input_source: 0, input_flags: 0x800; network_info: 0, enhancement_feature_mask: 0x0
07-04 15:28:54.921   877  8534 D AudioALSAHardware: UpdateScenceToDsp(), mInputScence = 0, mOutputScence = 0, attribute_out->sample_rate = 48000
07-04 15:28:54.921   877  8534 D AudioALSAHardware: UpdateMultiRecordScenceToDsp(), mInputScence = 0, mOutputScence = 0
07-04 15:28:54.921   877  8534 D AudioALSAHardware: UpdateVoicePlaybackScenceToDsp(), OutputGetScence = 0  , isModeInVoipCall = 0 , isModeInPhoneCall = 0
07-04 15:28:54.921   877  8534 D oplus_audio_config: oplus_get_config(),unkonw config
07-04 15:28:54.921   877  8534 D oplus_audio_config: oplus_is_config_support(),param null
07-04 15:28:54.921   877  8534 D aurisys_utility: lib, working fs: 48000, fmt: 0x4, frame = 0, b_interleave = 1, num_ul_ref_buf_array = 0, num_dl_ref_buf_array = 1
07-04 15:28:54.921   877  8534 D aurisys_utility: dl in[type:2], ch: 2, ch_mask: 0x3, buf fs: 48000, buf content fs: 48000, fmt: 0x4; dl out[type:3], ch: 2, ch_mask: 0x3, buf fs: 48000, buf content fs: 48000, fmt: 0x4
07-04 15:28:54.921   877  8534 D aurisys_utility: dl ref[type:5], ch: 2, ch_mask: 0x3, buf fs: 48000, buf content fs: 48000, fmt: 0x3
07-04 15:28:54.921   877  8534 D aurisys_lib_handler: aurisys_arsi_parsing_param_file(), gProductInfo "platform=MT6893,device=OP515BL1,model=DN2103", file_path "/odm/etc/audio/smartpa_param/", enhancement_mode 0, param_buf_size 2656, data_size 2656, custom_info SetAudioCustomScene=
07-04 15:28:54.921 18070 18070 V ActivityScenario: Update currentActivityStage to DESTROYED, currentActivity=null
07-04 15:28:54.921   877  8534 D audio_messenger_ipi: hal send, task: 9, msg_id: 0x15, ack_type: 1, p1: 0xc9c, p2: 0x0, dma sz: 0, idx: 0, hal sz: 3228
07-04 15:28:54.922  1548  1945 I mtkpower_client: ret_hdl:269969
07-04 15:28:54.922   904   971 E libPowerHal: input parameter exceed reasonable range 2020000 -1 15 0
07-04 15:28:54.922   904   971 I libPowerHal: [perfLockAcq] idx:0 hdl:269969 hint:-1 pid:1548 duration:0 => ret_hdl:269969
07-04 15:28:54.922   904   971 I libPowerHal: [PE] scn:0 hdl:269969 lock_user:system_server pid:1548 tid:1945 dur:0
07-04 15:28:54.922   904   971 I libPowerHal: system_server: cpu_ctrl set cpu freq: 2000000 -1 2200000 -1 2284000 -1
07-04 15:28:54.922  1548  1945 I mtkpower_client: perf_lock_rel, hdl:269969, tid:1945
07-04 15:28:54.922  1548  1945 I mtkpower_client: perf_lock_acq, hdl:269969, dur:0, num:16, tid:1945
07-04 15:28:54.922   904   971 I libPowerHal: [PE] system_server update cmd:2020000=>0, 1410000=>2, 1c3c000=>0, 2004100=>0,
07-04 15:28:54.923   904   924 I mtkpower@impl: [check_work_req] i:0, msg:1 hdl:269969, wait
07-04 15:28:54.923   904   971 I libPowerHal: [perfLockRel] hdl:269969, idx:0
07-04 15:28:54.923   904   971 I libPowerHal: [PD] scn:0 hdl:269969 lock_user:system_server pid:1548 tid:1945 dur:0
07-04 15:28:54.923   877  8534 D AudioDspStreamManager: openPlaybackTask: playbackhandler flags: 0x2
07-04 15:28:54.923   904   971 I libPowerHal: system_server: cpu_ctrl set cpu freq: -1 -1 -1 -1 -1 -1
07-04 15:28:54.923   877  8534 D AudioALSADeviceConfigManager: ApplyDeviceTurnonSequenceByName() DeviceName = TINYCONN_I2S0_TO_CAPTURE4 descriptor->DeviceStatusCounte = 0
07-04 15:28:54.923   877  8534 D AudioALSADeviceConfigManager: ApplyDeviceTurnonSequenceByName() DeviceName = PLAYBACK4_TO_I2S3 descriptor->DeviceStatusCounte = 0
07-04 15:28:54.924   877  8534 D AudioALSADeviceConfigManager: ApplyDeviceTurnonSequenceByName() DeviceName = SPK_OUT_DEVICE_CTRL_PRE_PMU descriptor->DeviceStatusCounte = 0
07-04 15:28:54.924   938  1532 I BufferQueueProducer: [com.example.dogglers/com.example.dogglers.GridListActivity#0](id:3aa00003b0d,api:1,p:18070,c:938) disconnect(): api=1
07-04 15:28:54.924   877  8534 D AudioDspStreamManager: openPlaybackTask(), mPlaybackDlConfig: channels = 2, rate = 48000, period_size = 512, period_count = 4, format = 3, mPlaybackIVConfig: channels = 2, rate = 48000, period_size = 512, period_count = 4, format = 1, mPlaybackUlConfig: channels = 2, rate = 48000, period_size = 512, period_count = 4, format = 3, mDspConfig: channels = 2, rate = 48000, period_size = 512, period_count = 4, format = 3
07-04 15:28:54.924   904   971 I libPowerHal: [PD] system_server update cmd:2020000=>1, 1410000=>0, 1c3c000=>1, 2004100=>0,
07-04 15:28:54.924 18070 18070 D View    : [Warning] assignParent to null: this = DecorView@e6b71b0[GridListActivity]
07-04 15:28:54.925  1548  1945 I mtkpower_client: ret_hdl:269970
07-04 15:28:54.925   904   971 E libPowerHal: input parameter exceed reasonable range 2020000 -1 15 0
07-04 15:28:54.925   904   971 I libPowerHal: [perfLockAcq] idx:0 hdl:269970 hint:-1 pid:1548 duration:0 => ret_hdl:269970
07-04 15:28:54.925   904   971 I libPowerHal: [PE] scn:0 hdl:269970 lock_user:system_server pid:1548 tid:1945 dur:0
07-04 15:28:54.925   904   971 I libPowerHal: system_server: cpu_ctrl set cpu freq: 2000000 -1 2200000 -1 2284000 -1
07-04 15:28:54.926  1130 18139 D CCodecBufferChannel: [c2.android.vorbis.decoder#495] buffers after EOS ignored (0 us)
07-04 15:28:54.926   904   971 I libPowerHal: [PE] system_server update cmd:2020000=>0, 1410000=>2, 1c3c000=>0, 2004100=>0,
07-04 15:28:54.926  1130 18139 D CCodecBufferChannel: [c2.android.vorbis.decoder#495] buffers after EOS ignored (0 us)
07-04 15:28:54.927  1130 18139 D CCodecBufferChannel: [c2.android.vorbis.decoder#495] buffers after EOS ignored (0 us)
07-04 15:28:54.927  1130 18137 D AudioTrack: stop(5555): prior state:STATE_ACTIVE output 13 stream 5 session 28017
07-04 15:28:54.927  1130 18137 D AudioTrack: stop(5555): called with 4122 frames delivered
07-04 15:28:54.927  1130 18137 D AudioTrack: stop(5555): 0xea1c3880 stop done
07-04 15:28:54.927   938  1532 D DispPerfService: get hint proc=Surface(name=2e3c86d InputMethod), idx=1 none
07-04 15:28:54.929   938   938 I BufferQueueConsumer: [com.example.dogglers/com.example.dogglers.GridListActivity#0](id:3aa00003b0d,api:0,p:-1,c:938) disconnect()
07-04 15:28:54.929   938   938 I BufferQueue: [com.example.dogglers/com.example.dogglers.GridListActivity#0](this:0xb4000073a6093658,id:15117,api:1,p:-1,c:-1) onDestructor()
07-04 15:28:54.929   938   938 D OplusExLayer: ~Layer() sequence=63889, name=com.example.dogglers/com.example.dogglers.GridListActivity#0
07-04 15:28:54.930  1548  2340 I InputDispatcher: Window went away: com.example.dogglers/com.example.dogglers.GridListActivity#0
07-04 15:28:54.930 18070 18070 I InputTransport: Destroy ARC handle: 0xb400007e8b137a60
07-04 15:28:54.930 22357 22357 V PhoneWindow: DecorView setVisiblity: visibility = 8, Parent = android.view.ViewRootImpl@24657c1, this = DecorView@6f65b66[InputMethod]
07-04 15:28:54.931  1186  1320 I OriginChannel: wise light debug, data[0].type is 65627,data[0].sensor is 91:[1247.000000,,80.000000,,42.000000,0.000000,447430913068294]
07-04 15:28:54.931  1184  1184 E DisplayPanelInterface: GetDisplayPanelOBrightness [oplus_brightness]= [834]
07-04 15:28:54.932  1184  1184 E DisplayPanelInterface: GetDisplayPanelOBrightness [oplus_brightness]= [834]
07-04 15:28:54.934 18070 18070 D LifecycleMonitor: Lifecycle status change: androidx.test.core.app.InstrumentationActivityInvoker$EmptyActivity@aad5de8 in: PAUSED
07-04 15:28:54.935 18070 18070 V ActivityScenario: Activity lifecycle changed event received but ignored because the intent does not match. startActivityIntent=Intent { act=android.intent.action.MAIN cat=[android.intent.category.LAUNCHER] cmp=com.example.dogglers/.GridListActivity }, activity.getIntent()=Intent { act=android.intent.action.MAIN cat=[android.intent.category.LAUNCHER] flg=0x10000000 cmp=com.example.dogglers/androidx.test.core.app.InstrumentationActivityInvoker$EmptyActivity mCallingUid=10305 }, activity=androidx.test.core.app.InstrumentationActivityInvoker$EmptyActivity@aad5de8
07-04 15:28:54.935 13020 16275 I FontLog : Received query Noto Color Emoji Compat, URI content://com.google.android.gms.fonts [CONTEXT service_id=132 ]
07-04 15:28:54.935 13020 16275 I FontLog : Query [emojicompat-emoji-font] resolved to {Noto Color Emoji Compat, wdth 100.0, wght 400, ital 0.0, bestEffort false} [CONTEXT service_id=132 ]
07-04 15:28:54.936 13020 16275 I FontLog : Fetch {Noto Color Emoji Compat, wdth 100.0, wght 400, ital 0.0, bestEffort false} end status Status{statusCode=SUCCESS, resolution=null} [CONTEXT service_id=132 ]
07-04 15:28:54.937  1548  4490 I InputDispatcher: setFocusedApplication displayId=0 <invalid>
07-04 15:28:54.937   904   971 I libPowerHal: Act_Match:0, Common_index:-1
07-04 15:28:54.937  1548  4490 D Theia.NoFocusWindow: FocusWindowErrorScene CheckFreezeScreen
07-04 15:28:54.939   904   971 I libPowerHal: [perfNotifyAppState][PD] ,
07-04 15:28:54.940   938   938 D OplusExLayer: ~Layer() sequence=63887, name=ActivityRecord{dbcf0f8 u0 com.example.dogglers/.GridListActivity#0
07-04 15:28:54.940   938   938 D OplusExLayer: ~Layer() sequence=63888, name=7d89ce8 com.example.dogglers/com.example.dogglers.GridListActivity#0
07-04 15:28:54.940  1548  4490 D InputMethodManagerService: isSecurity: attribute.packageName=com.example.dogglers mCurMethodId=com.google.android.inputmethod.latin/com.android.inputmethod.latin.LatinIME
07-04 15:28:54.940  1548  4490 D InputMethodManagerService: isSecurity= false (  enable=false needShow=false inBlackList=false isExist=false )
07-04 15:28:54.941  1548  4490 D InputMethodManagerService: isSecurity: attribute.packageName=com.example.dogglers mCurMethodId=com.google.android.inputmethod.latin/com.android.inputmethod.latin.LatinIME
07-04 15:28:54.941  1548  4490 D InputMethodManagerService: isSecurity= false (  enable=false needShow=false inBlackList=false isExist=false )
07-04 15:28:54.941  1548  4490 D InputMethodManagerService: startInputOrWindowGainedFocus:  reset Secure =false
07-04 15:28:54.942   918  1331 D AudioPolicyService: updateUidStates_l() current->uid=10146 current->pid=4431 allowCapture=1 UidState=5 apmStat=1
07-04 15:28:54.942 18070 18070 D LifecycleMonitor: Lifecycle status change: androidx.test.core.app.InstrumentationActivityInvoker$BootstrapActivity@5c3dbab in: DESTROYED
07-04 15:28:54.943 18070 18070 V ActivityScenario: Activity lifecycle changed event received but ignored because the intent does not match. startActivityIntent=Intent { act=android.intent.action.MAIN cat=[android.intent.category.LAUNCHER] cmp=com.example.dogglers/.GridListActivity }, activity.getIntent()=Intent { act=android.intent.action.MAIN cat=[android.intent.category.LAUNCHER] flg=0x10008000 cmp=com.example.dogglers/androidx.test.core.app.InstrumentationActivityInvoker$BootstrapActivity (has extras) mCallingUid=10305 }, activity=androidx.test.core.app.InstrumentationActivityInvoker$BootstrapActivity@5c3dbab
07-04 15:28:54.945 18070 18143 D libMEOW : applied 0 plugin for [com.example.dogglers].
07-04 15:28:54.945  1548  1945 I mtkpower_client: perf_lock_rel, hdl:269970, tid:1945
07-04 15:28:54.945 13020 16217 I FontLog : Pulling font file for id = 7, cache size = 5 [CONTEXT service_id=132 ]
07-04 15:28:54.945  1548  1945 I mtkpower_client: perf_lock_acq, hdl:269970, dur:0, num:16, tid:1945
07-04 15:28:54.945   904   971 I libPowerHal: [perfLockRel] hdl:269970, idx:0
07-04 15:28:54.945   904   971 I libPowerHal: [PD] scn:0 hdl:269970 lock_user:system_server pid:1548 tid:1945 dur:0
07-04 15:28:54.945   904   971 I libPowerHal: system_server: cpu_ctrl set cpu freq: -1 -1 -1 -1 -1 -1
07-04 15:28:54.946   904   971 I libPowerHal: [PD] system_server update cmd:2020000=>1, 1410000=>0, 1c3c000=>1, 2004100=>0,
07-04 15:28:54.946  1548  1945 I mtkpower_client: ret_hdl:269971
07-04 15:28:54.946   904   971 E libPowerHal: input parameter exceed reasonable range 2020000 -1 15 0
07-04 15:28:54.946   904   971 I libPowerHal: [perfLockAcq] idx:0 hdl:269971 hint:-1 pid:1548 duration:0 => ret_hdl:269971
07-04 15:28:54.946   904   971 I libPowerHal: [PE] scn:0 hdl:269971 lock_user:system_server pid:1548 tid:1945 dur:0
07-04 15:28:54.946   904   971 I libPowerHal: system_server: cpu_ctrl set cpu freq: 2000000 -1 2200000 -1 2284000 -1
07-04 15:28:54.947   904   971 I libPowerHal: [PE] system_server update cmd:2020000=>0, 1410000=>2, 1c3c000=>0, 2004100=>0,
07-04 15:28:54.947 18070 18070 D LifecycleMonitor: Lifecycle status change: androidx.test.core.app.InstrumentationActivityInvoker$EmptyActivity@9e81118 in: PRE_ON_CREATE
07-04 15:28:54.947 18070 18070 V ActivityScenario: Activity lifecycle changed event received but ignored because the intent does not match. startActivityIntent=Intent { act=android.intent.action.MAIN cat=[android.intent.category.LAUNCHER] cmp=com.example.dogglers/.GridListActivity }, activity.getIntent()=Intent { act=android.intent.action.MAIN cat=[android.intent.category.LAUNCHER] flg=0x10000000 cmp=com.example.dogglers/androidx.test.core.app.InstrumentationActivityInvoker$EmptyActivity mCallingUid=10305 }, activity=androidx.test.core.app.InstrumentationActivityInvoker$EmptyActivity@9e81118
07-04 15:28:54.949 13020 16217 I FontLog : Pulling font file for id = 7, cache size = 5 [CONTEXT service_id=132 ]
07-04 15:28:54.951   938   938 D OplusExLayer: ~Layer() sequence=63882, name=ActivityRecord{458a2ec u0 com.example.dogglers/androidx.test.core.app.InstrumentationActivityInvoker$BootstrapActivity#0
07-04 15:28:54.951  1548  4479 I InputDispatcher: Focus left window: Window{7510d5 u0 com.example.dogglers/androidx.test.core.app.InstrumentationActivityInvoker$EmptyActivity} in display 0
07-04 15:28:54.951  1548  4479 I InputDispatcher: Window went away: Window{7510d5 u0 com.example.dogglers/androidx.test.core.app.InstrumentationActivityInvoker$EmptyActivity}
07-04 15:28:54.953 11545 11562 E OpenID  : com.oplus.cosa:DUID:ret:T
07-04 15:28:54.956 18070 18070 D LifecycleMonitor: Lifecycle status change: androidx.test.core.app.InstrumentationActivityInvoker$EmptyActivity@9e81118 in: CREATED
07-04 15:28:54.957 18070 18070 V ActivityScenario: Activity lifecycle changed event received but ignored because the intent does not match. startActivityIntent=Intent { act=android.intent.action.MAIN cat=[android.intent.category.LAUNCHER] cmp=com.example.dogglers/.GridListActivity }, activity.getIntent()=Intent { act=android.intent.action.MAIN cat=[android.intent.category.LAUNCHER] flg=0x10000000 cmp=com.example.dogglers/androidx.test.core.app.InstrumentationActivityInvoker$EmptyActivity mCallingUid=10305 }, activity=androidx.test.core.app.InstrumentationActivityInvoker$EmptyActivity@9e81118
07-04 15:28:54.958 18070 18070 D LifecycleMonitor: Lifecycle status change: androidx.test.core.app.InstrumentationActivityInvoker$EmptyActivity@9e81118 in: STARTED
07-04 15:28:54.958 18070 18070 V ActivityScenario: Activity lifecycle changed event received but ignored because the intent does not match. startActivityIntent=Intent { act=android.intent.action.MAIN cat=[android.intent.category.LAUNCHER] cmp=com.example.dogglers/.GridListActivity }, activity.getIntent()=Intent { act=android.intent.action.MAIN cat=[android.intent.category.LAUNCHER] flg=0x10000000 cmp=com.example.dogglers/androidx.test.core.app.InstrumentationActivityInvoker$EmptyActivity mCallingUid=10305 }, activity=androidx.test.core.app.InstrumentationActivityInvoker$EmptyActivity@9e81118
07-04 15:28:54.960 18070 18070 D LifecycleMonitor: Lifecycle status change: androidx.test.core.app.InstrumentationActivityInvoker$EmptyActivity@9e81118 in: RESUMED
