07-04 15:28:56.728   938  1532 D DispPerfService: get hint proc=Surface(name=1a0f092 NavigationBar0), idx=1 none
07-04 15:28:56.728  1548  4479 D Theia.NoFocusWindow: FocusWindowErrorScene cancelCheckFreezeScreen
07-04 15:28:56.731   938  1009 I BufferQueueProducer: [com.example.dogglers/androidx.test.core.app.InstrumentationActivityInvoker$EmptyActivity#0](id:3aa00003b20,api:1,p:18070,c:938) connect(): api=1 producerControlledByApp=false
07-04 15:28:56.737   938  1532 D DispPerfService: onframeavailable pid=18070, slot=0, seq=63997, name=com.example.dogglers:com.example.dogglers/androidx.test.core.app.InstrumentationActivityInvoker$EmptyActivity#0
07-04 15:28:56.739  1548  1583 I ActivityTaskManager: Displayed com.example.dogglers/androidx.test.core.app.InstrumentationActivityInvoker$EmptyActivity: +49ms
07-04 15:28:56.742  1548  2723 I InputDispatcher: Focus entered window: Window{d92ef4a u0 com.example.dogglers/androidx.test.core.app.InstrumentationActivityInvoker$EmptyActivity} in display 0
07-04 15:28:56.742  1548  2723 I InputDispatcher: Window went away: com.example.dogglers/androidx.test.core.app.InstrumentationActivityInvoker$EmptyActivity#0
07-04 15:28:56.744 22357 22357 V PhoneWindow: DecorView setVisiblity: visibility = 8, Parent = android.view.ViewRootImpl@24657c1, this = DecorView@6f65b66[InputMethod]
07-04 15:28:56.747 18070 18070 D LifecycleMonitor: Lifecycle status change: com.example.dogglers.GridListActivity@3b67189 in: STOPPED
07-04 15:28:56.747 18070 18070 V ActivityScenario: Update currentActivityStage to STOPPED, currentActivity=com.example.dogglers.GridListActivity@3b67189
07-04 15:28:56.748 18070 18070 V PhoneWindow: DecorView setVisiblity: visibility = 4, Parent = android.view.ViewRootImpl@f8f126d, this = DecorView@35cc716[GridListActivity]
07-04 15:28:56.748  1548  1945 I mtkpower_client: perf_lock_rel, hdl:270011, tid:1945
07-04 15:28:56.748  1548  1945 I mtkpower_client: perf_lock_acq, hdl:270011, dur:0, num:16, tid:1945
07-04 15:28:56.749 18070 18070 D LifecycleMonitor: Lifecycle status change: com.example.dogglers.GridListActivity@3b67189 in: DESTROYED
07-04 15:28:56.749 18070 18070 V ActivityScenario: Update currentActivityStage to DESTROYED, currentActivity=null
07-04 15:28:56.751   938  1728 D DispPerfService: get hint proc=ActivityRecord{646acab u0 com.example.dogglers, idx=1 none
07-04 15:28:56.751   904   971 I libPowerHal: [perfLockRel] hdl:270011, idx:0
07-04 15:28:56.751   904   971 I libPowerHal: [PD] scn:0 hdl:270011 lock_user:system_server pid:1548 tid:1945 dur:0
07-04 15:28:56.751   904   971 I libPowerHal: system_server: cpu_ctrl set cpu freq: -1 -1 -1 -1 -1 -1
07-04 15:28:56.752   904   971 I libPowerHal: [PD] system_server update cmd:2020000=>1, 1410000=>0, 1c3c000=>1, 2004100=>0,
07-04 15:28:56.752  1548  1945 I mtkpower_client: ret_hdl:270012
07-04 15:28:56.752   904   925 I mtkpower@impl: [setMode] type:5, enabled:1
07-04 15:28:56.752   904   971 I libPowerHal: [perfLockAcq] idx:0 hdl:270012 hint:-1 pid:1548 duration:0 => ret_hdl:270012
07-04 15:28:56.752   904   971 I libPowerHal: [PE] scn:0 hdl:270012 lock_user:system_server pid:1548 tid:1945 dur:0
07-04 15:28:56.752   904   971 I libPowerHal: system_server: cpu_ctrl set cpu freq: 2000000 -1 2200000 -1 2284000 -1
07-04 15:28:56.752   938   938 D OplusExLayer: ~Layer() sequence=63991, name=Surface(name=44bf6fc StatusBar)/@0x6e28e63 - animation-leash#1
07-04 15:28:56.752   938   938 D OplusExLayer: ~Layer() sequence=63992, name=Surface(name=1a0f092 NavigationBar0)/@0x96afa60 - animation-leash#1
07-04 15:28:56.753   904   971 I libPowerHal: [PE] system_server update cmd:2020000=>15, 1410000=>2, 1c3c000=>0, 2004100=>0,
07-04 15:28:56.760   938  1728 I BufferQueueProducer: [com.example.dogglers/com.example.dogglers.GridListActivity#0](id:3aa00003b1f,api:1,p:18070,c:938) disconnect(): api=1
07-04 15:28:56.760 18070 18070 D View    : [Warning] assignParent to null: this = DecorView@35cc716[GridListActivity]
07-04 15:28:56.761   938  1728 D DispPerfService: get hint proc=Surface(name=2e3c86d InputMethod), idx=1 none
07-04 15:28:56.764 18070 18070 I InputTransport: Destroy ARC handle: 0xb400007e8cf6bfe0
07-04 15:28:56.764   938   938 D OplusExLayer: ~Layer() sequence=63989, name=f6fb870 com.example.dogglers/com.example.dogglers.GridListActivity#0
07-04 15:28:56.764   938   938 I BufferQueueConsumer: [com.example.dogglers/com.example.dogglers.GridListActivity#0](id:3aa00003b1f,api:0,p:-1,c:938) disconnect()
07-04 15:28:56.764   938   938 I BufferQueue: [com.example.dogglers/com.example.dogglers.GridListActivity#0](this:0xb4000073871dbc58,id:15135,api:1,p:-1,c:-1) onDestructor()
07-04 15:28:56.765   938   938 D OplusExLayer: ~Layer() sequence=63990, name=com.example.dogglers/com.example.dogglers.GridListActivity#0
07-04 15:28:56.765 22357 22357 V PhoneWindow: DecorView setVisiblity: visibility = 8, Parent = android.view.ViewRootImpl@24657c1, this = DecorView@6f65b66[InputMethod]
07-04 15:28:56.765  1548  4479 D InputMethodManagerService: isSecurity: attribute.packageName=com.example.dogglers mCurMethodId=com.google.android.inputmethod.latin/com.android.inputmethod.latin.LatinIME
07-04 15:28:56.765  1548  4479 D InputMethodManagerService: isSecurity= false (  enable=false needShow=false inBlackList=false isExist=false )
07-04 15:28:56.765  1548  4491 I InputDispatcher: Window went away: com.example.dogglers/com.example.dogglers.GridListActivity#0
07-04 15:28:56.766  1548  4479 D VerificationCodeController: notifyImeAttributeChanged: 64false
07-04 15:28:56.768   938  1728 D DispPerfService: get hint proc=Surface(name=2e3c86d InputMethod), idx=1 none
07-04 15:28:56.769 22357 22357 I GoogleInputMethodService: GoogleInputMethodService.onFinishInput():3220
07-04 15:28:56.769 22357 22357 I GoogleInputMethodService: GoogleInputMethodService.updateDeviceLockedStatus():2116 checkRepeatedly = false, unlocked = true
07-04 15:28:56.770 18070 18070 D LifecycleMonitor: Lifecycle status change: androidx.test.core.app.InstrumentationActivityInvoker$EmptyActivity@2393ba4 in: PAUSED
07-04 15:28:56.770 22357 22357 I GoogleInputMethodService: GoogleInputMethodService.onStartInput():1923 onStartInput(EditorInfo{inputType=0x0(NULL) imeOptions=0x0 privateImeOptions=null actionName=UNSPECIFIED actionLabel=null actionId=0 initialSelStart=-1 initialSelEnd=-1 initialCapsMode=0x0 hintText=null label=null packageName=com.example.dogglers fieldId=-1 fieldName=null extras=null}, false)
07-04 15:28:56.770 18070 18070 V ActivityScenario: Activity lifecycle changed event received but ignored because the intent does not match. startActivityIntent=Intent { act=android.intent.action.MAIN cat=[android.intent.category.LAUNCHER] cmp=com.example.dogglers/.GridListActivity }, activity.getIntent()=Intent { act=android.intent.action.MAIN cat=[android.intent.category.LAUNCHER] flg=0x10000000 cmp=com.example.dogglers/androidx.test.core.app.InstrumentationActivityInvoker$EmptyActivity mCallingUid=10305 }, activity=androidx.test.core.app.InstrumentationActivityInvoker$EmptyActivity@2393ba4
07-04 15:28:56.770 22357 22357 I GoogleInputMethodService: GoogleInputMethodService.updateDeviceLockedStatus():2116 checkRepeatedly = true, unlocked = true
07-04 15:28:56.772  1548  2723 I InputDispatcher: setFocusedApplication displayId=0 <invalid>
07-04 15:28:56.772   904   971 I libPowerHal: Act_Match:0, Common_index:-1
07-04 15:28:56.773  1548  2723 D Theia.NoFocusWindow: FocusWindowErrorScene CheckFreezeScreen
07-04 15:28:56.775   938   938 D OplusExLayer: ~Layer() sequence=63985, name=ActivityRecord{5c10460 u0 com.example.dogglers/.GridListActivity#0
07-04 15:28:56.775   904   971 I libPowerHal: [perfNotifyAppState][PD] ,
07-04 15:28:56.776 18070 18070 D LifecycleMonitor: Lifecycle status change: androidx.test.core.app.InstrumentationActivityInvoker$BootstrapActivity@7a882b7 in: DESTROYED
07-04 15:28:56.776 18070 18070 V ActivityScenario: Activity lifecycle changed event received but ignored because the intent does not match. startActivityIntent=Intent { act=android.intent.action.MAIN cat=[android.intent.category.LAUNCHER] cmp=com.example.dogglers/.GridListActivity }, activity.getIntent()=Intent { act=android.intent.action.MAIN cat=[android.intent.category.LAUNCHER] flg=0x10008000 cmp=com.example.dogglers/androidx.test.core.app.InstrumentationActivityInvoker$BootstrapActivity (has extras) mCallingUid=10305 }, activity=androidx.test.core.app.InstrumentationActivityInvoker$BootstrapActivity@7a882b7
07-04 15:28:56.778 18070 18209 D libMEOW : applied 0 plugin for [com.example.dogglers].
07-04 15:28:56.778  1548  1945 I mtkpower_client: perf_lock_rel, hdl:270012, tid:1945
07-04 15:28:56.779  1548  1945 I mtkpower_client: perf_lock_acq, hdl:270012, dur:0, num:16, tid:1945
07-04 15:28:56.779   904   971 I libPowerHal: [perfLockRel] hdl:270012, idx:0
07-04 15:28:56.779   904   971 I libPowerHal: [PD] scn:0 hdl:270012 lock_user:system_server pid:1548 tid:1945 dur:0
07-04 15:28:56.779   904   971 I libPowerHal: system_server: cpu_ctrl set cpu freq: -1 -1 -1 -1 -1 -1
07-04 15:28:56.780 18070 18070 D LifecycleMonitor: Lifecycle status change: androidx.test.core.app.InstrumentationActivityInvoker$EmptyActivity@4ceb94b in: PRE_ON_CREATE
07-04 15:28:56.780   904   971 I libPowerHal: [PD] system_server update cmd:2020000=>1, 1410000=>0, 1c3c000=>1, 2004100=>0,
07-04 15:28:56.780 18070 18070 V ActivityScenario: Activity lifecycle changed event received but ignored because the intent does not match. startActivityIntent=Intent { act=android.intent.action.MAIN cat=[android.intent.category.LAUNCHER] cmp=com.example.dogglers/.GridListActivity }, activity.getIntent()=Intent { act=android.intent.action.MAIN cat=[android.intent.category.LAUNCHER] flg=0x10000000 cmp=com.example.dogglers/androidx.test.core.app.InstrumentationActivityInvoker$EmptyActivity mCallingUid=10305 }, activity=androidx.test.core.app.InstrumentationActivityInvoker$EmptyActivity@4ceb94b
07-04 15:28:56.783  1548  1945 I mtkpower_client: ret_hdl:270013
07-04 15:28:56.783   904   971 I libPowerHal: [perfLockAcq] idx:0 hdl:270013 hint:-1 pid:1548 duration:0 => ret_hdl:270013
07-04 15:28:56.783   904   971 I libPowerHal: [PE] scn:0 hdl:270013 lock_user:system_server pid:1548 tid:1945 dur:0
07-04 15:28:56.783   904   971 I libPowerHal: system_server: cpu_ctrl set cpu freq: 2000000 -1 2200000 -1 2284000 -1
07-04 15:28:56.784   904   971 I libPowerHal: [PE] system_server update cmd:2020000=>15, 1410000=>2, 1c3c000=>0, 2004100=>0,
07-04 15:28:56.786   938   938 D OplusExLayer: ~Layer() sequence=63982, name=ActivityRecord{d419001 u0 com.example.dogglers/androidx.test.core.app.InstrumentationActivityInvoker$BootstrapActivity#0
07-04 15:28:56.787  1548  4491 I InputDispatcher: Focus left window: Window{d92ef4a u0 com.example.dogglers/androidx.test.core.app.InstrumentationActivityInvoker$EmptyActivity} in display 0
07-04 15:28:56.787  1548  4491 I InputDispatcher: Window went away: Window{d92ef4a u0 com.example.dogglers/androidx.test.core.app.InstrumentationActivityInvoker$EmptyActivity}
07-04 15:28:56.789 18070 18070 D LifecycleMonitor: Lifecycle status change: androidx.test.core.app.InstrumentationActivityInvoker$EmptyActivity@4ceb94b in: CREATED
07-04 15:28:56.789 18070 18070 V ActivityScenario: Activity lifecycle changed event received but ignored because the intent does not match. startActivityIntent=Intent { act=android.intent.action.MAIN cat=[android.intent.category.LAUNCHER] cmp=com.example.dogglers/.GridListActivity }, activity.getIntent()=Intent { act=android.intent.action.MAIN cat=[android.intent.category.LAUNCHER] flg=0x10000000 cmp=com.example.dogglers/androidx.test.core.app.InstrumentationActivityInvoker$EmptyActivity mCallingUid=10305 }, activity=androidx.test.core.app.InstrumentationActivityInvoker$EmptyActivity@4ceb94b
07-04 15:28:56.790 18070 18070 D LifecycleMonitor: Lifecycle status change: androidx.test.core.app.InstrumentationActivityInvoker$EmptyActivity@4ceb94b in: STARTED
07-04 15:28:56.790 18070 18070 V ActivityScenario: Activity lifecycle changed event received but ignored because the intent does not match. startActivityIntent=Intent { act=android.intent.action.MAIN cat=[android.intent.category.LAUNCHER] cmp=com.example.dogglers/.GridListActivity }, activity.getIntent()=Intent { act=android.intent.action.MAIN cat=[android.intent.category.LAUNCHER] flg=0x10000000 cmp=com.example.dogglers/androidx.test.core.app.InstrumentationActivityInvoker$EmptyActivity mCallingUid=10305 }, activity=androidx.test.core.app.InstrumentationActivityInvoker$EmptyActivity@4ceb94b
07-04 15:28:56.792 18070 18070 D LifecycleMonitor: Lifecycle status change: androidx.test.core.app.InstrumentationActivityInvoker$EmptyActivity@4ceb94b in: RESUMED
07-04 15:28:56.792 18070 18070 V ActivityScenario: Activity lifecycle changed event received but ignored because the intent does not match. startActivityIntent=Intent { act=android.intent.action.MAIN cat=[android.intent.category.LAUNCHER] cmp=com.example.dogglers/.GridListActivity }, activity.getIntent()=Intent { act=android.intent.action.MAIN cat=[android.intent.category.LAUNCHER] flg=0x10000000 cmp=com.example.dogglers/androidx.test.core.app.InstrumentationActivityInvoker$EmptyActivity mCallingUid=10305 }, activity=androidx.test.core.app.InstrumentationActivityInvoker$EmptyActivity@4ceb94b
07-04 15:28:56.793 18070 18070 V PhoneWindow: DecorView setVisiblity: visibility = 4, Parent = null, this = DecorView@f933441[]
07-04 15:28:56.793   938  1728 I SurfaceFlinger: [SF client] NEW(0xb400007374339740) for (18070:com.example.dogglers)
07-04 15:28:56.795 18070 18070 D ViewRootImpl[InstrumentationActivityInvoker$EmptyActivity]: hardware acceleration = true , fakeHwAccelerated = false, sRendererDisabled = false, forceHwAccelerated = false, sSystemRendererDisabled = false
07-04 15:28:56.796   938  1728 D DispPerfService: get hint proc=bd77a49 com.example.dogglers, idx=1 none
07-04 15:28:56.798 18070 18070 I InputTransport: Create ARC handle: 0xb400007e1263c200
07-04 15:28:56.798 18070 18070 V PhoneWindow: DecorView setVisiblity: visibility = 0, Parent = android.view.ViewRootImpl@834d5d4, this = DecorView@f933441[InstrumentationActivityInvoker$EmptyActivity]
07-04 15:28:56.800 22357 22357 V PhoneWindow: DecorView setVisiblity: visibility = 8, Parent = android.view.ViewRootImpl@24657c1, this = DecorView@6f65b66[InputMethod]
07-04 15:28:56.804   938  1728 D DispPerfService: get hint proc=com.example.dogglers, idx=1 none
07-04 15:28:56.804   938  1728 I BufferQueueConsumer: [](id:3aa00003b21,api:0,p:-1,c:938) connect(): controlledByApp=false
07-04 15:28:56.804   938  1728 I BufferQueue: [unnamed-938-15137](this:0xb400007427501058,id:15137,api:0,p:-1,c:-1) BufferQueue core=(938:/system/bin/surfaceflinger)
07-04 15:28:56.805   938  1728 D DispPerfService: get hint proc=Surface(name=44bf6fc StatusBar), idx=1 none
07-04 15:28:56.806   938  1728 D DispPerfService: get hint proc=Surface(name=1a0f092 NavigationBar0), idx=1 none
07-04 15:28:56.806  1548  2723 D Theia.NoFocusWindow: FocusWindowErrorScene cancelCheckFreezeScreen
07-04 15:28:56.809   938  1728 I BufferQueueProducer: [com.example.dogglers/androidx.test.core.app.InstrumentationActivityInvoker$EmptyActivity#1](id:3aa00003b21,api:1,p:18070,c:938) connect(): api=1 producerControlledByApp=false
07-04 15:28:56.814   938  1728 D DispPerfService: onframeavailable pid=18070, slot=3, seq=64004, name=com.example.dogglers:com.example.dogglers/androidx.test.core.app.InstrumentationActivityInvoker$EmptyActivity#1
07-04 15:28:56.816  1548  1583 I ActivityTaskManager: Displayed com.example.dogglers/androidx.test.core.app.InstrumentationActivityInvoker$EmptyActivity: +68ms
07-04 15:28:56.818 22357 22357 V PhoneWindow: DecorView setVisiblity: visibility = 8, Parent = android.view.ViewRootImpl@24657c1, this = DecorView@6f65b66[InputMethod]
07-04 15:28:56.820   938   938 D OplusExLayer: ~Layer() sequence=63998, name=Surface(name=44bf6fc StatusBar)/@0x6e28e63 - animation-leash#0
07-04 15:28:56.820   938   938 D OplusExLayer: ~Layer() sequence=63999, name=Surface(name=1a0f092 NavigationBar0)/@0x96afa60 - animation-leash#0
07-04 15:28:56.821  1548  4491 I InputDispatcher: Focus entered window: Window{bd77a49 u0 com.example.dogglers/androidx.test.core.app.InstrumentationActivityInvoker$EmptyActivity} in display 0
07-04 15:28:56.821  1548  4491 I InputDispatcher: Window went away: com.example.dogglers/androidx.test.core.app.InstrumentationActivityInvoker$EmptyActivity#1
07-04 15:28:56.821   938  1532 I BufferQueueProducer: [com.example.dogglers/androidx.test.core.app.InstrumentationActivityInvoker$EmptyActivity#0](id:3aa00003b20,api:1,p:18070,c:938) disconnect(): api=1
07-04 15:28:56.825 22357 22357 V PhoneWindow: DecorView setVisiblity: visibility = 8, Parent = android.view.ViewRootImpl@24657c1, this = DecorView@6f65b66[InputMethod]
07-04 15:28:56.827  1548  4491 D Theia.NoFocusWindow: FocusWindowErrorScene CheckFreezeScreen
07-04 15:28:56.828  1548  4491 I InputDispatcher: setFocusedApplication displayId=0 ActivityRecord{9b675b3 u0 net.oneplus.launcher/.Launcher t4037}
07-04 15:28:56.829  1548  1945 I mtkpower_client: perf_lock_rel, hdl:270013, tid:1945
07-04 15:28:56.829  1548  1945 I mtkpower_client: perf_lock_acq, hdl:270013, dur:0, num:16, tid:1945
07-04 15:28:56.829   904   971 I libPowerHal: [perfLockRel] hdl:270013, idx:0
07-04 15:28:56.829   904   971 I libPowerHal: [PD] scn:0 hdl:270013 lock_user:system_server pid:1548 tid:1945 dur:0
07-04 15:28:56.829   904   971 I libPowerHal: system_server: cpu_ctrl set cpu freq: -1 -1 -1 -1 -1 -1
07-04 15:28:56.830   904   971 I libPowerHal: [PD] system_server update cmd:2020000=>1, 1410000=>0, 1c3c000=>1, 2004100=>0,
07-04 15:28:56.830  1548  1945 I mtkpower_client: ret_hdl:270014
07-04 15:28:56.830   904   971 I libPowerHal: [perfLockAcq] idx:0 hdl:270014 hint:-1 pid:1548 duration:0 => ret_hdl:270014
07-04 15:28:56.830   904   971 I libPowerHal: [PE] scn:0 hdl:270014 lock_user:system_server pid:1548 tid:1945 dur:0
07-04 15:28:56.831   904   971 I libPowerHal: system_server: cpu_ctrl set cpu freq: 2000000 -1 2200000 -1 2284000 -1
07-04 15:28:56.831   904   971 I libPowerHal: [PE] system_server update cmd:2020000=>15, 1410000=>2, 1c3c000=>0, 2004100=>0,
07-04 15:28:56.831  1548  4491 I InputDispatcher: Focus left window: Window{bd77a49 u0 com.example.dogglers/androidx.test.core.app.InstrumentationActivityInvoker$EmptyActivity} in display 0
07-04 15:28:56.831  1548  4491 I InputDispatcher: Window went away: Window{bd77a49 u0 com.example.dogglers/androidx.test.core.app.InstrumentationActivityInvoker$EmptyActivity}
07-04 15:28:56.835   918  1211 D AudioPolicyService: updateUidStates_l() current->uid=10146 current->pid=4431 allowCapture=1 UidState=5 apmStat=1
07-04 15:28:56.835   918  1211 I chatty  : uid=1041(audioserver) Binder:918_2 identical 1 line
07-04 15:28:56.835   918  1211 D AudioPolicyService: updateUidStates_l() current->uid=10146 current->pid=4431 allowCapture=1 UidState=5 apmStat=1
07-04 15:28:56.836 18070 18070 D LifecycleMonitor: Lifecycle status change: androidx.test.core.app.InstrumentationActivityInvoker$EmptyActivity@4ceb94b in: PAUSED
07-04 15:28:56.836 18070 18070 V ActivityScenario: Activity lifecycle changed event received but ignored because the intent does not match. startActivityIntent=Intent { act=android.intent.action.MAIN cat=[android.intent.category.LAUNCHER] cmp=com.example.dogglers/.GridListActivity }, activity.getIntent()=Intent { act=android.intent.action.MAIN cat=[android.intent.category.LAUNCHER] flg=0x10000000 cmp=com.example.dogglers/androidx.test.core.app.InstrumentationActivityInvoker$EmptyActivity mCallingUid=10305 }, activity=androidx.test.core.app.InstrumentationActivityInvoker$EmptyActivity@4ceb94b
07-04 15:28:56.837  1548  4479 V SensorManager: setScreenShotDisableImpl
07-04 15:28:56.837  1548  4479 D SensorService: debug_oplusGeminiProximity setScreenShotDisable in SensorService
07-04 15:28:56.837  1548  4479 I OplusHansManager : front pkg: net.oneplus.launcher, uid: 10119, prev pkg: com.example.dogglers, prev uid: 10305
07-04 15:28:56.837  1548  3692 I OplusHansManager : notifyAppGoForeground, uid=10119
07-04 15:28:56.837  1548  3692 I OplusHansManager : notifyAppGoBackground, uid=10305
07-04 15:28:56.837  1548  2589 I OplusHansManager : uid=10305, pkg=com.example.dogglers enter SM
07-04 15:28:56.838  1548  2589 I OplusHansManager : uid=10305, pkg=com.example.dogglers R enter()
07-04 15:28:56.838  1548  1945 I mtkpower_client: perf_lock_rel, hdl:270014, tid:1945
07-04 15:28:56.838  1548  1945 I mtkpower_client: perf_lock_acq, hdl:270014, dur:0, num:16, tid:1945
07-04 15:28:56.838   904   971 I libPowerHal: [perfLockRel] hdl:270014, idx:0
07-04 15:28:56.838   904   971 I libPowerHal: [PD] scn:0 hdl:270014 lock_user:system_server pid:1548 tid:1945 dur:0
07-04 15:28:56.839  1548  2774 I OplusResourcePreloadManager: resume pkg: net.oneplus.launcher, uid:10119, prev pkg: com.example.dogglers, prev uid: 10305
07-04 15:28:56.839  1548  2774 E Process : get_ion_cache_memory: Unable to open /d/ion/system_stats
07-04 15:28:56.840  3186  5672 W Battery : ThermalControlUtils: mForegroundPkg=net.oneplus.launcher
07-04 15:28:56.840 11621 11642 D ZoomAppController: ignore onAppEnter: mCurrentZoomInfo is null
07-04 15:28:56.841   904   971 I libPowerHal: system_server: cpu_ctrl set cpu freq: -1 -1 -1 -1 -1 -1
07-04 15:28:56.841  3186  5672 W Battery : ThermalControllHandler: tempLevel=2,userMode=2,gameUserMode=-1,appType=-1,envTempType=0,appStates=[]
07-04 15:28:56.841  3186  5672 W Battery : ThermalControllerCenter: mSafetyState=10000
07-04 15:28:56.842   904   971 I libPowerHal: [PD] system_server update cmd:2020000=>1, 1410000=>0, 1c3c000=>1, 2004100=>0,
07-04 15:28:56.842  1548  1945 I mtkpower_client: ret_hdl:270015
07-04 15:28:56.842   904   971 I libPowerHal: [perfLockAcq] idx:0 hdl:270015 hint:-1 pid:1548 duration:0 => ret_hdl:270015
07-04 15:28:56.842   904   971 I libPowerHal: [PE] scn:0 hdl:270015 lock_user:system_server pid:1548 tid:1945 dur:0
07-04 15:28:56.842 18070 18096 I TestRunner: finished: grid_list_content_at_last_position(com.example.dogglers.GridListTests)
