07-04 15:28:54.960 18070 18070 V ActivityScenario: Activity lifecycle changed event received but ignored because the intent does not match. startActivityIntent=Intent { act=android.intent.action.MAIN cat=[android.intent.category.LAUNCHER] cmp=com.example.dogglers/.GridListActivity }, activity.getIntent()=Intent { act=android.intent.action.MAIN cat=[android.intent.category.LAUNCHER] flg=0x10000000 cmp=com.example.dogglers/androidx.test.core.app.InstrumentationActivityInvoker$EmptyActivity mCallingUid=10305 }, activity=androidx.test.core.app.InstrumentationActivityInvoker$EmptyActivity@9e81118
07-04 15:28:54.961 18070 18070 V PhoneWindow: DecorView setVisiblity: visibility = 4, Parent = null, this = DecorView@d5dddd7[]
07-04 15:28:54.961   938  1532 I SurfaceFlinger: [SF client] NEW(0xb400007374338f00) for (18070:com.example.dogglers)
07-04 15:28:54.963 18070 18070 D ViewRootImpl[InstrumentationActivityInvoker$EmptyActivity]: hardware acceleration = true , fakeHwAccelerated = false, sRendererDisabled = false, forceHwAccelerated = false, sSystemRendererDisabled = false
07-04 15:28:54.965   938  1009 D DispPerfService: get hint proc=35ee408 com.example.dogglers, idx=1 none
07-04 15:28:54.966 18070 18070 I InputTransport: Create ARC handle: 0xb400007e8ce79660
07-04 15:28:54.966 18070 18070 V PhoneWindow: DecorView setVisiblity: visibility = 0, Parent = android.view.ViewRootImpl@b46e4e2, this = DecorView@d5dddd7[InstrumentationActivityInvoker$EmptyActivity]
07-04 15:28:54.969   877  8534 D AudioDspStreamManager: openPlaybackTask(), getDspVersion[1] not open aud_playbnack UL!!
07-04 15:28:54.970   877  8534 D AudioDspStreamManager: addPlaybackHandler() mDspStreamState = 1
07-04 15:28:54.970   877  8534 D AudioDspStreamManager: dataPasstoA2DPTask return false outputdevice = 0x2 playbckType = 0
07-04 15:28:54.970   877  8534 D AudioDspStreamManager: needOpenA2dpTask ret = 4 mDspA2DPStreamState = 0 a2dpstartflag = 0
07-04 15:28:54.970   877  8534 D AudioDspStreamManager: checkMusicTaskStatus ret = DSP_STREAM_START
07-04 15:28:54.970   877  8534 D AudioDspStreamManager: setDspRuntimeEn(), task_scene = 13, condition = 1
07-04 15:28:54.970   877  8534 D audio_messenger_ipi: audio_ipi_dma_cbk_register(), task 13, sz 65536/65536, cbk 0xf001eab4, arg 0xe8685700
07-04 15:28:54.970   877  8534 D aurisys_utility: input dev: 0x0, fmt = 0x4, fs: 48000, max fs: 48000, ch: 2, max ch: 3, ch maks: 0xc, hw_info_mask: 0x0; output dev: 0x2, fmt = 0x4, fs: 48000, max fs: 48000, ch: 2, max ch: 2, ch maks: 0xc, hw_info_mask: 0xc; task_scene: 13, audio_mode: 0, stream_type: 5, output_flags: 0x2, input_source: 0, input_flags: 0x2; network_info: 0, enhancement_feature_mask: 0x0
07-04 15:28:54.970   877  8534 D AudioALSAHardware: UpdateScenceToDsp(), mInputScence = 0, mOutputScence = 0, attribute_out->sample_rate = 48000
07-04 15:28:54.970   877  8534 D AudioALSAHardware: UpdateMultiRecordScenceToDsp(), mInputScence = 0, mOutputScence = 0
07-04 15:28:54.970   877  8534 D AudioALSAHardware: UpdateVoicePlaybackScenceToDsp(), OutputGetScence = 0  , isModeInVoipCall = 0 , isModeInPhoneCall = 0
07-04 15:28:54.970   877  8534 D oplus_audio_config: oplus_get_config(),unkonw config
07-04 15:28:54.970   877  8534 D oplus_audio_config: oplus_is_config_support(),param null
07-04 15:28:54.970   877  8534 D aurisys_utility: lib, working fs: 48000, fmt: 0x3, frame = 0, b_interleave = 1, num_ul_ref_buf_array = 0, num_dl_ref_buf_array = 0
07-04 15:28:54.970   877  8534 D aurisys_utility: dl in[type:2], ch: 2, ch_mask: 0x3, buf fs: 48000, buf content fs: 48000, fmt: 0x3; dl out[type:3], ch: 2, ch_mask: 0x3, buf fs: 48000, buf content fs: 48000, fmt: 0x3
07-04 15:28:54.970   877  8534 D aurisys_lib_handler: aurisys_arsi_parsing_param_file(), gProductInfo "platform=MT6893,device=OP515BL1,model=DN2103", file_path "/vendor/etc/audio_param", enhancement_mode 0, param_buf_size 128, data_size 128, custom_info SetAudioCustomScene=
07-04 15:28:54.970   877  8534 D audio_messenger_ipi: hal send, task: 13, msg_id: 0x15, ack_type: 1, p1: 0x2bc, p2: 0x0, dma sz: 0, idx: 0, hal sz: 700
07-04 15:28:54.972   877  8534 D AudioDspStreamManager: addPlaybackHandler() mDspMusicStreamState = DSP_STREAM_START
07-04 15:28:54.972   877  8534 D AudioDspStreamManager: -addPlaybackHandler(), playbackHandler = 3899152128 0xe8685700
07-04 15:28:54.972   877  8534 D AudioALSAHardwareResourceManager: +startOutputDevice(), new_devices = 0x2, mOutputDevices = 0x0, mStartOutputDevicesCount = 0 SampleRate = 48000
07-04 15:28:54.972   877  8534 D AudioSmartPaController: +dspOnBoardSpeakerOn(), SampleRate: 48000, MD_type: 0, isI2sInEchoRefEn: 0
07-04 15:28:54.972   877  8534 E AudioSmartPaController: Error: MUSIC_48000 invalid value, ret = -22
07-04 15:28:54.972   877  8534 D AudioDspStreamManager: +startDevice() Devices 0x2 mOutputDeviceCount 0x0
07-04 15:28:54.972   877  8534 D AudioDspStreamManager: dataPassToCodec output_devices = 0x2 mAudioOutputFlags = 2 devicecount = 1 ret = 1
07-04 15:28:54.972   877  8534 D AudioDspStreamManager: dataPasstoDspAfe output_devices = 0x2 Flags = 2 isUseAdspPlaybackTask = 1 ret = 1
07-04 15:28:54.972   877  8534 D AudioDspStreamManager: needStartPlaybackTask mDspTaskPlaybackActive = 0 dspstartflag = 1
07-04 15:28:54.972   877  8534 D AudioDspStreamManager: +startPlaybackTask
07-04 15:28:54.972   877  8534 D AudioDspStreamManager: startTasks_l() mDspStreamState = DSP_STREAM_START
07-04 15:28:54.972   877  8534 D AudioDspStreamManager: dataPasstoA2DPTask return false outputdevice = 0x2 playbckType = 0
07-04 15:28:54.972   877  8534 D AudioDspStreamManager: needStartA2dpTask mDspA2DPStreamState = 0 mDspTaskA2DPActive[0] dspstartflag[0]
07-04 15:28:54.972   877  8534 D AudioALSAHardwareResourceManager: notifyOutputDeviceStatusChange(), device = 2, status = 0, sampleRate = 48000, mOpenSpeakerPathCount = 1
07-04 15:28:54.972   877  8534 D AudioALSAStreamManager: speakerStatusChangeCb(), status = 0, sampleRate = 48000
07-04 15:28:54.972   877  8534 D AudioALSAVoiceWakeUpController: setSpeakerSampleRate(), sampleRate = 48000
07-04 15:28:54.972   877  8534 D AudioALSAVoiceWakeUpController: updateSpeakerPlaybackStatus(), isSpeakerPlaying = 1
07-04 15:28:54.972   877  8534 D AudioALSAStreamOut: openWavDump(), mDumpFile is NULL
07-04 15:28:54.972   877  8534 D AudioALSAPlaybackHandlerDsp: setScreenState, flag 2, 0.000000, mode = 1 , buffer_size = 8192, channel 2, format4 reduceInterruptSize = 1024
07-04 15:28:54.973   877  8534 E AudioALSAPlaybackHandlerBase: -getHardwareBufferInfo(), pcm_get_htimestamp fail, ret = -1, pcm_get_error =  flag = 0x2
07-04 15:28:54.973   918  1502 D AudioFlinger_Threads: 0xb400007eadb12080:threadLoop_write write data to hw, mixerStatus 2, muted count 141
07-04 15:28:54.973   918  1502 D OplusAudioDetectionManager: checkTrackBuffer1() track 0xb400007e9d094800 get INFO from NEW, channelCount 1, pid 2144
07-04 15:28:54.973   918  1502 D OplusAudioDetectionImpl: initFromProperty()  0xb400007eab27dc00, sLogdumpEnable 0, sPcmdumpEnable 0, sAdSwitch 0, checkpop 0, checkzd 0
07-04 15:28:54.979   938  1009 D DispPerfService: get hint proc=com.example.dogglers, idx=1 none
07-04 15:28:54.979   938  1009 I BufferQueueConsumer: [](id:3aa00003b0f,api:0,p:-1,c:938) connect(): controlledByApp=false
07-04 15:28:54.979   938  1009 I BufferQueue: [unnamed-938-15119](this:0xb400007427501058,id:15119,api:0,p:-1,c:-1) BufferQueue core=(938:/system/bin/surfaceflinger)
07-04 15:28:54.980   938  1009 D DispPerfService: get hint proc=Surface(name=44bf6fc StatusBar), idx=1 none
07-04 15:28:54.981   938  1009 D DispPerfService: get hint proc=Surface(name=1a0f092 NavigationBar0), idx=1 none
07-04 15:28:54.981  1548  2340 D Theia.NoFocusWindow: FocusWindowErrorScene cancelCheckFreezeScreen
07-04 15:28:54.984   938  1532 I BufferQueueProducer: [com.example.dogglers/androidx.test.core.app.InstrumentationActivityInvoker$EmptyActivity#1](id:3aa00003b0f,api:1,p:18070,c:938) connect(): api=1 producerControlledByApp=false
07-04 15:28:54.990   938  1009 D DispPerfService: onframeavailable pid=18070, slot=2, seq=63902, name=com.example.dogglers:com.example.dogglers/androidx.test.core.app.InstrumentationActivityInvoker$EmptyActivity#1
07-04 15:28:54.993  1548  1583 I ActivityTaskManager: Displayed com.example.dogglers/androidx.test.core.app.InstrumentationActivityInvoker$EmptyActivity: +75ms
07-04 15:28:54.996  1548  2719 I InputDispatcher: Focus entered window: Window{35ee408 u0 com.example.dogglers/androidx.test.core.app.InstrumentationActivityInvoker$EmptyActivity} in display 0
07-04 15:28:54.996  1548  2719 I InputDispatcher: Window went away: com.example.dogglers/androidx.test.core.app.InstrumentationActivityInvoker$EmptyActivity#1
07-04 15:28:55.005   938   938 D OplusExLayer: ~Layer() sequence=63897, name=Surface(name=44bf6fc StatusBar)/@0x6e28e63 - animation-leash#1
07-04 15:28:55.005   938   938 D OplusExLayer: ~Layer() sequence=63898, name=Surface(name=1a0f092 NavigationBar0)/@0x96afa60 - animation-leash#1
07-04 15:28:55.008   938  1009 I BufferQueueProducer: [com.example.dogglers/androidx.test.core.app.InstrumentationActivityInvoker$EmptyActivity#0](id:3aa00003b0e,api:1,p:18070,c:938) disconnect(): api=1
07-04 15:28:55.009 11170 18146 I System.out: [socket]:check permission begin!
07-04 15:28:55.014   918  1502 D AudioFlinger_Threads: mixer(0xb400007eadb12080) throttle end: throttle time(11)
07-04 15:28:55.014   904   971 I libPowerHal: [PE] system_server update cmd:2020000=>0, 1410000=>2, 1c3c000=>0, 2004100=>0,
07-04 15:28:55.023   918  1331 D AudioPolicyService: updateUidStates_l() current->uid=10146 current->pid=4431 allowCapture=1 UidState=5 apmStat=1
07-04 15:28:55.028 14051 14051 D RecyclerViewWrapper: onWindowVisibilityChanged:8
07-04 15:28:55.028   904   971 I UxUtility: notifyForegroundApp pack:net.oneplus.launcher, uid:10119
07-04 15:28:55.028   904   971 I TouchUtility: notifyAppState error = NULL
07-04 15:28:55.028   904   924 I mtkpower@impl: [notifyAppState] pc:0, com.example.dogglers => net.oneplus.launcher
07-04 15:28:55.037 18070 18070 I MonitoringInstr: Activities that are still in CREATED to STOPPED: 2
07-04 15:28:55.037 18070 18096 I MonitoringInstr: Unstopped activity count: 2
07-04 15:28:55.039 14051 14051 D Launcher: onStart# hashcode: 36593752
07-04 15:28:55.047 14051 14051 D BottomSwipeTouchRegionController: update: activity = net.oneplus.launcher.Launcher@22e6058, active = true, finalValue = false, reallyUpdate = true
07-04 15:28:55.048 14051 14051 D QuickPage: updateOnResume, count:5
07-04 15:28:55.048 14051 14051 D QuickPage: updateOnResume, holder[0] = null
07-04 15:28:55.048 14051 14051 D QuickPage: updateOnResume, holder[1] = null
07-04 15:28:55.048 14051 14051 D QuickPage: updateOnResume, holder[2] = null
07-04 15:28:55.052   938  1009 D DispPerfService: get hint proc=net.oneplus.launcher, idx=1 none
07-04 15:28:55.052   938  1009 I BufferQueueConsumer: [](id:3aa00003b11,api:0,p:-1,c:938) connect(): controlledByApp=false
07-04 15:28:55.052   938  1009 I BufferQueue: [unnamed-938-15121](this:0xb400007374241458,id:15121,api:0,p:-1,c:-1) BufferQueue core=(938:/system/bin/surfaceflinger)
07-04 15:28:55.054   938  1532 D DispPerfService: get hint proc=Surface(name=44bf6fc StatusBar), idx=1 none
07-04 15:28:55.054   938  1532 D DispPerfService: get hint proc=Surface(name=1a0f092 NavigationBar0), idx=1 none
07-04 15:28:55.055  1548  3267 D Theia.NoFocusWindow: FocusWindowErrorScene cancelCheckFreezeScreen
07-04 15:28:55.057   938  1009 I BufferQueueProducer: [net.oneplus.launcher/net.oneplus.launcher.Launcher#1](id:3aa00003b11,api:1,p:14051,c:938) connect(): api=1 producerControlledByApp=false
07-04 15:28:55.059 14051 14125 E Parcel  : Reading a NULL string not supported here.
07-04 15:28:55.063  4431  4431 I GsaVoiceInteractionSrv: Handling ACTION_START_HOTWORD
07-04 15:28:55.066   938  1009 D DispPerfService: onframeavailable pid=14051, slot=0, seq=63906, name=net.oneplus.launcher:net.oneplus.launcher/net.oneplus.launcher.Launcher#1
07-04 15:28:55.066 14051 14051 D RecyclerViewWrapper: onWindowVisibilityChanged:8
07-04 15:28:55.067  4431  5741 I GsaVoiceInteractionSrv: (REDACTED) disregardVoiceMatch: %b
07-04 15:28:55.069 14051 14125 E Parcel  : Reading a NULL string not supported here.
07-04 15:28:55.070   904   925 I mtkpower@impl: [setMode] type:5, enabled:0
07-04 15:28:55.071 18070 18070 D LifecycleMonitor: Lifecycle status change: androidx.test.core.app.InstrumentationActivityInvoker$EmptyActivity@aad5de8 in: STOPPED
07-04 15:28:55.071   938   938 D OplusExLayer: ~Layer() sequence=63903, name=Surface(name=44bf6fc StatusBar)/@0x6e28e63 - animation-leash#0
07-04 15:28:55.071   938   938 D OplusExLayer: ~Layer() sequence=63904, name=Surface(name=1a0f092 NavigationBar0)/@0x96afa60 - animation-leash#0
07-04 15:28:55.072 10148 10171 E Parcel  : Reading a NULL string not supported here.
07-04 15:28:55.072 18070 18070 V PhoneWindow: DecorView setVisiblity: visibility = 4, Parent = android.view.ViewRootImpl@28a7083, this = DecorView@ee7094[InstrumentationActivityInvoker$EmptyActivity]
07-04 15:28:55.073  2296  2296 D OplusWallpaperServiceHelper: isNightMode is false
07-04 15:28:55.073  2296  2296 I OplusWallpaperServiceHelper: getDarkModeWallpaperWindowAlpha. nightMode = false
07-04 15:28:55.074   938  1009 D DispPerfService: get hint proc=Surface(name=Task=4037), idx=1 none
07-04 15:28:55.075   938  1009 D DispPerfService: get hint proc=Surface(name=Task=4594), idx=1 none
07-04 15:28:55.075 18070 18070 D LifecycleMonitor: Lifecycle status change: androidx.test.core.app.InstrumentationActivityInvoker$EmptyActivity@aad5de8 in: DESTROYED
07-04 15:28:55.075   938  1009 D DispPerfService: get hint proc=Surface(name=WallpaperWindowToken{bf163bf token=android.os.Binder@4b55de}), idx=1 none
07-04 15:28:55.075 18070 18070 D View    : [Warning] assignParent to null: this = DecorView@ee7094[InstrumentationActivityInvoker$EmptyActivity]
07-04 15:28:55.076 14051 14125 D InstallShortcutReceiver: MSG_FLUSH_QUEUE string = null
07-04 15:28:55.076 14051 14051 D BubbleTextView: applyDotState cn = ComponentInfo{com.wsandroid.suite/com.android.mcafee.ui.framework.BaseActivity}, animated = true, wasDoted = true, isDoted = true, dotScale = 1.0, mDotInfo = net.oneplus.launcher.dot.DotInfo@e9cb4a7
07-04 15:28:55.076 14051 14125 I WeatherProvider: subscribe new weather callback:
07-04 15:28:55.077 14051 14125 D WeatherProvider: getOfflineWeatherInformation() called
07-04 15:28:55.077 14051 14125 D WeatherProvider: Should query weather info again as it may has been updated...
07-04 15:28:55.077 14051 14125 D WeatherProvider: shouldReQueryWeatherInfo - shouldReQuery - true
07-04 15:28:55.077  3743  3750 E oiface  : Average freq 2382937 for 0s.
07-04 15:28:55.077  3743  3750 E oiface  : Average freq 1968750 for 0s.
07-04 15:28:55.077  3743  3750 E oiface  : Average freq 2720984 for 0s.
07-04 15:28:55.078  3743  3750 E oiface  : get gpu freq table failed
07-04 15:28:55.078  3743  3750 E oiface  : client  not found, skipped
07-04 15:28:55.078  3743  3750 D oiface  : forground package is net.oneplus.launcher
07-04 15:28:55.078 14051 14125 I Launcher.Utilities: isNetworkConnected = true
07-04 15:28:55.078 14051 14125 D WeatherProvider: getOfflineWeatherInformation() called to get data from cursor
07-04 15:28:55.078 14051 14125 D WeatherProvider: getWeatherUpdate() called with: isFromTestWeatherObserver = [false]
07-04 15:28:55.080 14051 14125 I Launcher.Utilities: isNetworkConnected = true
07-04 15:28:55.082 14051 18156 D WeatherProvider: getWeatherUpdate().execute(() called
07-04 15:28:55.082 14051 18156 D WeatherProvider: queryWeatherInformation() called
07-04 15:28:55.085   938   938 D DispPerfService: get hint proc=, idx=1 none
07-04 15:28:55.088 18070 18096 I MonitoringInstr: Unstopped activity count: 1
07-04 15:28:55.089   938   938 D OplusExLayer: ~Layer() sequence=63912, name=Screenshot Parent
07-04 15:28:55.091  1186  1320 I OriginChannel: wise light debug, data[0].type is 65627,data[0].sensor is 91:[1166.000000,,140.000000,,43.000000,0.000000,447431073054367]
07-04 15:28:55.091  1184  1184 E DisplayPanelInterface: GetDisplayPanelOBrightness [oplus_brightness]= [834]
07-04 15:28:55.092  1184  1184 E DisplayPanelInterface: GetDisplayPanelOBrightness [oplus_brightness]= [834]
07-04 15:28:55.093 14051 29500 D LauncherAnimationRunner: onAnimationStart#
07-04 15:28:55.094  1548  2340 I InputDispatcher: Focus entered window: Window{30be694 u0 net.oneplus.launcher/net.oneplus.launcher.Launcher} in display 0
07-04 15:28:55.095  2296  2296 D LiveWallpaper.Engine: onVisibilityChanged# false -> true
07-04 15:28:55.095  2296  2296 D Surface : lockHardwareCanvas
07-04 15:28:55.097 14051 14051 D StateManager: setAnimation# targetState: null, anim: 173405251
07-04 15:28:55.097 14051 14051 D QuickstepTransition: createLauncherResumeAnimation set DragLayer alpha 0 and run animation to 1
07-04 15:28:55.097 14051 14051 D QuickstepTransition: [OSP-1899] createLauncherResumeAnimation: +
07-04 15:28:55.097 14051 14051 D BaseActivity: clearForceInvisibleFlag add flag = 31, currentFlag = 0
07-04 15:28:55.097 14051 14051 D BaseActivity: Showing call stack:
07-04 15:28:55.097 14051 14051 D BaseActivity:     [BaseActivity] QuickstepAppTransitionManagerImpl.java, onCreateAnimation, line: 921
07-04 15:28:55.097 14051 14051 D QuickstepTransition: resetContentView set DragLayer alpha 1
07-04 15:28:55.097 14051 14051 D QuickstepTransition: [OSP-1899] createLauncherResumeAnimation: -
07-04 15:28:55.097 18070 18070 I InputTransport: Destroy ARC handle: 0xb400007e7e61dd20
07-04 15:28:55.099  3743  3750 E oiface  : get gpu freq table failed
07-04 15:28:55.101 14051 29500 D LauncherAnimationRunner: onAnimationCancelled#
07-04 15:28:55.105   938   938 D OplusExLayer: ~Layer() sequence=63894, name=ActivityRecord{bbf5bcf u0 com.example.dogglers/androidx.test.core.app.InstrumentationActivityInvoker$EmptyActivity#0
07-04 15:28:55.105   938   938 D OplusExLayer: ~Layer() sequence=63895, name=7510d5 com.example.dogglers/androidx.test.core.app.InstrumentationActivityInvoker$EmptyActivity#0
07-04 15:28:55.105   938   938 I BufferQueueConsumer: [com.example.dogglers/androidx.test.core.app.InstrumentationActivityInvoker$EmptyActivity#0](id:3aa00003b0e,api:0,p:-1,c:938) disconnect()
07-04 15:28:55.105   938   938 I BufferQueue: [com.example.dogglers/androidx.test.core.app.InstrumentationActivityInvoker$EmptyActivity#0](this:0xb400007427500258,id:15118,api:1,p:-1,c:-1) onDestructor()
07-04 15:28:55.105   938   938 D OplusExLayer: ~Layer() sequence=63896, name=com.example.dogglers/androidx.test.core.app.InstrumentationActivityInvoker$EmptyActivity#0
07-04 15:28:55.106 14051 14051 D StateManager: onAnimationEnd# set currentAnim to empty.
07-04 15:28:55.106 14051 14051 D Launcher: onWindowFocusChanged# hasFocus: true
07-04 15:28:55.106  1548  2719 I InputDispatcher: Window went away: com.example.dogglers/androidx.test.core.app.InstrumentationActivityInvoker$EmptyActivity#0
07-04 15:28:55.106 14051 14051 D resumeflow: false
07-04 15:28:55.106 14051 14051 D DeviceHelper: isIndiaSkuSupports: this= 165c135f0de603b74ab9dceb1ab3a540 , is SKU: true
07-04 15:28:55.109   938  1728 I BufferQueueProducer: [com.example.dogglers/androidx.test.core.app.InstrumentationActivityInvoker$EmptyActivity#1](id:3aa00003b0f,api:1,p:18070,c:938) disconnect(): api=1
07-04 15:28:55.110 14051 14051 I SkuHelper: has regional features: false
07-04 15:28:55.110  1548  2719 D InputMethodManagerService: isSecurity: attribute.packageName=net.oneplus.launcher mCurMethodId=com.google.android.inputmethod.latin/com.android.inputmethod.latin.LatinIME
07-04 15:28:55.110  1548  2719 D InputMethodManagerService: isSecurity= false (  enable=false needShow=false inBlackList=false isExist=false )
07-04 15:28:55.114  1548  2719 D VerificationCodeController: notifyImeAttributeChanged: 64false
07-04 15:28:55.116   938   938 E Layer   : [Surface(name=Task=4037)/@0xe5b93b9 - animation-leash#0] No local sync point found
07-04 15:28:55.116   938   938 E Layer   : [Surface(name=Task=4037)/@0xe5b93b9 - animation-leash#0] No local sync point found
07-04 15:28:55.116   938   938 E Layer   : [Surface(name=Task=4594)/@0xadb03f8 - animation-leash#0] No local sync point found
07-04 15:28:55.116   938   938 E Layer   : [Surface(name=Task=4594)/@0xadb03f8 - animation-leash#0] No local sync point found
07-04 15:28:55.116   918  1331 D AudioPolicyService: updateUidStates_l() current->uid=10146 current->pid=4431 allowCapture=1 UidState=3 apmStat=1
07-04 15:28:55.116   918  1331 I chatty  : uid=1041(audioserver) Binder:918_B identical 1 line
07-04 15:28:55.116   918  1331 D AudioPolicyService: updateUidStates_l() current->uid=10146 current->pid=4431 allowCapture=1 UidState=3 apmStat=1
07-04 15:28:55.119  1130 18137 D AudioTrack: pause(5555): prior state:STATE_STOPPED output 13 stream 5 session 28017
07-04 15:28:55.119  1548  3263 I MediaFocusControl: abandonAudioFocus() from uid/pid 10120/2144 clientId=android.media.AudioManager@b4239e0
07-04 15:28:55.119   938  2840 D DispPerfService: get hint proc=Surface(name=2e3c86d InputMethod), idx=1 none
07-04 15:28:55.120 13887 13910 E OPWeather@WeatherDataSharedProvider: query() -> no located city, fallback to use first city in database
07-04 15:28:55.121 18070 18070 D LifecycleMonitor: Lifecycle status change: androidx.test.core.app.InstrumentationActivityInvoker$EmptyActivity@9e81118 in: STOPPED
07-04 15:28:55.121   918  1502 E AudioFlinger: updateAudioDetectState pid : 2144, get null buffer
07-04 15:28:55.121   918  1502 D MtkAudioResamplerDyn: MtkAudioResamplerDyn InBuffer::reset!!
07-04 15:28:55.121  2144 18099 V MediaPlayer: resetDrmState:  mDrmInfo=null mDrmProvisioningThread=null mPrepareDrmInProgress=false mActiveDrmScheme=false
07-04 15:28:55.121  2144 18099 V MediaPlayer: cleanDrmObj: mDrmObj=null mDrmSessionId=null
07-04 15:28:55.121  2144 18099 D MediaPlayer: _release native called
07-04 15:28:55.121  1130  1130 D NuPlayerDriver: reset(0xef8d0640) at state 6
07-04 15:28:55.122 22357 22357 I GoogleInputMethodService: GoogleInputMethodService.onFinishInput():3220
07-04 15:28:55.122  1130 18103 D OplusNuPlayer: initializeOplusMedia [125]:
07-04 15:28:55.122  1130 18137 D AudioTrack: pause(5555): prior state:STATE_STOPPED output 13 stream 5 session 28017
07-04 15:28:55.122  1130 18137 D AudioTrack: flush(5555): prior state:STATE_STOPPED
07-04 15:28:55.122  1130 18137 D AudioTrack: stop(5555): prior state:STATE_FLUSHED output 13 stream 5 session 28017
07-04 15:28:55.123 18070 18070 V PhoneWindow: DecorView setVisiblity: visibility = 4, Parent = android.view.ViewRootImpl@b46e4e2, this = DecorView@d5dddd7[InstrumentationActivityInvoker$EmptyActivity]
07-04 15:28:55.123 22357 22357 I GoogleInputMethodService: GoogleInputMethodService.updateDeviceLockedStatus():2116 checkRepeatedly = false, unlocked = true
07-04 15:28:55.123 22357 22357 I GoogleInputMethodService: GoogleInputMethodService.onStartInput():1923 onStartInput(EditorInfo{inputType=0x0(NULL) imeOptions=0x0 privateImeOptions=null actionName=UNSPECIFIED actionLabel=null actionId=0 initialSelStart=-1 initialSelEnd=-1 initialCapsMode=0x0 hintText=null label=null packageName=net.oneplus.launcher fieldId=-1 fieldName=null extras=null}, false)
07-04 15:28:55.123 22357 22357 I GoogleInputMethodService: GoogleInputMethodService.updateDeviceLockedStatus():2116 checkRepeatedly = true, unlocked = true
07-04 15:28:55.123  1130 18139 I hw-BpHwBinder: onLastStrongRef automatically unlinking death recipients
07-04 15:28:55.124  1219 15968 I hw-BpHwBinder: onLastStrongRef automatically unlinking death recipients
07-04 15:28:55.124 13887 13910 W OPWeather@WeatherDataSharedProvider: query() -> no city added in database
07-04 15:28:55.124  1219 15968 V C2Store : in ~ComponentModule
07-04 15:28:55.124  1219 15968 V C2Store : unloading dll
07-04 15:28:55.125  1130 18103 D NuPlayerDriver: notifyResetComplete(0xef8d0640)
07-04 15:28:55.125  1130  1130 D IAtlas  : IAtlas::init CallingPid 2144
07-04 15:28:55.126 18070 18070 D LifecycleMonitor: Lifecycle status change: androidx.test.core.app.InstrumentationActivityInvoker$EmptyActivity@9e81118 in: DESTROYED
07-04 15:28:55.127 14051 18156 D WeatherProvider: queryWeatherInformation() called after cursor
07-04 15:28:55.127 14051 18156 D WeatherProvider: processWeatherInformation() called with: cursor = [android.content.ContentResolver$CursorWrapperInner@85076b5]
07-04 15:28:55.127 14051 18156 E WeatherProvider: processWeatherInformation - cannot move the cursor point to the first row, is the cursor empty?
07-04 15:28:55.127  1130  1130 D IAtlas  : IAtlas::init this 0xec4a9040
07-04 15:28:55.127 18070 18070 D View    : [Warning] assignParent to null: this = DecorView@d5dddd7[InstrumentationActivityInvoker$EmptyActivity]
07-04 15:28:55.129  1130  1130 W AMessage: failed to post message as target looper for handler 0 is gone.
07-04 15:28:55.130 22357 22357 V PhoneWindow: DecorView setVisiblity: visibility = 8, Parent = android.view.ViewRootImpl@24657c1, this = DecorView@6f65b66[InputMethod]
07-04 15:28:55.130  1130  1130 D AudioTrack: ~AudioTrack(5555): 0xea1c3880
07-04 15:28:55.130  1130  1130 D AudioTrack: ~AudioTrack, releasing mStatus =0 session id 28017 from 1130 on behalf of 2144
07-04 15:28:55.131  1130  1130 D AudioTrack: stop(5555): prior state:STATE_FLUSHED output 13 stream 5 session 28017
07-04 15:28:55.131 18070 18070 I InputTransport: Destroy ARC handle: 0xb400007e8ce79660
07-04 15:28:55.132  2144 18099 D MediaPlayer: _release native finished
07-04 15:28:55.135 14051 29022 D RecentTasksList: loadTasksInBackground: getRecentTasks
07-04 15:28:55.135 14051 14051 D RecentsView: onTaskRemoved taskId = 4594
07-04 15:28:55.136 14051 14051 D RecentsView: onTaskRemoved taskId = 4594
07-04 15:28:55.138 14051 29022 W OpActivityManagerWrapper: Failed to get the field RecentTaskInfo.isTopAppLocked.
07-04 15:28:55.138   938   938 D OplusExLayer: ~Layer() sequence=63881, name=Task=4594#0
07-04 15:28:55.138   938   938 D OplusExLayer: ~Layer() sequence=63899, name=ActivityRecord{acac466 u0 com.example.dogglers/androidx.test.core.app.InstrumentationActivityInvoker$EmptyActivity#0
07-04 15:28:55.138   938   938 D OplusExLayer: ~Layer() sequence=63901, name=35ee408 com.example.dogglers/androidx.test.core.app.InstrumentationActivityInvoker$EmptyActivity#0
07-04 15:28:55.138   938   938 I BufferQueueConsumer: [com.example.dogglers/androidx.test.core.app.InstrumentationActivityInvoker$EmptyActivity#1](id:3aa00003b0f,api:0,p:-1,c:938) disconnect()
07-04 15:28:55.138   938   938 I BufferQueue: [com.example.dogglers/androidx.test.core.app.InstrumentationActivityInvoker$EmptyActivity#1](this:0xb400007427501058,id:15119,api:1,p:-1,c:-1) onDestructor()
07-04 15:28:55.138   938   938 D OplusExLayer: ~Layer() sequence=63902, name=com.example.dogglers/androidx.test.core.app.InstrumentationActivityInvoker$EmptyActivity#1
