07-04 15:28:57.233   938  2840 D DispPerfService: get hint proc=Surface(name=2e3c86d InputMethod), idx=1 none
07-04 15:28:57.235  1548  2340 I InputDispatcher: Window went away: com.example.dogglers/com.example.dogglers.GridListActivity#0
07-04 15:28:57.236 22357 22357 V PhoneWindow: DecorView setVisiblity: visibility = 8, Parent = android.view.ViewRootImpl@24657c1, this = DecorView@6f65b66[InputMethod]
07-04 15:28:57.236 18070 18070 I InputTransport: Destroy ARC handle: 0xb400007e1263c600
07-04 15:28:57.239 18070 18070 D LifecycleMonitor: Lifecycle status change: androidx.test.core.app.InstrumentationActivityInvoker$EmptyActivity@a7bfe05 in: PAUSED
07-04 15:28:57.239 18070 18070 V ActivityScenario: Activity lifecycle changed event received but ignored because the intent does not match. startActivityIntent=Intent { act=android.intent.action.MAIN cat=[android.intent.category.LAUNCHER] cmp=com.example.dogglers/.GridListActivity }, activity.getIntent()=Intent { act=android.intent.action.MAIN cat=[android.intent.category.LAUNCHER] flg=0x10000000 cmp=com.example.dogglers/androidx.test.core.app.InstrumentationActivityInvoker$EmptyActivity mCallingUid=10305 }, activity=androidx.test.core.app.InstrumentationActivityInvoker$EmptyActivity@a7bfe05
07-04 15:28:57.241  1548  2723 I InputDispatcher: setFocusedApplication displayId=0 <invalid>
07-04 15:28:57.242   904   971 I libPowerHal: Act_Match:0, Common_index:-1
07-04 15:28:57.242  1548  2723 D Theia.NoFocusWindow: FocusWindowErrorScene CheckFreezeScreen
07-04 15:28:57.244   904   971 I libPowerHal: [perfNotifyAppState][PD] ,
07-04 15:28:57.245  1548  2340 D InputMethodManagerService: isSecurity: attribute.packageName=com.example.dogglers mCurMethodId=com.google.android.inputmethod.latin/com.android.inputmethod.latin.LatinIME
07-04 15:28:57.245  1548  2340 D InputMethodManagerService: isSecurity= false (  enable=false needShow=false inBlackList=false isExist=false )
07-04 15:28:57.246   938   938 I BufferQueueConsumer: [com.example.dogglers/com.example.dogglers.GridListActivity#0](id:3aa00003b25,api:0,p:-1,c:938) disconnect()
07-04 15:28:57.246   938   938 I BufferQueue: [com.example.dogglers/com.example.dogglers.GridListActivity#0](this:0xb400007374243e58,id:15141,api:1,p:-1,c:-1) onDestructor()
07-04 15:28:57.246   938   938 D OplusExLayer: ~Layer() sequence=64025, name=com.example.dogglers/com.example.dogglers.GridListActivity#0
07-04 15:28:57.246   938   938 D OplusExLayer: ~Layer() sequence=64020, name=ActivityRecord{6bee3ec u0 com.example.dogglers/.GridListActivity#0
07-04 15:28:57.246   938   938 D OplusExLayer: ~Layer() sequence=64024, name=92dace3 com.example.dogglers/com.example.dogglers.GridListActivity#0
07-04 15:28:57.248  1548  2340 D InputMethodManagerService: isSecurity: attribute.packageName=com.example.dogglers mCurMethodId=com.google.android.inputmethod.latin/com.android.inputmethod.latin.LatinIME
07-04 15:28:57.248  1548  2340 D InputMethodManagerService: isSecurity= false (  enable=false needShow=false inBlackList=false isExist=false )
07-04 15:28:57.248  1548  2340 D InputMethodManagerService: startInputOrWindowGainedFocus:  reset Secure =false
07-04 15:28:57.249 18070 18070 D LifecycleMonitor: Lifecycle status change: androidx.test.core.app.InstrumentationActivityInvoker$BootstrapActivity@9eb06c3 in: DESTROYED
07-04 15:28:57.250 18070 18070 V ActivityScenario: Activity lifecycle changed event received but ignored because the intent does not match. startActivityIntent=Intent { act=android.intent.action.MAIN cat=[android.intent.category.LAUNCHER] cmp=com.example.dogglers/.GridListActivity }, activity.getIntent()=Intent { act=android.intent.action.MAIN cat=[android.intent.category.LAUNCHER] flg=0x10008000 cmp=com.example.dogglers/androidx.test.core.app.InstrumentationActivityInvoker$BootstrapActivity (has extras) mCallingUid=10305 }, activity=androidx.test.core.app.InstrumentationActivityInvoker$BootstrapActivity@9eb06c3
07-04 15:28:57.251  1548  1945 I mtkpower_client: perf_lock_rel, hdl:270024, tid:1945
07-04 15:28:57.252  1548  1945 I mtkpower_client: perf_lock_acq, hdl:270024, dur:0, num:16, tid:1945
07-04 15:28:57.252   904   971 I libPowerHal: [perfLockRel] hdl:270024, idx:0
07-04 15:28:57.252   904   971 I libPowerHal: [PD] scn:0 hdl:270024 lock_user:system_server pid:1548 tid:1945 dur:0
07-04 15:28:57.252   904   971 I libPowerHal: system_server: cpu_ctrl set cpu freq: -1 -1 -1 -1 -1 -1
07-04 15:28:57.253 18070 18219 D libMEOW : applied 0 plugin for [com.example.dogglers].
07-04 15:28:57.253   904   971 I libPowerHal: [PD] system_server update cmd:2020000=>1, 1410000=>0, 1c3c000=>1, 2004100=>0,
07-04 15:28:57.254  1548  1945 I mtkpower_client: ret_hdl:270025
07-04 15:28:57.254   904   971 I libPowerHal: [perfLockAcq] idx:0 hdl:270025 hint:-1 pid:1548 duration:0 => ret_hdl:270025
07-04 15:28:57.254   904   971 I libPowerHal: [PE] scn:0 hdl:270025 lock_user:system_server pid:1548 tid:1945 dur:0
07-04 15:28:57.254   904   971 I libPowerHal: system_server: cpu_ctrl set cpu freq: 2000000 -1 2200000 -1 2284000 -1
07-04 15:28:57.254   904   971 I libPowerHal: [PE] system_server update cmd:2020000=>15, 1410000=>2, 1c3c000=>0, 2004100=>0,
07-04 15:28:57.255 18070 18070 D LifecycleMonitor: Lifecycle status change: androidx.test.core.app.InstrumentationActivityInvoker$EmptyActivity@94c8180 in: PRE_ON_CREATE
07-04 15:28:57.255 18070 18070 V ActivityScenario: Activity lifecycle changed event received but ignored because the intent does not match. startActivityIntent=Intent { act=android.intent.action.MAIN cat=[android.intent.category.LAUNCHER] cmp=com.example.dogglers/.GridListActivity }, activity.getIntent()=Intent { act=android.intent.action.MAIN cat=[android.intent.category.LAUNCHER] flg=0x10000000 cmp=com.example.dogglers/androidx.test.core.app.InstrumentationActivityInvoker$EmptyActivity mCallingUid=10305 }, activity=androidx.test.core.app.InstrumentationActivityInvoker$EmptyActivity@94c8180
07-04 15:28:57.257   938   938 D OplusExLayer: ~Layer() sequence=64017, name=ActivityRecord{9f3922e u0 com.example.dogglers/androidx.test.core.app.InstrumentationActivityInvoker$BootstrapActivity#0
07-04 15:28:57.257  1548  2340 I InputDispatcher: Focus left window: Window{2f91834 u0 com.example.dogglers/androidx.test.core.app.InstrumentationActivityInvoker$EmptyActivity} in display 0
07-04 15:28:57.257  1548  2340 I InputDispatcher: Window went away: Window{2f91834 u0 com.example.dogglers/androidx.test.core.app.InstrumentationActivityInvoker$EmptyActivity}
07-04 15:28:57.263 18070 18070 D LifecycleMonitor: Lifecycle status change: androidx.test.core.app.InstrumentationActivityInvoker$EmptyActivity@94c8180 in: CREATED
07-04 15:28:57.263 18070 18070 V ActivityScenario: Activity lifecycle changed event received but ignored because the intent does not match. startActivityIntent=Intent { act=android.intent.action.MAIN cat=[android.intent.category.LAUNCHER] cmp=com.example.dogglers/.GridListActivity }, activity.getIntent()=Intent { act=android.intent.action.MAIN cat=[android.intent.category.LAUNCHER] flg=0x10000000 cmp=com.example.dogglers/androidx.test.core.app.InstrumentationActivityInvoker$EmptyActivity mCallingUid=10305 }, activity=androidx.test.core.app.InstrumentationActivityInvoker$EmptyActivity@94c8180
07-04 15:28:57.264 18070 18070 D LifecycleMonitor: Lifecycle status change: androidx.test.core.app.InstrumentationActivityInvoker$EmptyActivity@94c8180 in: STARTED
07-04 15:28:57.264 18070 18070 V ActivityScenario: Activity lifecycle changed event received but ignored because the intent does not match. startActivityIntent=Intent { act=android.intent.action.MAIN cat=[android.intent.category.LAUNCHER] cmp=com.example.dogglers/.GridListActivity }, activity.getIntent()=Intent { act=android.intent.action.MAIN cat=[android.intent.category.LAUNCHER] flg=0x10000000 cmp=com.example.dogglers/androidx.test.core.app.InstrumentationActivityInvoker$EmptyActivity mCallingUid=10305 }, activity=androidx.test.core.app.InstrumentationActivityInvoker$EmptyActivity@94c8180
07-04 15:28:57.266 18070 18070 D LifecycleMonitor: Lifecycle status change: androidx.test.core.app.InstrumentationActivityInvoker$EmptyActivity@94c8180 in: RESUMED
07-04 15:28:57.266 18070 18070 V ActivityScenario: Activity lifecycle changed event received but ignored because the intent does not match. startActivityIntent=Intent { act=android.intent.action.MAIN cat=[android.intent.category.LAUNCHER] cmp=com.example.dogglers/.GridListActivity }, activity.getIntent()=Intent { act=android.intent.action.MAIN cat=[android.intent.category.LAUNCHER] flg=0x10000000 cmp=com.example.dogglers/androidx.test.core.app.InstrumentationActivityInvoker$EmptyActivity mCallingUid=10305 }, activity=androidx.test.core.app.InstrumentationActivityInvoker$EmptyActivity@94c8180
07-04 15:28:57.266 18070 18070 V PhoneWindow: DecorView setVisiblity: visibility = 4, Parent = null, this = DecorView@d2433fe[]
07-04 15:28:57.267   938  1008 I SurfaceFlinger: [SF client] NEW(0xb400007387055240) for (18070:com.example.dogglers)
07-04 15:28:57.269 18070 18070 D ViewRootImpl[InstrumentationActivityInvoker$EmptyActivity]: hardware acceleration = true , fakeHwAccelerated = false, sRendererDisabled = false, forceHwAccelerated = false, sSystemRendererDisabled = false
07-04 15:28:57.270   938  1008 D DispPerfService: get hint proc=708b87e com.example.dogglers, idx=1 none
07-04 15:28:57.272 18070 18070 I InputTransport: Create ARC handle: 0xb400007e12779c00
07-04 15:28:57.272 18070 18070 V PhoneWindow: DecorView setVisiblity: visibility = 0, Parent = android.view.ViewRootImpl@ad17275, this = DecorView@d2433fe[InstrumentationActivityInvoker$EmptyActivity]
07-04 15:28:57.285   938  1008 D DispPerfService: get hint proc=com.example.dogglers, idx=1 none
07-04 15:28:57.285   938  1008 I BufferQueueConsumer: [](id:3aa00003b27,api:0,p:-1,c:938) connect(): controlledByApp=false
07-04 15:28:57.285   938  1008 I BufferQueue: [unnamed-938-15143](this:0xb4000073871dca58,id:15143,api:0,p:-1,c:-1) BufferQueue core=(938:/system/bin/surfaceflinger)
07-04 15:28:57.286   938  1008 D DispPerfService: get hint proc=Surface(name=44bf6fc StatusBar), idx=1 none
07-04 15:28:57.286   938  1008 D DispPerfService: get hint proc=Surface(name=1a0f092 NavigationBar0), idx=1 none
07-04 15:28:57.287  1548  2340 D Theia.NoFocusWindow: FocusWindowErrorScene cancelCheckFreezeScreen
07-04 15:28:57.289   938  1728 I BufferQueueProducer: [com.example.dogglers/androidx.test.core.app.InstrumentationActivityInvoker$EmptyActivity#1](id:3aa00003b27,api:1,p:18070,c:938) connect(): api=1 producerControlledByApp=false
07-04 15:28:57.297   938  1728 D DispPerfService: onframeavailable pid=18070, slot=4, seq=64038, name=com.example.dogglers:com.example.dogglers/androidx.test.core.app.InstrumentationActivityInvoker$EmptyActivity#1
07-04 15:28:57.299  1548  1583 I ActivityTaskManager: Displayed com.example.dogglers/androidx.test.core.app.InstrumentationActivityInvoker$EmptyActivity: +73ms
07-04 15:28:57.302   938   938 D OplusExLayer: ~Layer() sequence=64033, name=Surface(name=44bf6fc StatusBar)/@0x6e28e63 - animation-leash#1
07-04 15:28:57.302   938   938 D OplusExLayer: ~Layer() sequence=64034, name=Surface(name=1a0f092 NavigationBar0)/@0x96afa60 - animation-leash#1
07-04 15:28:57.303  1548  2723 I InputDispatcher: Focus entered window: Window{708b87e u0 com.example.dogglers/androidx.test.core.app.InstrumentationActivityInvoker$EmptyActivity} in display 0
07-04 15:28:57.303  1548  2723 I InputDispatcher: Window went away: com.example.dogglers/androidx.test.core.app.InstrumentationActivityInvoker$EmptyActivity#1
07-04 15:28:57.305   885   992 I hwcomposer: [HWCDisplay] [Display_0 (type:1)] fps:81.116585,dur:1010.89,max:35.59,min:8.26
07-04 15:28:57.316   938  1008 I BufferQueueProducer: [com.example.dogglers/androidx.test.core.app.InstrumentationActivityInvoker$EmptyActivity#0](id:3aa00003b26,api:1,p:18070,c:938) disconnect(): api=1
07-04 15:28:57.323  1548  4479 D Theia.NoFocusWindow: FocusWindowErrorScene CheckFreezeScreen
07-04 15:28:57.323  1548  4479 I InputDispatcher: setFocusedApplication displayId=0 ActivityRecord{9b675b3 u0 net.oneplus.launcher/.Launcher t4037}
07-04 15:28:57.324  1548  1945 I mtkpower_client: perf_lock_rel, hdl:270025, tid:1945
07-04 15:28:57.324  1548  1945 I mtkpower_client: perf_lock_acq, hdl:270025, dur:0, num:16, tid:1945
07-04 15:28:57.324   904   971 I libPowerHal: [perfLockRel] hdl:270025, idx:0
07-04 15:28:57.324   904   971 I libPowerHal: [PD] scn:0 hdl:270025 lock_user:system_server pid:1548 tid:1945 dur:0
07-04 15:28:57.325   904   971 I libPowerHal: system_server: cpu_ctrl set cpu freq: -1 -1 -1 -1 -1 -1
07-04 15:28:57.325   904   971 I libPowerHal: [PD] system_server update cmd:2020000=>1, 1410000=>0, 1c3c000=>1, 2004100=>0,
07-04 15:28:57.325  1548  1945 I mtkpower_client: ret_hdl:270026
07-04 15:28:57.325  1548  4479 D InputMethodManagerService: isSecurity: attribute.packageName=com.example.dogglers mCurMethodId=com.google.android.inputmethod.latin/com.android.inputmethod.latin.LatinIME
07-04 15:28:57.325  1548  4479 D InputMethodManagerService: isSecurity= false (  enable=false needShow=false inBlackList=false isExist=false )
07-04 15:28:57.325   904   971 I libPowerHal: [perfLockAcq] idx:0 hdl:270026 hint:-1 pid:1548 duration:0 => ret_hdl:270026
07-04 15:28:57.325   904   971 I libPowerHal: [PE] scn:0 hdl:270026 lock_user:system_server pid:1548 tid:1945 dur:0
07-04 15:28:57.325  1548  4479 D InputMethodManagerService: isSecurity: attribute.packageName=com.example.dogglers mCurMethodId=com.google.android.inputmethod.latin/com.android.inputmethod.latin.LatinIME
07-04 15:28:57.325  1548  4479 D InputMethodManagerService: isSecurity= false (  enable=false needShow=false inBlackList=false isExist=false )
07-04 15:28:57.325  1548  4479 D InputMethodManagerService: startInputOrWindowGainedFocus:  reset Secure =false
07-04 15:28:57.325   904   971 I libPowerHal: system_server: cpu_ctrl set cpu freq: 2000000 -1 2200000 -1 2284000 -1
07-04 15:28:57.326   904   971 I libPowerHal: [PE] system_server update cmd:2020000=>15, 1410000=>2, 1c3c000=>0, 2004100=>0,
07-04 15:28:57.327 18070 18070 D LifecycleMonitor: Lifecycle status change: androidx.test.core.app.InstrumentationActivityInvoker$EmptyActivity@94c8180 in: PAUSED
07-04 15:28:57.327 18070 18070 V ActivityScenario: Activity lifecycle changed event received but ignored because the intent does not match. startActivityIntent=Intent { act=android.intent.action.MAIN cat=[android.intent.category.LAUNCHER] cmp=com.example.dogglers/.GridListActivity }, activity.getIntent()=Intent { act=android.intent.action.MAIN cat=[android.intent.category.LAUNCHER] flg=0x10000000 cmp=com.example.dogglers/androidx.test.core.app.InstrumentationActivityInvoker$EmptyActivity mCallingUid=10305 }, activity=androidx.test.core.app.InstrumentationActivityInvoker$EmptyActivity@94c8180
07-04 15:28:57.328  1548  4479 V SensorManager: setScreenShotDisableImpl
07-04 15:28:57.328  1548  4479 D SensorService: debug_oplusGeminiProximity setScreenShotDisable in SensorService
07-04 15:28:57.328  1548  4479 I OplusHansManager : front pkg: net.oneplus.launcher, uid: 10119, prev pkg: com.example.dogglers, prev uid: 10305
07-04 15:28:57.328  1548  3692 I OplusHansManager : notifyAppGoForeground, uid=10119
07-04 15:28:57.328  1548  3692 I OplusHansManager : notifyAppGoBackground, uid=10305
07-04 15:28:57.328  1548  2589 I OplusHansManager : uid=10305, pkg=com.example.dogglers enter SM
07-04 15:28:57.328  1548  2589 I OplusHansManager : uid=10305, pkg=com.example.dogglers R enter()
07-04 15:28:57.329  1548  1945 I mtkpower_client: perf_lock_rel, hdl:270026, tid:1945
07-04 15:28:57.329  1548  1945 I mtkpower_client: perf_lock_acq, hdl:270026, dur:0, num:16, tid:1945
07-04 15:28:57.330   904   971 I libPowerHal: [perfLockRel] hdl:270026, idx:0
07-04 15:28:57.330   904   971 I libPowerHal: [PD] scn:0 hdl:270026 lock_user:system_server pid:1548 tid:1945 dur:0
07-04 15:28:57.330   904   971 I libPowerHal: system_server: cpu_ctrl set cpu freq: -1 -1 -1 -1 -1 -1
07-04 15:28:57.331  1548  2774 I OplusResourcePreloadManager: resume pkg: net.oneplus.launcher, uid:10119, prev pkg: com.example.dogglers, prev uid: 10305
07-04 15:28:57.331  1548  2774 E Process : get_ion_cache_memory: Unable to open /d/ion/system_stats
07-04 15:28:57.331  3186  5672 W Battery : ThermalControlUtils: mForegroundPkg=net.oneplus.launcher
07-04 15:28:57.332 11621 11642 D ZoomAppController: ignore onAppEnter: mCurrentZoomInfo is null
07-04 15:28:57.333 18070 18096 E TestRunner: failed: grid_list_content_at_first_position(com.example.dogglers.GridListTests)
07-04 15:28:57.333 18070 18096 E TestRunner: ----- begin exception -----
07-04 15:28:57.334   904   971 I libPowerHal: [PD] system_server update cmd:2020000=>1, 1410000=>0, 1c3c000=>1, 2004100=>0,
07-04 15:28:57.334 18070 18096 E TestRunner: androidx.test.espresso.NoMatchingViewException: No views in hierarchy found matching: an instance of android.widget.TextView and view.getText() with or without transformation to match: is "7"
07-04 15:28:57.334 18070 18096 E TestRunner:
07-04 15:28:57.334 18070 18096 E TestRunner: View Hierarchy:
07-04 15:28:57.334 18070 18096 E TestRunner: +>DecorView{id=-1, visibility=VISIBLE, width=1080, height=2400, has-focus=false, has-focusable=true, has-window-focus=true, is-clickable=false, is-enabled=true, is-focused=false, is-focusable=false, is-layout-requested=false, is-selected=false, layout-params={(0,0)(fillxfill) ty=BASE_APPLICATION wanim=0x10302fe
07-04 15:28:57.334 18070 18096 E TestRunner:   fl=LAYOUT_IN_SCREEN LAYOUT_INSET_DECOR SPLIT_TOUCH HARDWARE_ACCELERATED DRAWS_SYSTEM_BAR_BACKGROUNDS
07-04 15:28:57.334 18070 18096 E TestRunner:   pfl=FORCE_DRAW_STATUS_BAR_BACKGROUND FIT_INSETS_CONTROLLED
07-04 15:28:57.334 18070 18096 E TestRunner:   fitSides= CLP[ ]}, tag=null, root-is-layout-requested=false, has-input-connection=false, x=0.0, y=0.0, child-count=2}
07-04 15:28:57.334 18070 18096 E TestRunner: |
07-04 15:28:57.334 18070 18096 E TestRunner: +->LinearLayout{id=-1, visibility=VISIBLE, width=1080, height=2400, has-focus=false, has-focusable=true, has-window-focus=true, is-clickable=false, is-enabled=true, is-focused=false, is-focusable=false, is-layout-requested=false, is-selected=false, layout-params=android.widget.FrameLayout$LayoutParams@9570051, tag=null, root-is-layout-requested=false, has-input-connection=false, x=0.0, y=0.0, child-count=2}
07-04 15:28:57.334 18070 18096 E TestRunner: |
07-04 15:28:57.334 18070 18096 E TestRunner: +-->ViewStub{id=16908719, res-name=action_mode_bar_stub, visibility=GONE, width=0, height=0, has-focus=false, has-focusable=false, has-window-focus=true, is-clickable=false, is-enabled=true, is-focused=false, is-focusable=false, is-layout-requested=true, is-selected=false, layout-params=android.widget.LinearLayout$LayoutParams@bca00b6, tag=null, root-is-layout-requested=false, has-input-connection=false, x=0.0, y=0.0}
07-04 15:28:57.334 18070 18096 E TestRunner: |
07-04 15:28:57.334 18070 18096 E TestRunner: +-->FrameLayout{id=-1, visibility=VISIBLE, width=1080, height=2287, has-focus=false, has-focusable=true, has-window-focus=true, is-clickable=false, is-enabled=true, is-focused=false, is-focusable=false, is-layout-requested=false, is-selected=false, layout-params=android.widget.LinearLayout$LayoutParams@d4fdd24, tag=null, root-is-layout-requested=false, has-input-connection=false, x=0.0, y=113.0, child-count=1}
07-04 15:28:57.334 18070 18096 E TestRunner: |
07-04 15:28:57.334 18070 18096 E TestRunner: +--->ActionBarOverlayLayout{id=2131230866, res-name=decor_content_parent, visibility=VISIBLE, width=1080, height=2287, has-focus=false, has-focusable=true, has-window-focus=true, is-clickable=false, is-enabled=true, is-focused=false, is-focusable=false, is-layout-requested=false, is-selected=false, layout-params=android.widget.FrameLayout$LayoutParams@175f253, tag=null, root-is-layout-requested=false, has-input-connection=false, x=0.0, y=0.0, child-count=2}
07-04 15:28:57.334 18070 18096 E TestRunner: |
07-04 15:28:57.334 18070 18096 E TestRunner: +---->ContentFrameLayout{id=16908290, res-name=content, visibility=VISIBLE, width=1080, height=2119, has-focus=false, has-focusable=true, has-window-focus=true, is-clickable=false, is-enabled=true, is-focused=false, is-focusable=false, is-layout-requested=false, is-selected=false, layout-params=androidx.appcompat.widget.ActionBarOverlayLayout$LayoutParams@f886889, tag=null, root-is-layout-requested=false, has-input-connection=false, x=0.0, y=168.0, child-count=1}
07-04 15:28:57.334 18070 18096 E TestRunner: |
07-04 15:28:57.334 18070 18096 E TestRunner: +----->FrameLayout{id=-1, visibility=VISIBLE, width=1080, height=2119, has-focus=false, has-focusable=true, has-window-focus=true, is-clickable=false, is-enabled=true, is-focused=false, is-focusable=false, is-layout-requested=false, is-selected=false, layout-params=android.widget.FrameLayout$LayoutParams@a6360af, tag=null, root-is-layout-requested=false, has-input-connection=false, x=0.0, y=0.0, child-count=1}
07-04 15:28:57.334 18070 18096 E TestRunner: |
07-04 15:28:57.334 18070 18096 E TestRunner: +------>RecyclerView{id=2131230937, res-name=grid_recycler_view, visibility=VISIBLE, width=1080, height=2119, has-focus=false, has-focusable=true, has-window-focus=true, is-clickable=false, is-enabled=true, is-focused=false, is-focusable=true, is-layout-requested=false, is-selected=false, layout-params=android.widget.FrameLayout$LayoutParams@d98d8a8, tag=null, root-is-layout-requested=false, has-input-connection=false, x=0.0, y=0.0, child-count=4}
07-04 15:28:57.334 18070 18096 E TestRunner: |
07-04 15:28:57.334 18070 18096 E TestRunner: +------->MaterialCardView{id=-1, visibility=VISIBLE, width=492, height=1051, has-focus=false, has-focusable=false, has-window-focus=true, is-clickable=false, is-enabled=true, is-focused=false, is-focusable=false, is-layout-requested=false, is-selected=false, layout-params=androidx.recyclerview.widget.GridLayoutManager$LayoutParams@4320366, tag=null, root-is-layout-requested=false, has-input-connection=false, x=24.0, y=24.0, is-checked=false, child-count=1}
07-04 15:28:57.334 18070 18096 E TestRunner: |
07-04 15:28:57.334 18070 18096 E TestRunner: +-------->ConstraintLayout{id=-1, visibility=VISIBLE, width=492, height=986, has-focus=false, has-focusable=false, has-window-focus=true, is-clickable=false, is-enabled=true, is-focused=false, is-focusable=false, is-layout-requested=false, is-selected=false, layout-params=android.widget.FrameLayout$LayoutParams@3b01643, tag=null, root-is-layout-requested=false, has-input-connection=false, x=0.0, y=0.0, child-count=4}
07-04 15:28:57.334 18070 18096 E TestRunner: |
07-04 15:28:57.334 18070 18096 E TestRunner: +--------->AppCompatImageView{id=2131230885, res-name=dog_image, visibility=VISIBLE, width=492, height=582, has-focus=false, has-focusable=false, has-window-focus=true, is-clickable=false, is-enabled=true, is-focused=false, is-focusable=false, is-layout-requested=false, is-selected=false, layout-params=androidx.constraintlayout.widget.ConstraintLayout$LayoutParams@39414c0, tag=null, root-is-layout-requested=false, has-input-connection=false, x=0.0, y=0.0}
07-04 15:28:57.334 18070 18096 E TestRunner: |
07-04 15:28:57.334 18070 18096 E TestRunner: +--------->MaterialTextView{id=2131230886, res-name=dog_name, visibility=VISIBLE, width=444, height=75, has-focus=false, has-focusable=false, has-window-focus=true, is-clickable=false, is-enabled=true, is-focused=false, is-focusable=false, is-layout-requested=false, is-selected=false, layout-params=androidx.constraintlayout.widget.ConstraintLayout$LayoutParams@df85f9, tag=null, root-is-layout-requested=false, has-input-connection=false, x=24.0, y=606.0, text=Tzeitel, input-type=0, ime-target=false, has-links=false}
07-04 15:28:57.334 18070 18096 E TestRunner: |
07-04 15:28:57.334 18070 18096 E TestRunner: +--------->MaterialTextView{id=2131230883, res-name=dog_age, visibility=VISIBLE, width=444, height=60, has-focus=false, has-focusable=false, has-window-focus=true, is-clickable=false, is-enabled=true, is-focused=false, is-focusable=false, is-layout-requested=false, is-selected=false, layout-params=androidx.constraintlayout.widget.ConstraintLayout$LayoutParams@194193e, tag=null, root-is-layout-requested=false, has-input-connection=false, x=24.0, y=729.0, text=Age: 7, input-type=0, ime-target=false, has-links=false}
07-04 15:28:57.334 18070 18096 E TestRunner: |
07-04 15:28:57.334 18070 18096 E TestRunner: +--------->MaterialTextView{id=2131230884, res-name=dog_hobbies, visibility=VISIBLE, width=444, height=125, has-focus=false, has-focusable=false, has-window-focus=true, is-clickable=false, is-enabled=true, is-focused=false, is-focusable=false, is-layout-requested=false, is-selected=false, layout-params=androidx.constraintlayout.widget.ConstraintLayout$LayoutParams@fb3d39f, tag=null, root-is-layout-requested=false, has-input-connection=false, x=24.0, y=837.0, text=Hobbies: sunbathing, input-type=0, ime-target=false, has-links=false}
07-04 15:28:57.334 18070 18096 E TestRunner: |
07-04 15:28:57.334 18070 18096 E TestRunner: +------->MaterialCardView{id=-1, visibility=VISIBLE, width=492, height=1051, has-focus=false, has-focusable=false, has-window-focus=true, is-clickable=false, is-enabled=true, is-focused=false, is-focusable=false, is-layout-requested=false, is-selected=false, layout-params=androidx.recyclerview.widget.GridLayoutManager$LayoutParams@a8988b5, tag=null, root-is-layout-requested=false, has-input-connection=false, x=564.0, y=24.0, is-checked=false, child-count=1}
07-04 15:28:57.334 18070 18096 E TestRunner: |
07-04 15:28:57.334 18070 18096 E TestRunner: +-------->ConstraintLayout{id=-1, visibility=VISIBLE, width=492, height=1051, has-focus=false, has-focusable=false, has-window-focus=true, is-clickable=false, is-enabled=true, is-focused=false, is-focusable=false, is-layout-requested=false, is-selected=false, layout-params=android.widget.FrameLayout$LayoutParams@fb81216, tag=null, root-is-layout-requested=false, has-input-connection=false, x=0.0, y=0.0, child-count=4}
07-04 15:28:57.334 18070 18096 E TestRunner: |
07-04 15:28:57.334 18070 18096 E TestRunner: +--------->AppCompatImageView{id=2131230885, res-name=dog_image, visibility=VISIBLE, width=492, height=582, has-focus=false, has-focusable=false, has-window-focus=true, is-clickable=false, is-enabled=true, is-focused=false, is-focusable=false, is-layout-requested=false, is-selected=false, layout-params=androidx.constraintlayout.widget.ConstraintLayout$LayoutParams@9e69797, tag=null, root-is-layout-requested=false, has-input-connection=false, x=0.0, y=0.0}
07-04 15:28:57.334 18070 18096 E TestRunner: |
07-04 15:28:57.334 18070 18096 E TestRunner: +--------->MaterialTextView{id=2131230886, res-name=dog_name, visibility=VISIBLE, width=444, height=75, has-focus=false, has-focusable=false, has-window-focus=true, is-clickable=false, is-enabled=true, is-focused=false, is-focusable=false, is-layout-requested=false, is-selected=false, layout-params=androidx.constraintlayout.widget.ConstraintLayout$LayoutParams@f28bd84, tag=null, root-is-layout-requested=false, has-input-connection=false, x=24.0, y=606.0, text=Leroy, input-type=0, ime-target=false, has-links=false}
07-04 15:28:57.334 18070 18096 E TestRunner: |
07-04 15:28:57.334 18070 18096 E TestRunner: +--------->MaterialTextView{id=2131230883, res-name=dog_age, visibility=VISIBLE, width=444, height=60, has-focus=false, has-focusable=false, has-window-focus=true, is-clickable=false, is-enabled=true, is-focused=false, is-focusable=false, is-layout-requested=false, is-selected=false, layout-params=androidx.constraintlayout.widget.ConstraintLayout$LayoutParams@62f196d, tag=null, root-is-layout-requested=false, has-input-connection=false, x=24.0, y=729.0, text=Age: 4, input-type=0, ime-target=false, has-links=false}
07-04 15:28:57.334 18070 18096 E TestRunner: |
07-04 15:28:57.334 18070 18096 E TestRunner: +--------->MaterialTextView{id=2131230884, res-name=dog_hobbies, visibility=VISIBLE, width=444, height=190, has-focus=false, has-focusable=false, has-window-focus=true, is-clickable=false, is-enabled=true, is-focused=false, is-focusable=false, is-layout-requested=false, is-selected=false, layout-params=androidx.constraintlayout.widget.ConstraintLayout$LayoutParams@31b39a2, tag=null, root-is-layout-requested=false, has-input-connection=false, x=24.0, y=837.0, text=Hobbies: sleeping in dangerous places, input-type=0, ime-target=false, has-links=false}
07-04 15:28:57.334 18070 18096 E TestRunner: |
07-04 15:28:57.334 18070 18096 E TestRunner: +------->MaterialCardView{id=-1, visibility=VISIBLE, width=492, height=986, has-focus=false, has-focusable=false, has-window-focus=true, is-clickable=false, is-enabled=true, is-focused=false, is-focusable=false, is-layout-requested=false, is-selected=false, layout-params=androidx.recyclerview.widget.GridLayoutManager$LayoutParams@7362df0, tag=null, root-is-layout-requested=false, has-input-connection=false, x=24.0, y=1123.0, is-checked=false, child-count=1}
07-04 15:28:57.334 18070 18096 E TestRunner: |
07-04 15:28:57.334 18070 18096 E TestRunner: +-------->ConstraintLayout{id=-1, visibility=VISIBLE, width=492, height=986, has-focus=false, has-focusable=false, has-window-focus=true, is-clickable=false, is-enabled=true, is-focused=false, is-focusable=false, is-layout-requested=false, is-selected=false, layout-params=android.widget.FrameLayout$LayoutParams@66f0925, tag=null, root-is-layout-requested=false, has-input-connection=false, x=0.0, y=0.0, child-count=4}
07-04 15:28:57.334 18070 18096 E TestRunner: |
07-04 15:28:57.334 18070 18096 E TestRunner: +--------->AppCompatImageView{id=2131230885, res-name=dog_image, visibility=VISIBLE, width=492, height=582, has-focus=false, has-focusable=false, has-window-focus=true, is-clickable=false, is-enabled=true, is-focused=false, is-focusable=false, is-layout-requested=false, is-selected=false, layout-params=androidx.constraintlayout.widget.ConstraintLayout$LayoutParams@9ae5afa, tag=null, root-is-layout-requested=false, has-input-connection=false, x=0.0, y=0.0}
07-04 15:28:57.334 18070 18096 E TestRunner: |
07-04 15:28:57.334 18070 18096 E TestRunner: +--------->MaterialTextView{id=2131230886, res-name=dog_name, visibility=VISIBLE, width=444, height=75, has-focus=false, has-focusable=false, has-window-focus=true, is-clickable=false, is-enabled=true, is-focused=false, is-focusable=false, is-layout-requested=false, is-selected=false, layout-params=androidx.constraintlayout.widget.ConstraintLayout$LayoutParams@65118ab, tag=null, root-is-layout-requested=false, has-input-connection=false, x=24.0, y=606.0, text=Frankie, input-type=0, ime-target=false, has-links=false}
07-04 15:28:57.334 18070 18096 E TestRunner: |
07-04 15:28:57.334 18070 18096 E TestRunner: +--------->MaterialTextView{id=2131230883, res-name=dog_age, visibility=VISIBLE, width=444, height=60, has-focus=false, has-focusable=false, has-window-focus=true, is-clickable=false, is-enabled=true, is-focused=false, is-focusable=false, is-layout-requested=false, is-selected=false, layout-params=androidx.constraintlayout.widget.ConstraintLayout$LayoutParams@54dcb08, tag=null, root-is-layout-requested=false, has-input-connection=false, x=24.0, y=729.0, text=Age: 2, input-type=0, ime-target=false, has-links=false}
07-04 15:28:57.334 18070 18096 E TestRunner: |
07-04 15:28:57.334 18070 18096 E TestRunner: +--------->MaterialTextView{id=2131230884, res-name=dog_hobbies, visibility=VISIBLE, width=444, height=125, has-focus=false, has-focusable=false, has-window-focus=true, is-clickable=false, is-enabled=true, is-focused=false, is-focusable=false, is-layout-requested=false, is-selected=false, layout-params=androidx.constraintlayout.widget.ConstraintLayout$LayoutParams@62c12a1, tag=null, root-is-layout-requested=false, has-input-connection=false, x=24.0, y=837.0, text=Hobbies: stealing socks, input-type=0, ime-target=false, has-links=false}
07-04 15:28:57.334 18070 18096 E TestRunner: |
07-04 15:28:57.334 18070 18096 E TestRunner: +------->MaterialCardView{id=-1, visibility=VISIBLE, width=492, height=986, has-focus=false, has-focusable=false, has-window-focus=true, is-clickable=false, is-enabled=true, is-focused=false, is-focusable=false, is-layout-requested=false, is-selected=false, layout-params=androidx.recyclerview.widget.GridLayoutManager$LayoutParams@b069487, tag=null, root-is-layout-requested=false, has-input-connection=false, x=564.0, y=1123.0, is-checked=false, child-count=1}
07-04 15:28:57.334 18070 18096 E TestRunner: |
07-04 15:28:57.334 18070 18096 E TestRunner: +-------->ConstraintLayout{id=-1, visibility=VISIBLE, width=492, height=986, has-focus=false, has-focusable=false, has-window-focus=true, is-clickable=false, is-enabled=true, is-focused=false, is-focusable=false, is-layout-requested=false, is-selected=false, layout-params=android.widget.FrameLayout$LayoutParams@de8f320, tag=null, root-is-layout-requested=false, has-input-connection=false, x=0.0, y=0.0, child-count=4}
07-04 15:28:57.334 18070 18096 E TestRunner: |
07-04 15:28:57.334 18070 18096 E TestRunner: +--------->AppCompatImageView{id=2131230885, res-name=dog_image, visibility=VISIBLE, width=492, height=582, has-focus=false, has-focusable=false, has-window-focus=true, is-clickable=false, is-enabled=true, is-focused=false, is-focusable=false, is-layout-requested=false, is-selected=false, layout-params=androidx.constraintlayout.widget.ConstraintLayout$LayoutParams@10374d9, tag=null, root-is-layout-requested=false, has-input-connection=false, x=0.0, y=0.0}
07-04 15:28:57.334 18070 18096 E TestRunner: |
07-04 15:28:57.334 18070 18096 E TestRunner: +--------->MaterialTextView{id=2131230886, res-name=dog_name, visibility=VISIBLE, width=444, height=75, has-focus=false, has-focusable=false, has-window-focus=true, is-clickable=false, is-enabled=true, is-focused=false, is-focusable=false, is-layout-requested=false, is-selected=false, layout-params=androidx.constraintlayout.widget.ConstraintLayout$LayoutParams@4e90e9e, tag=null, root-is-layout-requested=false, has-input-connection=false, x=24.0, y=606.0, text=Nox, input-type=0, ime-target=false, has-links=false}
07-04 15:28:57.334 18070 18096 E TestRunner: |
07-04 15:28:57.334 18070 18096 E TestRunner: +--------->MaterialTextView{id=2131230883, res-name=dog_age, visibility=VISIBLE, width=444, height=60, has-focus=false, has-focusable=false, has-window-focus=true, is-clickable=false, is-enabled=true, is-focused=false, is-focusable=false, is-layout-requested=false, is-selected=false, layout-params=androidx.constraintlayout.widget.ConstraintLayout$LayoutParams@5e38d7f, tag=null, root-is-layout-requested=false, has-input-connection=false, x=24.0, y=729.0, text=Age: 8, input-type=0, ime-target=false, has-links=false}
07-04 15:28:57.334 18070 18096 E TestRunner: |
07-04 15:28:57.334 18070 18096 E TestRunner: +--------->MaterialTextView{id=2131230884, res-name=dog_hobbies, visibility=VISIBLE, width=444, height=125, has-focus=false, has-focusable=false, has-window-focus=true, is-clickable=false, is-enabled=true, is-focused=false, is-focusable=false, is-layout-requested=false, is-selected=false, layout-params=androidx.constraintlayout.widget.ConstraintLayout$LayoutParams@63a214c, tag=null, root-is-layout-requested=false, has-input-connection=false, x=24.0, y=837.0, text=Hobbies: meeting new animals, input-type=0, ime-target=false, has-links=false}
07-04 15:28:57.334 18070 18096 E TestRunner: |
07-04 15:28:57.334 18070 18096 E TestRunner: +---->ActionBarContainer{id=2131230774, res-name=action_bar_container, visibility=VISIBLE, width=1080, height=168, has-focus=false, has-focusable=false, has-window-focus=true, is-clickable=false, is-enabled=true, is-focused=false, is-focusable=false, is-layout-requested=false, is-selected=false, layout-params=androidx.appcompat.widget.ActionBarOverlayLayout$LayoutParams@ad829b, tag=null, root-is-layout-requested=false, has-input-connection=false, x=0.0, y=0.0, child-count=2}
07-04 15:28:57.334 18070 18096 E TestRunner: |
07-04 15:28:57.334 18070 18096 E TestRunner: +----->Toolbar{id=2131230772, res-name=action_bar, visibility=VISIBLE, width=1080, height=168, has-focus=false, has-focusable=false, has-window-focus=true, is-clickable=false, is-enabled=true, is-focused=false, is-focusable=false, is-layout-requested=false, is-selected=false, layout-params=android.widget.FrameLayout$LayoutParams@f57ad77, tag=null, root-is-layout-requested=false, has-input-connection=false, x=0.0, y=0.0, child-count=3}
07-04 15:28:57.334 18070 18096 E TestRunner: |
07-04 15:28:57.334 18070 18096 E TestRunner: +------>AppCompatTextView{id=-1, visibility=VISIBLE, width=264, height=75, has-focus=false, has-focusable=false, has-window-focus=true, is-clickable=false, is-enabled=true, is-focused=false, is-focusable=false, is-layout-requested=false, is-selected=false, layout-params=androidx.appcompat.widget.Toolbar$LayoutParams@394de4, tag=null, root-is-layout-requested=false, has-input-connection=false, x=216.0, y=46.0, text=Dogglers, input-type=0, ime-target=false, has-links=false}
07-04 15:28:57.334 18070 18096 E TestRunner: |
07-04 15:28:57.334 18070 18096 E TestRunner: +------>AppCompatImageButton{id=-1, desc=Siirry yls, visibility=VISIBLE, width=168, height=168, has-focus=false, has-focusable=false, has-window-focus=true, is-clickable=true, is-enabled=true, is-focused=false, is-focusable=true, is-layout-requested=false, is-selected=false, layout-params=androidx.appcompat.widget.Toolbar$LayoutParams@79d24d, tag=null, root-is-layout-requested=false, has-input-connection=false, x=0.0, y=0.0}
07-04 15:28:57.334 18070 18096 E TestRunner: |
07-04 15:28:57.334 18070 18096 E TestRunner: +------>ActionMenuView{id=-1, visibility=VISIBLE, width=0, height=168, has-focus=false, has-focusable=false, has-window-focus=true, is-clickable=false, is-enabled=true, is-focused=false, is-focusable=false, is-layout-requested=false, is-selected=false, layout-params=androidx.appcompat.widget.Toolbar$LayoutParams@6803102, tag=null, root-is-layout-requested=false, has-input-connection=false, x=1080.0, y=0.0, child-count=0}
07-04 15:28:57.334 18070 18096 E TestRunner: |
07-04 15:28:57.334 18070 18096 E TestRunner: +----->ActionBarContextView{id=2131230780, res-name=action_context_bar, visibility=GONE, width=0, height=0, has-focus=false, has-focusable=false, has-window-focus=true, is-clickable=false, is-enabled=true, is-focused=false, is-focusable=false, is-layout-requested=true, is-selected=false, layout-params=android.widget.FrameLayout$LayoutParams@d0faa13, tag=null, root-is-layout-requested=false, has-input-connection=false, x=0.0, y=0.0, child-count=0}
07-04 15:28:57.334 18070 18096 E TestRunner: |
07-04 15:28:57.334 18070 18096 E TestRunner: +->View{id=16908335, res-name=statusBarBackground, visibility=VISIBLE, width=1080, height=113, has-focus=false, has-focusable=false, has-window-focus=true, is-clickable=false, is-enabled=true, is-focused=false, is-focusable=false, is-layout-requested=false, is-selected=false, layout-params=android.widget.FrameLayout$LayoutParams@32f6450, tag=null, root-is-layout-requested=false, has-input-connection=false, x=0.0, y=0.0}
07-04 15:28:57.334 18070 18096 E TestRunner: 	at dalvik.system.VMStack.getThreadStackTrace(Native Method)
07-04 15:28:57.334 18070 18096 E TestRunner: 	at java.lang.Thread.getStackTrace(Thread.java:1736)
07-04 15:28:57.334 18070 18096 E TestRunner: 	at androidx.test.espresso.base.DefaultFailureHandler.getUserFriendlyError(DefaultFailureHandler.java:12)
07-04 15:28:57.334 18070 18096 E TestRunner: 	at androidx.test.espresso.base.DefaultFailureHandler.handle(DefaultFailureHandler.java:7)
07-04 15:28:57.334 18070 18096 E TestRunner: 	at androidx.test.espresso.ViewInteraction.waitForAndHandleInteractionResults(ViewInteraction.java:8)
07-04 15:28:57.334 18070 18096 E TestRunner: 	at androidx.test.espresso.ViewInteraction.check(ViewInteraction.java:12)
07-04 15:28:57.334 18070 18096 E TestRunner: 	at com.example.dogglers.BaseTest.hasListItemContent(BaseTest.kt:59)
07-04 15:28:57.334 18070 18096 E TestRunner: 	at com.example.dogglers.BaseTest.checkFirstPosition(BaseTest.kt:70)
07-04 15:28:57.334 18070 18096 E TestRunner: 	at com.example.dogglers.GridListTests.grid_list_content_at_first_position(GridListTests.kt:42)
07-04 15:28:57.334 18070 18096 E TestRunner: 	at java.lang.reflect.Method.invoke(Native Method)
07-04 15:28:57.334 18070 18096 E TestRunner: 	at org.junit.runners.model.FrameworkMethod$1.runReflectiveCall(FrameworkMethod.java:50)
07-04 15:28:57.334 18070 18096 E TestRunner: 	at org.junit.internal.runners.model.ReflectiveCallable.run(ReflectiveCallable.java:12)
07-04 15:28:57.334 18070 18096 E TestRunner: 	at org.junit.runners.model.FrameworkMethod.invokeExplosively(FrameworkMethod.java:47)
07-04 15:28:57.334 18070 18096 E TestRunner: 	at org.junit.internal.runners.statements.InvokeMethod.evaluate(InvokeMethod.java:17)
07-04 15:28:57.334 18070 18096 E TestRunner: 	at org.junit.rules.ExternalResource$1.evaluate(ExternalResource.java:48)
07-04 15:28:57.334 18070 18096 E TestRunner: 	at org.junit.rules.RunRules.evaluate(RunRules.java:20)
07-04 15:28:57.334 18070 18096 E TestRunner: 	at org.junit.runners.ParentRunner.runLeaf(ParentRunner.java:325)
07-04 15:28:57.334 18070 18096 E TestRunner: 	at org.junit.runners.BlockJUnit4ClassRunner.runChild(BlockJUnit4ClassRunner.java:78)
07-04 15:28:57.334 18070 18096 E TestRunner: 	at org.junit.runners.BlockJUnit4ClassRunner.runChild(BlockJUnit4ClassRunner.java:57)
07-04 15:28:57.334 18070 18096 E TestRunner: 	at org.junit.runners.ParentRunner$3.run(ParentRunner.java:290)
07-04 15:28:57.334 18070 18096 E TestRunner: 	at org.junit.runners.ParentRunner$1.schedule(ParentRunner.java:71)
07-04 15:28:57.334 18070 18096 E TestRunner: 	at org.junit.runners.ParentRunner.runChildren(ParentRunner.java:288)
07-04 15:28:57.334 18070 18096 E TestRunner: 	at org.junit.runners.ParentRunner.access$000(ParentRunner.java:58)
07-04 15:28:57.334 18070 18096 E TestRunner: 	at org.junit.runners.ParentRunner$2.evaluate(ParentRunner.java:268)
07-04 15:28:57.334 18070 18096 E TestRunner: 	at org.junit.runners.ParentRunner.run(ParentRunner.java:363)
07-04 15:28:57.334 18070 18096 E TestRunner: 	at androidx.test.ext.junit.runners.AndroidJUnit4.run(AndroidJUnit4.java:162)
07-04 15:28:57.334 18070 18096 E TestRunner: 	at org.junit.runners.Suite.runChild(Suite.java:128)
07-04 15:28:57.334 18070 18096 E TestRunner: 	at org.junit.runners.Suite.runChild(Suite.java:27)
07-04 15:28:57.334 18070 18096 E TestRunner: 	at org.junit.runners.ParentRunner$3.run(ParentRunner.java:290)
07-04 15:28:57.334 18070 18096 E TestRunner: 	at org.junit.runners.ParentRunner$1.schedule(ParentRunner.java:71)
07-04 15:28:57.334 18070 18096 E TestRunner: 	at org.junit.runners.ParentRunner.runChildren(ParentRunner.java:288)
07-04 15:28:57.334 18070 18096 E TestRunner: 	at org.junit.runners.ParentRunner.access$000(ParentRunner.java:58)
07-04 15:28:57.334 18070 18096 E TestRunner: 	at org.junit.runners.ParentRunner$2.evaluate(ParentRunner.java:268)
07-04 15:28:57.334 18070 18096 E TestRunner: 	at org.junit.runners.ParentRunner.run(ParentRunner.java:363)
07-04 15:28:57.334 18070 18096 E TestRunner: 	at org.junit.runner.JUnitCore.run(JUnitCore.java:137)
07-04 15:28:57.334 18070 18096 E TestRunner: 	at org.junit.runner.JUnitCore.run(JUnitCore.java:115)
07-04 15:28:57.334 18070 18096 E TestRunner: 	at androidx.test.internal.runner.TestExecutor.execute(TestExecutor.java:56)
07-04 15:28:57.334 18070 18096 E TestRunner: 	at androidx.test.runner.AndroidJUnitRunner.onStart(AndroidJUnitRunner.java:444)
07-04 15:28:57.334 18070 18096 E TestRunner: 	at android.app.Instrumentation$InstrumentationThread.run(Instrumentation.java:2226)
07-04 15:28:57.334   904   971 I libPowerHal: [perfNotifyAppState] foreground:net.oneplus.launcher, pid:14051, uid:10119
07-04 15:28:57.334 18070 18096 E TestRunner: ----- end exception -----
07-04 15:28:57.334   904   971 I UxUtility: notifyForegroundApp pack:net.oneplus.launcher, uid:10119
07-04 15:28:57.334   904   971 I TouchUtility: notifyAppState error = NULL
07-04 15:28:57.334   904   971 I libPowerHal: [perfNotifyAppState] [activity updated] pack:net.oneplus.launcher, act:net.oneplus.launcher.Launcher
07-04 15:28:57.334   904   971 I libPowerHal: Act_Match:0, Common_index:-1
07-04 15:28:57.335   904   924 I mtkpower@impl: [notifyAppState] pc:0, com.example.dogglers => net.oneplus.launcher
07-04 15:28:57.335  3186  5672 W Battery : ThermalControllHandler: tempLevel=2,userMode=2,gameUserMode=-1,appType=-1,envTempType=0,appStates=[]
07-04 15:28:57.335  1548  1945 I mtkpower_client: ret_hdl:270027
07-04 15:28:57.335  3186  5672 W Battery : ThermalControllerCenter: mSafetyState=10000
07-04 15:28:57.336   904   971 I libPowerHal: [perfLockAcq] idx:0 hdl:270027 hint:-1 pid:1548 duration:0 => ret_hdl:270027
07-04 15:28:57.336   904   971 I libPowerHal: [PE] scn:0 hdl:270027 lock_user:system_server pid:1548 tid:1945 dur:0
07-04 15:28:57.336   904   971 I libPowerHal: system_server: cpu_ctrl set cpu freq: 2000000 -1 2200000 -1 2284000 -1
07-04 15:28:57.337   904   971 I libPowerHal: [PE] system_server update cmd:2020000=>15, 1410000=>2, 1c3c000=>0, 2004100=>0,
07-04 15:28:57.337 18070 18096 I TestRunner: finished: grid_list_content_at_first_position(com.example.dogglers.GridListTests)
