07-04 15:28:54.273 18070 18096 I TestRunner: started: recycler_view_item_count(com.example.dogglers.GridListTests)
07-04 15:28:54.274  1184  1184 E DisplayPanelInterface: GetDisplayPanelOBrightness [oplus_brightness]= [834]
07-04 15:28:54.274  1184  1204 E DisplayPanelInterface: GetDisplayPanelOBrightness [oplus_brightness]= [834]
07-04 15:28:54.275 14051 14051 D NotificationListener: onNotificationRankingUpdate# hash: 62245108 rankingMap: android.service.notification.NotificationListenerService$RankingMap@3ab0d0
07-04 15:28:54.277   918  4570 D AudioPolicyService: updateUidStates_l() current->uid=10146 current->pid=4431 allowCapture=1 UidState=3 apmStat=1
07-04 15:28:54.277  2144  2144 D Notification: WLB feature not supported, block notification:false
07-04 15:28:54.278  2144  2144 D InterruptionStateProvider: No bubble up: not allowed to bubble: 0|com.wsandroid.suite|64709376|null|10266
07-04 15:28:54.279  2144  2144 D Notification: WLB feature not supported, block notification:false
07-04 15:28:54.279  2144  2144 D InterruptionStateProvider: No heads up: unimportant notification: 0|com.wsandroid.suite|64709376|null|10266
07-04 15:28:54.279  2144  2144 D Notification: WLB feature not supported, block notification:false
07-04 15:28:54.279  2144  2144 D InterruptionStateProvider: No heads up: unimportant notification: 0|com.wsandroid.suite|64709376|null|10266
07-04 15:28:54.280  2144  2144 D Notification: WLB feature not supported, block notification:false
07-04 15:28:54.280  2144  2144 I chatty  : uid=10120(com.android.systemui) identical 9 lines
07-04 15:28:54.280  2144  2144 D Notification: WLB feature not supported, block notification:false
07-04 15:28:54.281 14051 14051 E Parcel  : Reading a NULL string not supported here.
07-04 15:28:54.282  2144  2144 D Notification: WLB feature not supported, block notification:false
07-04 15:28:54.284  2144  2144 I chatty  : uid=10120(com.android.systemui) identical 23 lines
07-04 15:28:54.284  2144  2144 D Notification: WLB feature not supported, block notification:false
07-04 15:28:54.284   885   992 I hwcomposer: [HWCDisplay] [Display_0 (type:1)] fps:0.688574,dur:7261.39,max:7009.33,min:4.34
07-04 15:28:54.284  2144  2144 D Notification: WLB feature not supported, block notification:false
07-04 15:28:54.284  2144  2144 I chatty  : uid=10120(com.android.systemui) identical 2 lines
07-04 15:28:54.284  2144  2144 D Notification: WLB feature not supported, block notification:false
07-04 15:28:54.284 14051 14051 E Parcel  : Reading a NULL string not supported here.
07-04 15:28:54.284 18070 18096 W Settings: Setting always_finish_activities has moved from android.provider.Settings.System to android.provider.Settings.Global, returning read-only value.
07-04 15:28:54.289  2144  6379 W AsyncLayoutInflater: Failed to inflate resource in the background! Retrying on the UI thread
07-04 15:28:54.289  2144  6379 W AsyncLayoutInflater: android.view.InflateException: Binary XML file line #19 in com.android.systemui:layout/status_bar_notification_row: Binary XML file line #18 in com.android.systemui:layout/notification_guts: Binary XML file line #18 in com.android.systemui:layout/notification_guts: Error inflating class <unknown>
07-04 15:28:54.289  2144  6379 W AsyncLayoutInflater: Caused by: android.view.InflateException: Binary XML file line #18 in com.android.systemui:layout/notification_guts: Binary XML file line #18 in com.android.systemui:layout/notification_guts: Error inflating class <unknown>
07-04 15:28:54.289  2144  6379 W AsyncLayoutInflater: Caused by: android.view.InflateException: Binary XML file line #18 in com.android.systemui:layout/notification_guts: Error inflating class <unknown>
07-04 15:28:54.289  2144  6379 W AsyncLayoutInflater: Caused by: java.lang.reflect.InvocationTargetException
07-04 15:28:54.289  2144  6379 W AsyncLayoutInflater: 	at java.lang.reflect.Constructor.newInstance0(Native Method)
07-04 15:28:54.289  2144  6379 W AsyncLayoutInflater: 	at java.lang.reflect.Constructor.newInstance(Constructor.java:343)
07-04 15:28:54.289  2144  6379 W AsyncLayoutInflater: 	at android.view.LayoutInflater.createView(LayoutInflater.java:852)
07-04 15:28:54.289  2144  6379 W AsyncLayoutInflater: 	at android.view.LayoutInflater.createViewFromTag(LayoutInflater.java:1008)
07-04 15:28:54.289  2144  6379 W AsyncLayoutInflater: 	at android.view.LayoutInflater.createViewFromTag(LayoutInflater.java:959)
07-04 15:28:54.289  2144  6379 W AsyncLayoutInflater: 	at android.view.LayoutInflater.inflate(LayoutInflater.java:657)
07-04 15:28:54.289  2144  6379 W AsyncLayoutInflater: 	at android.view.LayoutInflater.inflate(LayoutInflater.java:532)
07-04 15:28:54.289  2144  6379 W AsyncLayoutInflater: 	at android.view.ViewStub.inflateViewNoAdd(ViewStub.java:272)
07-04 15:28:54.289  2144  6379 W AsyncLayoutInflater: 	at android.view.ViewStub.inflate(ViewStub.java:305)
07-04 15:28:54.289  2144  6379 W AsyncLayoutInflater: 	at com.android.systemui.statusbar.notification.row.ExpandableNotificationRow.ensureGutsInflated(ExpandableNotificationRow.java:2366)
07-04 15:28:54.289  2144  6379 W AsyncLayoutInflater: 	at com.android.systemui.statusbar.notification.row.ExpandableNotificationRow.onFinishInflate(ExpandableNotificationRow.java:2134)
07-04 15:28:54.289  2144  6379 W AsyncLayoutInflater: 	at android.view.LayoutInflater.rInflate(LayoutInflater.java:1151)
07-04 15:28:54.289  2144  6379 W AsyncLayoutInflater: 	at android.view.LayoutInflater.rInflateChildren(LayoutInflater.java:1099)
07-04 15:28:54.289  2144  6379 W AsyncLayoutInflater: 	at android.view.LayoutInflater.inflate(LayoutInflater.java:680)
07-04 15:28:54.289  2144  6379 W AsyncLayoutInflater: 	at android.view.LayoutInflater.inflate(LayoutInflater.java:532)
07-04 15:28:54.289  2144  6379 W AsyncLayoutInflater: 	at androidx.asynclayoutinflater.view.AsyncLayoutInflater$InflateThread.runInner(AsyncLayoutInflater.java:188)
07-04 15:28:54.289  2144  6379 W AsyncLayoutInflater: 	at androidx.asynclayoutinflater.view.AsyncLayoutInflater$InflateThread.run(AsyncLayoutInflater.java:202)
07-04 15:28:54.289  2144  6379 W AsyncLayoutInflater: Caused by: java.lang.RuntimeException: Can't create handler inside thread Thread[Thread-2,5,main] that has not called Looper.prepare()
07-04 15:28:54.289  2144  6379 W AsyncLayoutInflater: 	at android.os.Handler.<init>(Handler.java:227)
07-04 15:28:54.289  2144  6379 W AsyncLayoutInflater: 	at android.os.Handler.<init>(Handler.java:129)
07-04 15:28:54.289  2144  6379 W AsyncLayoutInflater: 	at com.android.systemui.statusbar.notification.row.NotificationGuts.<init>(NotificationGuts.java:171)
07-04 15:28:54.289  2144  6379 W AsyncLayoutInflater: 	... 17 more
07-04 15:28:54.293  2144  2144 D StackScroller: setting break mode view visibility: isKeyGaurdVisible:false isWLBON:false
07-04 15:28:54.296  1548  1945 I mtkpower_client: perf_lock_rel, hdl:269960, tid:1945
07-04 15:28:54.296  4393 13547 W MediaProvider: Didn't find any volume for getVolume(/system/system_ext/media/audio/notifications/Bubble.ogg)
07-04 15:28:54.296  1548  1945 I mtkpower_client: perf_lock_acq, hdl:269960, dur:0, num:16, tid:1945
07-04 15:28:54.297   904   971 I libPowerHal: [perfLockRel] hdl:269960, idx:0
07-04 15:28:54.297   904   971 I libPowerHal: [PD] scn:0 hdl:269960 lock_user:system_server pid:1548 tid:1945 dur:0
07-04 15:28:54.297  4393 13547 I MediaProvider: Open with lower FS for /system/system_ext/media/audio/notifications/Bubble.ogg. Uid: 10120
07-04 15:28:54.297   904   971 I libPowerHal: [PD] system_server update cmd:2020000=>1, 2004100=>0,
07-04 15:28:54.297  1548  1945 I mtkpower_client: ret_hdl:269961
07-04 15:28:54.297   904   971 E libPowerHal: input parameter exceed reasonable range 2020000 -1 15 0
07-04 15:28:54.297   904   971 I libPowerHal: [perfLockAcq] idx:0 hdl:269961 hint:-1 pid:1548 duration:0 => ret_hdl:269961
07-04 15:28:54.297   904   971 I libPowerHal: [PE] scn:0 hdl:269961 lock_user:system_server pid:1548 tid:1945 dur:0
07-04 15:28:54.298   904   971 I libPowerHal: system_server: cpu_ctrl set cpu freq: 2000000 -1 2200000 -1 2284000 -1
07-04 15:28:54.299   904   971 I libPowerHal: [PE] system_server update cmd:2020000=>0, 1410000=>2, 1c3c000=>0, 2004100=>0,
07-04 15:28:54.299  1130  1130 D NuPlayer: NuPlayer() ro.oplus.audio.effect.type = dirac
07-04 15:28:54.299  1130  1130 D OplusNuPlayer: initializeOplusMedia [125]:
07-04 15:28:54.299  1130  1130 D NuPlayerDriver: NuPlayerDriver(0xef8d0640) created, clientPid(2144)
07-04 15:28:54.299  2144  2144 E OpReflectionUtils: getValue NoSuchField class com.android.systemui.statusbar.notification.stack.NotificationStackScrollLayout field mShelf
07-04 15:28:54.299  2144  2144 I chatty  : uid=10120(com.android.systemui) identical 1 line
07-04 15:28:54.299  2144  2144 E OpReflectionUtils: getValue NoSuchField class com.android.systemui.statusbar.notification.stack.NotificationStackScrollLayout field mShelf
07-04 15:28:54.301   938  1532 D DispPerfService: get hint proc=, idx=1 none
07-04 15:28:54.303   938  1532 D DispPerfService: get hint proc=ActivityRecord{458a2ec u0 com.example.dogglers, idx=1 none
07-04 15:28:54.304  1130  1130 D GenericSource: GenericSource() ro.oplus.audio.effect.type = dirac
07-04 15:28:54.304   904   925 I mtkpower@impl: [setMode] type:5, enabled:1
07-04 15:28:54.307 14051 14051 D Launcher: onPause# hashcode: 36593752
07-04 15:28:54.307 14051 14051 D BottomSwipeTouchRegionController: update: activity = net.oneplus.launcher.Launcher@22e6058, active = false, finalValue = true, reallyUpdate = true
07-04 15:28:54.308 14051 14051 I ShelfLauncherCallbacks: onPause
07-04 15:28:54.309  1548  2719 V SensorManager: setScreenShotDisableImpl
07-04 15:28:54.309  1548  2719 D SensorService: debug_oplusGeminiProximity setScreenShotDisable in SensorService
07-04 15:28:54.309  1548  2719 I OplusHansManager : front pkg: com.example.dogglers, uid: 10305, prev pkg: net.oneplus.launcher, prev uid: 10119
07-04 15:28:54.309  1548  3692 I OplusHansManager : notifyAppGoForeground, uid=10305
07-04 15:28:54.309  2144  3084 D EventInterceptManager: start updateInvalidRegion, regionKey: gesture, region_size: 3, disposable: false, isDelete: false, bundle == null: true
07-04 15:28:54.309  1548  3692 I OplusHansManager : notifyAppGoBackground, uid=10119
07-04 15:28:54.309  1548  1945 I mtkpower_client: perf_lock_rel, hdl:269961, tid:1945
07-04 15:28:54.310  1548  1945 I mtkpower_client: perf_lock_acq, hdl:269961, dur:0, num:16, tid:1945
07-04 15:28:54.310   904   971 I libPowerHal: [perfLockRel] hdl:269961, idx:0
07-04 15:28:54.310   904   971 I libPowerHal: [PD] scn:0 hdl:269961 lock_user:system_server pid:1548 tid:1945 dur:0
07-04 15:28:54.310  1548  4491 W OplusInputDispatcher: invalidRegions map setted, key: gesture
07-04 15:28:54.310  1548  2589 I OplusHansManager : uid=10305, pkg=com.example.dogglers R exit SM
07-04 15:28:54.310  1548  2589 I OplusHansManager : uid=10305, pkg=com.example.dogglers R exit()
07-04 15:28:54.310  1093 20545 D DrmManagerService(Native): Entering DrmManagerService::openDecryptSession 1
07-04 15:28:54.310  1093 20545 D drmserver: readBytes[8] FileHeader[OggS]
07-04 15:28:54.310   904   971 I libPowerHal: system_server: cpu_ctrl set cpu freq: -1 -1 -1 -1 -1 -1
07-04 15:28:54.311 14051 14125 I WeatherProvider: un-subscribe the weather callback:
07-04 15:28:54.311   904   971 I libPowerHal: [PD] system_server update cmd:2020000=>1, 1410000=>0, 1c3c000=>1, 2004100=>0,
07-04 15:28:54.312  1548  1945 I mtkpower_client: ret_hdl:269962
07-04 15:28:54.312   904   971 E libPowerHal: input parameter exceed reasonable range 2020000 -1 15 0
07-04 15:28:54.312   904   971 I libPowerHal: [perfLockAcq] idx:0 hdl:269962 hint:-1 pid:1548 duration:0 => ret_hdl:269962
07-04 15:28:54.313  1548  2719 I InputDispatcher: setFocusedApplication displayId=0 <invalid>
07-04 15:28:54.313  1548  1945 I mtkpower_client: perf_lock_rel, hdl:269962, tid:1945
07-04 15:28:54.313  1548  1945 I mtkpower_client: perf_lock_acq, hdl:269962, dur:0, num:16, tid:1945
07-04 15:28:54.314  1548  2719 D Theia.NoFocusWindow: FocusWindowErrorScene CheckFreezeScreen
07-04 15:28:54.312   904   971 I libPowerHal: [PE] scn:0 hdl:269962 lock_user:system_server pid:1548 tid:1945 dur:0
07-04 15:28:54.316   904   971 I libPowerHal: system_server: cpu_ctrl set cpu freq: 2000000 -1 2200000 -1 2284000 -1
07-04 15:28:54.317   904   971 I libPowerHal: [PE] system_server update cmd:2020000=>0, 1410000=>2, 1c3c000=>0, 2004100=>0,
07-04 15:28:54.317   904   971 I libPowerHal: [perfNotifyAppState] foreground:com.example.dogglers, pid:18070, uid:10305
07-04 15:28:54.320   938  1532 I SurfaceFlinger: [SF client] NEW(0xb400007374338cc0) for (1548:system_server)
07-04 15:28:54.321  1548  1574 D ViewRootImpl[dogglers]: hardware acceleration = false , fakeHwAccelerated = true, sRendererDisabled = false, forceHwAccelerated = false, sSystemRendererDisabled = false
07-04 15:28:54.321   904   971 I UxUtility: notifyForegroundApp pack:com.example.dogglers, uid:10305
07-04 15:28:54.321   904   971 I TouchUtility: notifyAppState error = NULL
07-04 15:28:54.321   904   971 I libPowerHal: [perfNotifyAppState] [activity updated] pack:com.example.dogglers, act:androidx.test.core.app.InstrumentationActivityInvoker$BootstrapActivity
07-04 15:28:54.321   904   971 I libPowerHal: Act_Match:0, Common_index:-1
07-04 15:28:54.322   904   924 I mtkpower@impl: [notifyAppState] pc:0, net.oneplus.launcher => com.example.dogglers
07-04 15:28:54.322   904   924 I mtkpower@impl: [check_work_req] i:0, msg:1 hdl:269962, wait
07-04 15:28:54.322   938  1008 D DispPerfService: get hint proc=, idx=1 none
07-04 15:28:54.322   904   971 I libPowerHal: [perfLockRel] hdl:269962, idx:0
07-04 15:28:54.322   904   971 I libPowerHal: [PD] scn:0 hdl:269962 lock_user:system_server pid:1548 tid:1945 dur:0
07-04 15:28:54.322   904   971 I libPowerHal: system_server: cpu_ctrl set cpu freq: -1 -1 -1 -1 -1 -1
07-04 15:28:54.322   904   971 I libPowerHal: [PD] system_server update cmd:2020000=>1, 1410000=>0, 1c3c000=>1, 2004100=>0,
07-04 15:28:54.323  1548  1574 I InputTransport: Create ARC handle: 0xb400007cc237a720
07-04 15:28:54.324  1548  1945 I mtkpower_client: ret_hdl:269963
07-04 15:28:54.324   918  4570 D AudioPolicyService: updateUidStates_l() current->uid=10146 current->pid=4431 allowCapture=1 UidState=3 apmStat=1
07-04 15:28:54.325   904   971 I libPowerHal: [perfLockAcq] idx:0 hdl:269963 hint:-1 pid:1548 duration:0 => ret_hdl:269963
07-04 15:28:54.325   904   971 I libPowerHal: [PE] scn:0 hdl:269963 lock_user:system_server pid:1548 tid:1945 dur:0
07-04 15:28:54.325   904   971 I libPowerHal: system_server: cpu_ctrl set cpu freq: 2000000 -1 2200000 -1 2284000 -1
07-04 15:28:54.325  1130 18104 D GenericSource: FileSource remote
07-04 15:28:54.326  1548  1945 I mtkpower_client: perf_lock_rel, hdl:269963, tid:1945
07-04 15:28:54.326  1548  1945 I mtkpower_client: perf_lock_acq, hdl:269963, dur:0, num:16, tid:1945
07-04 15:28:54.326   904   971 I libPowerHal: [PE] system_server update cmd:2020000=>15, 1410000=>2, 1c3c000=>0, 2004100=>0,
07-04 15:28:54.329   904   924 I mtkpower@impl: [check_work_req] i:0, msg:1 hdl:269963, wait
07-04 15:28:54.329   904   971 I libPowerHal: [perfLockRel] hdl:269963, idx:0
07-04 15:28:54.329   904   971 I libPowerHal: [PD] scn:0 hdl:269963 lock_user:system_server pid:1548 tid:1945 dur:0
07-04 15:28:54.329   904   971 I libPowerHal: system_server: cpu_ctrl set cpu freq: -1 -1 -1 -1 -1 -1
07-04 15:28:54.329   904   971 I libPowerHal: [PD] system_server update cmd:2020000=>1, 1410000=>0, 1c3c000=>1, 2004100=>0,
07-04 15:28:54.331  1548  1945 I mtkpower_client: ret_hdl:269964
07-04 15:28:54.332   904   971 I libPowerHal: [perfLockAcq] idx:0 hdl:269964 hint:-1 pid:1548 duration:0 => ret_hdl:269964
07-04 15:28:54.332   904   971 I libPowerHal: [PE] scn:0 hdl:269964 lock_user:system_server pid:1548 tid:1945 dur:0
07-04 15:28:54.334   938  1532 D DispPerfService: get hint proc=, idx=1 none
07-04 15:28:54.334   938  1532 I BufferQueueConsumer: [](id:3aa00003b0c,api:0,p:-1,c:938) connect(): controlledByApp=false
07-04 15:28:54.334   904   971 I libPowerHal: system_server: cpu_ctrl set cpu freq: 2000000 -1 2200000 -1 2284000 -1
07-04 15:28:54.334   938  1532 I BufferQueue: [unnamed-938-15116](this:0xb40000737423dc58,id:15116,api:0,p:-1,c:-1) BufferQueue core=(938:/system/bin/surfaceflinger)
07-04 15:28:54.334   904   971 I libPowerHal: [PE] system_server update cmd:2020000=>15, 1410000=>2, 1c3c000=>0, 2004100=>0,
07-04 15:28:54.334  1548  2774 I OplusResourcePreloadManager: resume pkg: com.example.dogglers, uid:10305, prev pkg: net.oneplus.launcher, prev uid: 10119
07-04 15:28:54.335  1548  2774 E Process : get_ion_cache_memory: Unable to open /d/ion/system_stats
07-04 15:28:54.336 18070 18070 I oplus.android.OplusFrameworkFactoryImpl: getOplusRedPacketManager
07-04 15:28:54.336 11621 32104 D ZoomAppController: ignore onAppEnter: mCurrentZoomInfo is null
07-04 15:28:54.337  1116 22882 I FFmpegExtractor: [getAtlasConfByName:L2673] atlas conf:/system/bin/mediaserver confidence:1.0,  result confidence:1.000000
07-04 15:28:54.337 18070 18070 D LifecycleMonitor: Lifecycle status change: androidx.test.core.app.InstrumentationActivityInvoker$BootstrapActivity@5c3dbab in: PRE_ON_CREATE
07-04 15:28:54.338  3186 13313 W Battery : ThermalControlUtils: mForegroundPkg=com.example.dogglers
07-04 15:28:54.338 18070 18070 V ActivityScenario: Activity lifecycle changed event received but ignored because the intent does not match. startActivityIntent=Intent { act=android.intent.action.MAIN cat=[android.intent.category.LAUNCHER] cmp=com.example.dogglers/.GridListActivity }, activity.getIntent()=Intent { act=android.intent.action.MAIN cat=[android.intent.category.LAUNCHER] flg=0x10008000 cmp=com.example.dogglers/androidx.test.core.app.InstrumentationActivityInvoker$BootstrapActivity (has extras) mCallingUid=10305 }, activity=androidx.test.core.app.InstrumentationActivityInvoker$BootstrapActivity@5c3dbab
07-04 15:28:54.338  1116 22882 D FFmpegExtractor: SniffFFMPEG failed to sniff this source
07-04 15:28:54.339  1116 22882 D OplusMPEG4Extractor: [BetterSniffMPEG4:L7353] 0 A:0 V:0
07-04 15:28:54.340  1548  1574 D Surface : lockCanvas
07-04 15:28:54.341  1548  4490 I InputDispatcher: Focus left window: Window{30be694 u0 net.oneplus.launcher/net.oneplus.launcher.Launcher} in display 0
07-04 15:28:54.341  1548  4490 I InputDispatcher: Window went away: Window{7b62e43 u0 net.oneplus.launcher/net.oneplus.launcher.Launcher}
07-04 15:28:54.341  1548  4490 I InputDispatcher: Window went away: Window{30be694 u0 net.oneplus.launcher/net.oneplus.launcher.Launcher}
07-04 15:28:54.341   938  1532 I BufferQueueProducer: [Splash Screen com.example.dogglers#0](id:3aa00003b0c,api:2,p:1548,c:938) connect(): api=2 producerControlledByApp=false
07-04 15:28:54.341 14051 14051 D Launcher: onWindowFocusChanged# hasFocus: false
07-04 15:28:54.342  3186 13313 W Battery : ThermalControllHandler: tempLevel=2,userMode=2,gameUserMode=-1,appType=-1,envTempType=0,appStates=[]
07-04 15:28:54.341 13255 13276 W OplusExSystemServiceHelper: checkOplusExSystemService intent getComponent is null
07-04 15:28:54.343  3186 13313 W Battery : ThermalControllerCenter: mSafetyState=10000
07-04 15:28:54.343 13255 13255 D BoundBrokerSvc: onBind: Intent { act=com.google.android.gms.measurement.START pkg=com.google.android.gms }
07-04 15:28:54.343 13255 13255 D BoundBrokerSvc: Loading bound service for intent: Intent { act=com.google.android.gms.measurement.START pkg=com.google.android.gms }
07-04 15:28:54.345 18070 18112 D libMEOW : meow reload base cfg path: na
07-04 15:28:54.345 18070 18112 D libMEOW : meow reload overlay cfg path: na
07-04 15:28:54.346  1130 18104 I GenericSource: initFromDataSource: use OggExtractor, numtracks = 1
07-04 15:28:54.346  3186 13313 W Battery : ThermalControllHandler: tempGear=2,configItemName=common_config
07-04 15:28:54.346  3186  5688 W Battery : ThermalControllHandler: MSG_THERMAL_CONTROL_CATEGORY_CHANGED
07-04 15:28:54.353 18070 18112 D libMEOW : applied 0 plugin for [com.example.dogglers].
07-04 15:28:54.354   938  1532 D DispPerfService: onframeavailable pid=1548, slot=0, seq=63884, name=system_server:Splash Screen com.example.dogglers#0
07-04 15:28:54.357 13255 13291 E Parcel  : Reading a NULL string not supported here.
07-04 15:28:54.359  2144  2144 D Notification: WLB feature not supported, block notification:false
07-04 15:28:54.361  2144  2144 I chatty  : uid=10120(com.android.systemui) identical 40 lines
07-04 15:28:54.361  2144  2144 D Notification: WLB feature not supported, block notification:false
07-04 15:28:54.362  2296  2296 D LiveWallpaper.Engine: onVisibilityChanged# true -> false
07-04 15:28:54.362  3743  3782 E oiface  : packageSwitch pkg com.example.dogglers, enter
07-04 15:28:54.362  3743  3782 E oiface  : current package is com.example.dogglers and pid is 18070
07-04 15:28:54.362 18070 18070 D LifecycleMonitor: Lifecycle status change: androidx.test.core.app.InstrumentationActivityInvoker$BootstrapActivity@5c3dbab in: CREATED
07-04 15:28:54.363 18070 18070 V ActivityScenario: Activity lifecycle changed event received but ignored because the intent does not match. startActivityIntent=Intent { act=android.intent.action.MAIN cat=[android.intent.category.LAUNCHER] cmp=com.example.dogglers/.GridListActivity }, activity.getIntent()=Intent { act=android.intent.action.MAIN cat=[android.intent.category.LAUNCHER] flg=0x10008000 cmp=com.example.dogglers/androidx.test.core.app.InstrumentationActivityInvoker$BootstrapActivity (has extras) mCallingUid=10305 }, activity=androidx.test.core.app.InstrumentationActivityInvoker$BootstrapActivity@5c3dbab
07-04 15:28:54.363  1548  2723 I InputDispatcher: Window went away: Splash Screen com.example.dogglers#0
07-04 15:28:54.363   938  1532 I BufferQueueProducer: [net.oneplus.launcher/net.oneplus.launcher.Launcher#0](id:3aa00003b0a,api:1,p:10148,c:938) disconnect(): api=1
07-04 15:28:54.364   938  1008 D DispPerfService: get hint proc=Surface(name=44bf6fc StatusBar), idx=1 none
07-04 15:28:54.366   938  1008 D DispPerfService: get hint proc=Surface(name=1a0f092 NavigationBar0), idx=1 none
07-04 15:28:54.367 14051 14051 E Parcel  : Reading a NULL string not supported here.
07-04 15:28:54.372 18070 18070 D LifecycleMonitor: Lifecycle status change: androidx.test.core.app.InstrumentationActivityInvoker$BootstrapActivity@5c3dbab in: STARTED
07-04 15:28:54.373 18070 18070 V ActivityScenario: Activity lifecycle changed event received but ignored because the intent does not match. startActivityIntent=Intent { act=android.intent.action.MAIN cat=[android.intent.category.LAUNCHER] cmp=com.example.dogglers/.GridListActivity }, activity.getIntent()=Intent { act=android.intent.action.MAIN cat=[android.intent.category.LAUNCHER] flg=0x10008000 cmp=com.example.dogglers/androidx.test.core.app.InstrumentationActivityInvoker$BootstrapActivity (has extras) mCallingUid=10305 }, activity=androidx.test.core.app.InstrumentationActivityInvoker$BootstrapActivity@5c3dbab
07-04 15:28:54.374  1548  4491 I MediaFocusControl: requestAudioFocus() from uid/pid 10120/2144 clientId=android.media.AudioManager@b4239e0 callingPack=com.android.systemui req=3 flags=0x0 sdk=30
07-04 15:28:54.374 14051 14051 D RecyclerViewWrapper: onWindowVisibilityChanged:8
07-04 15:28:54.383  1548  1945 I mtkpower_client: perf_lock_rel, hdl:269964, tid:1945
07-04 15:28:54.383  1548  1945 I mtkpower_client: perf_lock_acq, hdl:269964, dur:0, num:16, tid:1945
07-04 15:28:54.383   904   971 I libPowerHal: [perfLockRel] hdl:269964, idx:0
07-04 15:28:54.383   904   971 I libPowerHal: [PD] scn:0 hdl:269964 lock_user:system_server pid:1548 tid:1945 dur:0
07-04 15:28:54.383   938  1009 D DispPerfService: get hint proc=ActivityRecord{dbcf0f8 u0 com.example.dogglers, idx=1 none
07-04 15:28:54.383   904   971 I libPowerHal: system_server: cpu_ctrl set cpu freq: -1 -1 -1 -1 -1 -1
07-04 15:28:54.384   904   971 I libPowerHal: [PD] system_server update cmd:2020000=>1, 1410000=>0, 1c3c000=>1, 2004100=>0,
07-04 15:28:54.384  1548  1945 I mtkpower_client: ret_hdl:269965
07-04 15:28:54.387 18070 18070 D LifecycleMonitor: Lifecycle status change: androidx.test.core.app.InstrumentationActivityInvoker$BootstrapActivity@5c3dbab in: RESUMED
07-04 15:28:54.387   938  1009 I BufferQueueProducer: [net.oneplus.launcher/net.oneplus.launcher.Launcher#1](id:3aa00003b0b,api:1,p:14051,c:938) disconnect(): api=1
07-04 15:28:54.387 18070 18070 V ActivityScenario: Activity lifecycle changed event received but ignored because the intent does not match. startActivityIntent=Intent { act=android.intent.action.MAIN cat=[android.intent.category.LAUNCHER] cmp=com.example.dogglers/.GridListActivity }, activity.getIntent()=Intent { act=android.intent.action.MAIN cat=[android.intent.category.LAUNCHER] flg=0x10008000 cmp=com.example.dogglers/androidx.test.core.app.InstrumentationActivityInvoker$BootstrapActivity (has extras) mCallingUid=10305 }, activity=androidx.test.core.app.InstrumentationActivityInvoker$BootstrapActivity@5c3dbab
07-04 15:28:54.388   904   925 I mtkpower@impl: [setMode] type:5, enabled:1
07-04 15:28:54.389   904   971 I libPowerHal: [perfLockAcq] idx:0 hdl:269965 hint:-1 pid:1548 duration:0 => ret_hdl:269965
07-04 15:28:54.389   904   971 I libPowerHal: [PE] scn:0 hdl:269965 lock_user:system_server pid:1548 tid:1945 dur:0
07-04 15:28:54.389   904   971 I libPowerHal: system_server: cpu_ctrl set cpu freq: 2000000 -1 2200000 -1 2284000 -1
07-04 15:28:54.389   904   971 I libPowerHal: [PE] system_server update cmd:2020000=>15, 1410000=>2, 1c3c000=>0, 2004100=>0,
07-04 15:28:54.392  2144  2144 D StackScroller: setting break mode view visibility: isKeyGaurdVisible:false isWLBON:false
07-04 15:28:54.394  3743  3750 E oiface  : Average freq 571065 for 86s.
07-04 15:28:54.394  3743  3750 E oiface  : Average freq 819225 for 86s.
07-04 15:28:54.394  3743  3750 E oiface  : Average freq 782000 for 86s.
07-04 15:28:54.394  3743  3750 E oiface  : get gpu freq table failed
07-04 15:28:54.395  3743  3750 E oiface  : client  not found, skipped
07-04 15:28:54.395  3743  3750 D oiface  : forground package is com.example.dogglers
07-04 15:28:54.397 18070 18070 D LifecycleMonitor: Lifecycle status change: androidx.test.core.app.InstrumentationActivityInvoker$BootstrapActivity@5c3dbab in: PAUSED
07-04 15:28:54.397 22357 22357 V PhoneWindow: DecorView setVisiblity: visibility = 8, Parent = android.view.ViewRootImpl@24657c1, this = DecorView@6f65b66[InputMethod]
07-04 15:28:54.398 18070 18070 V ActivityScenario: Activity lifecycle changed event received but ignored because the intent does not match. startActivityIntent=Intent { act=android.intent.action.MAIN cat=[android.intent.category.LAUNCHER] cmp=com.example.dogglers/.GridListActivity }, activity.getIntent()=Intent { act=android.intent.action.MAIN cat=[android.intent.category.LAUNCHER] flg=0x10008000 cmp=com.example.dogglers/androidx.test.core.app.InstrumentationActivityInvoker$BootstrapActivity (has extras) mCallingUid=10305 }, activity=androidx.test.core.app.InstrumentationActivityInvoker$BootstrapActivity@5c3dbab
07-04 15:28:54.398 13255 13276 W OplusExSystemServiceHelper: checkOplusExSystemService intent getComponent is null
07-04 15:28:54.398 22357 22357 V PhoneWindow: DecorView setVisiblity: visibility = 8, Parent = android.view.ViewRootImpl@24657c1, this = DecorView@6f65b66[InputMethod]
07-04 15:28:54.400  1548  1574 D Surface : lockCanvas
07-04 15:28:54.401  1548  2340 I InputDispatcher: setFocusedApplication displayId=0 ActivityRecord{dbcf0f8 u0 com.example.dogglers/.GridListActivity t4594}
07-04 15:28:54.402   904   971 I libPowerHal: [perfNotifyAppState] [activity updated] pack:com.example.dogglers, act:com.example.dogglers.GridListActivity
07-04 15:28:54.402   904   971 I libPowerHal: Act_Match:0, Common_index:-1
07-04 15:28:54.402   904   924 I mtkpower@impl: [notifyAppState] act androidx.test.core.app.InstrumentationActivityInvoker$EmptyActivity => com.example.dogglers.GridListActivity
07-04 15:28:54.406   938   938 D OplusExLayer: ~Layer() sequence=63875, name=Surface(name=1a0f092 NavigationBar0)/@0x96afa60 - animation-leash#0
07-04 15:28:54.406   938   938 D OplusExLayer: ~Layer() sequence=63874, name=Surface(name=44bf6fc StatusBar)/@0x6e28e63 - animation-leash#0
07-04 15:28:54.407 18070 18116 D libMEOW : applied 0 plugin for [com.example.dogglers].
07-04 15:28:54.408  1548  1945 I mtkpower_client: perf_lock_rel, hdl:269965, tid:1945
07-04 15:28:54.408  1548  1945 I mtkpower_client: perf_lock_acq, hdl:269965, dur:0, num:16, tid:1945
07-04 15:28:54.408   904   924 I mtkpower@impl: [check_work_req] i:0, msg:1 hdl:269965, wait
07-04 15:28:54.409 14051 14051 D Launcher: onStop# hashcode: 36593752
07-04 15:28:54.410   904   971 I libPowerHal: [perfLockRel] hdl:269965, idx:0
07-04 15:28:54.410   904   971 I libPowerHal: [PD] scn:0 hdl:269965 lock_user:system_server pid:1548 tid:1945 dur:0
07-04 15:28:54.410   904   971 I libPowerHal: system_server: cpu_ctrl set cpu freq: -1 -1 -1 -1 -1 -1
07-04 15:28:54.410   904   971 I libPowerHal: [PD] system_server update cmd:2020000=>1, 1410000=>0, 1c3c000=>1, 2004100=>0,
07-04 15:28:54.411  1548  1945 I mtkpower_client: ret_hdl:269966
07-04 15:28:54.411   904   971 I libPowerHal: [perfLockAcq] idx:0 hdl:269966 hint:-1 pid:1548 duration:0 => ret_hdl:269966
07-04 15:28:54.411   904   971 I libPowerHal: [PE] scn:0 hdl:269966 lock_user:system_server pid:1548 tid:1945 dur:0
07-04 15:28:54.411   904   971 I libPowerHal: system_server: cpu_ctrl set cpu freq: 2000000 -1 2200000 -1 2284000 -1
07-04 15:28:54.411   904   971 I libPowerHal: [PE] system_server update cmd:2020000=>15, 1410000=>2, 1c3c000=>0, 2004100=>0,
07-04 15:28:54.415  4431  4431 I GsaVoiceInteractionSrv: Handling ACTION_STOP_HOTWORD
07-04 15:28:54.417 14051 14051 I ShelfLauncherCallbacks: onStop
07-04 15:28:54.417 14051 14051 D LauncherAppWidgetHost: setListenIfResumed# listenIfResumed: false, flag: 7
07-04 15:28:54.417 14051 14051 D LauncherAppWidgetHost: stopListening# flag: 2
07-04 15:28:54.417 14051 14051 D BaseActivity: isForceInvisible = false
07-04 15:28:54.417 14051 14051 D StateManager: gotoState# fromState=NORMAL, toState=NORMAL, animated = false
07-04 15:28:54.417 14051 14051 D Launcher: onTrimMemory# level: 20
07-04 15:28:54.417 14051 14051 D Launcher: onSaveInstanceState# hashcode: 36593752
07-04 15:28:54.418   918  4570 D AudioPolicyService: updateUidStates_l() current->uid=10146 current->pid=4431 allowCapture=1 UidState=5 apmStat=1
07-04 15:28:54.419   918  4570 D AudioPolicyService: updateUidStates_l() current->uid=10146 current->pid=4431 allowCapture=1 UidState=5 apmStat=1
07-04 15:28:54.419 14051 14051 I ShelfLauncherCallbacks: onSaveInstanceState
07-04 15:28:54.419   918  4570 D AudioPolicyService: updateUidStates_l() current->uid=10146 current->pid=4431 allowCapture=1 UidState=5 apmStat=1
07-04 15:28:54.419 14051 14051 V PhoneWindow: DecorView setVisiblity: visibility = 4, Parent = android.view.ViewRootImpl@b0c4ca4, this = DecorView@9a69c12[Launcher]
07-04 15:28:54.423 14051 14051 D Launcher: onTrimCachedBitmaps# state: NORMAL, trim: true
07-04 15:28:54.423 14051 14051 I WallpaperImageCache: WallpaperImageCache cleared.
07-04 15:28:54.423 14051 14051 D RecentsView: autoRemoveLauncherTask#
07-04 15:28:54.423 14051 14051 D RecentTasksList: getTasks: The list is up to date, callback with the same list.
07-04 15:28:54.430  2144  2144 D StatusBar/NavBarView: updateNavButtonIcons: disableBack/Home/Recent: false/false/false, mNavBarMode=0, disableFlags=0, useAltBack=false, rotation=0,com.oplusos.systemui.navbar.view.OplusNavigationBarView.updateNavButtonIcons:149 com.oplusos.systemui.navbar.view.OplusNavigationBarView.updateUseInputMethod:141 com.oplusos.systemui.navbar.view.NavBarViewProxy.updateVisibility:64 com.oplusos.systemui.navbar.view.NavBarViewPresenterImpl.updateVisibility:83 com.oplusos.systemui.navbar.view.NavBarViewModelImpl.updateVisibility:87 com.oplusos.systemui.navbar.NavBarProxyManager.updateVisibility:132 com.oplusos.systemui.navbar.view.OplusNavigationBarFragment.updateVisibility:193
07-04 15:28:54.432  2144  2144 E OpReflectionUtils: getValue NoSuchField class com.android.systemui.statusbar.notification.stack.NotificationStackScrollLayout field mShelf
07-04 15:28:54.434  2144  2144 I chatty  : uid=10120(com.android.systemui) identical 7 lines
07-04 15:28:54.434  2144  2144 E OpReflectionUtils: getValue NoSuchField class com.android.systemui.statusbar.notification.stack.NotificationStackScrollLayout field mShelf
07-04 15:28:54.440   938   938 I BufferQueueConsumer: [net.oneplus.launcher/net.oneplus.launcher.Launcher#1](id:3aa00003b0b,api:0,p:-1,c:938) disconnect()
07-04 15:28:54.440   938   938 I BufferQueue: [net.oneplus.launcher/net.oneplus.launcher.Launcher#1](this:0xb4000073873d1058,id:15115,api:1,p:-1,c:-1) onDestructor()
07-04 15:28:54.440   938   938 D OplusExLayer: ~Layer() sequence=63873, name=net.oneplus.launcher/net.oneplus.launcher.Launcher#1
07-04 15:28:54.440   938   938 I BufferQueueConsumer: [net.oneplus.launcher/net.oneplus.launcher.Launcher#0](id:3aa00003b0a,api:0,p:-1,c:938) disconnect()
07-04 15:28:54.440   938   938 I BufferQueue: [net.oneplus.launcher/net.oneplus.launcher.Launcher#0](this:0xb4000073873cbc58,id:15114,api:1,p:-1,c:-1) onDestructor()
07-04 15:28:54.440   938   938 D OplusExLayer: ~Layer() sequence=63872, name=net.oneplus.launcher/net.oneplus.launcher.Launcher#0
07-04 15:28:54.441  3743  3750 E oiface  : get gpu freq table failed
07-04 15:28:54.441  1548  3263 I InputDispatcher: Window went away: net.oneplus.launcher/net.oneplus.launcher.Launcher#0
07-04 15:28:54.441  1548  3263 I InputDispatcher: Window went away: net.oneplus.launcher/net.oneplus.launcher.Launcher#1
07-04 15:28:54.446 18070 18070 D LifecycleMonitor: Lifecycle status change: com.example.dogglers.GridListActivity@fd7059b in: PRE_ON_CREATE
07-04 15:28:54.447 18070 18070 V ActivityScenario: Activity lifecycle changed event received but ignored because the reported transition was not ON_CREATE while the last known transition was PRE_ON_CREATE
07-04 15:28:54.451  1186  1320 I OriginChannel: wise light debug, data[0].type is 65627,data[0].sensor is 91:[1677.000000,,160.000000,,37.000000,0.000000,447430433070376]
07-04 15:28:54.451  1184  1184 E DisplayPanelInterface: GetDisplayPanelOBrightness [oplus_brightness]= [834]
07-04 15:28:54.452  1184  1184 E DisplayPanelInterface: GetDisplayPanelOBrightness [oplus_brightness]= [834]
07-04 15:28:54.518 18070 18070 W xample.doggler: Accessing hidden method Landroid/view/View;->computeFitSystemWindows(Landroid/graphics/Rect;Landroid/graphics/Rect;)Z (greylist, reflection, allowed)
07-04 15:28:54.519 18070 18070 W xample.doggler: Accessing hidden method Landroid/view/ViewGroup;->makeOptionalFitsSystemWindows()V (greylist, reflection, allowed)
07-04 15:28:54.535 18070 18070 D LifecycleMonitor: Lifecycle status change: com.example.dogglers.GridListActivity@fd7059b in: CREATED
07-04 15:28:54.535 18070 18070 V ActivityScenario: Update currentActivityStage to CREATED, currentActivity=com.example.dogglers.GridListActivity@fd7059b
07-04 15:28:54.537 18070 18070 D LifecycleMonitor: Lifecycle status change: com.example.dogglers.GridListActivity@fd7059b in: STARTED
07-04 15:28:54.538 18070 18070 V ActivityScenario: Update currentActivityStage to STARTED, currentActivity=com.example.dogglers.GridListActivity@fd7059b
07-04 15:28:54.539 18070 18070 D LifecycleMonitor: Lifecycle status change: com.example.dogglers.GridListActivity@fd7059b in: RESUMED
07-04 15:28:54.540 18070 18070 V ActivityScenario: Update currentActivityStage to RESUMED, currentActivity=com.example.dogglers.GridListActivity@fd7059b
07-04 15:28:54.543 18070 18070 I SurfaceFactory: [static] sSurfaceFactory = com.mediatek.view.impl.SurfaceFactoryImpl@4a1fbf1
07-04 15:28:54.543   938  1008 I SurfaceFlinger: [SF client] NEW(0xb400007387055480) for (18070:com.example.dogglers)
07-04 15:28:54.546 18070 18070 I OplusSlideAnimOptHelper: checkListMode: is blacklist mode = true
07-04 15:28:54.553 18070 18096 D EventInjectionStrategy: Creating injection strategy with input manager.
07-04 15:28:54.553 18070 18096 W xample.doggler: Accessing hidden method Landroid/hardware/input/InputManager;->getInstance()Landroid/hardware/input/InputManager; (greylist, reflection, allowed)
07-04 15:28:54.553 18070 18096 W xample.doggler: Accessing hidden method Landroid/hardware/input/InputManager;->injectInputEvent(Landroid/view/InputEvent;I)Z (greylist, reflection, allowed)
07-04 15:28:54.553 18070 18096 W xample.doggler: Accessing hidden field Landroid/hardware/input/InputManager;->INJECT_INPUT_EVENT_MODE_WAIT_FOR_FINISH:I (greylist, reflection, allowed)
07-04 15:28:54.556 18070 18070 I OplusFeatureCache: Milliseconds spent on init(): 10
07-04 15:28:54.557 18070 18070 D OplusSlideAnimOptHelper: com.example.dogglers scrollEffectOpt enable = false
07-04 15:28:54.563 18070 18070 D ViewRootImpl[GridListActivity]: hardware acceleration = true , fakeHwAccelerated = false, sRendererDisabled = false, forceHwAccelerated = false, sSystemRendererDisabled = false
07-04 15:28:54.564   938  1008 I SurfaceFlinger: [SF client] NEW(0xb4000073a6077100) for (1548:system_server)
07-04 15:28:54.565   938  1009 D DispPerfService: get hint proc=7d89ce8 com.example.dogglers, idx=1 none
07-04 15:28:54.567 18070 18070 D libMEOW : applied 0 plugin for [com.example.dogglers].
07-04 15:28:54.567 18070 18070 I InputTransport: Create ARC handle: 0xb400007e8b137a60
07-04 15:28:54.568 18070 18070 V PhoneWindow: DecorView setVisiblity: visibility = 0, Parent = android.view.ViewRootImpl@66810f3, this = DecorView@e6b71b0[GridListActivity]
07-04 15:28:54.571 18070 18070 D LifecycleMonitor: Lifecycle status change: androidx.test.core.app.InstrumentationActivityInvoker$BootstrapActivity@5c3dbab in: STOPPED
07-04 15:28:54.572 18070 18070 V ActivityScenario: Activity lifecycle changed event received but ignored because the intent does not match. startActivityIntent=Intent { act=android.intent.action.MAIN cat=[android.intent.category.LAUNCHER] cmp=com.example.dogglers/.GridListActivity }, activity.getIntent()=Intent { act=android.intent.action.MAIN cat=[android.intent.category.LAUNCHER] flg=0x10008000 cmp=com.example.dogglers/androidx.test.core.app.InstrumentationActivityInvoker$BootstrapActivity (has extras) mCallingUid=10305 }, activity=androidx.test.core.app.InstrumentationActivityInvoker$BootstrapActivity@5c3dbab
07-04 15:28:54.583   938  1008 D DispPerfService: get hint proc=com.example.dogglers, idx=1 none
07-04 15:28:54.583   938  1008 I BufferQueueConsumer: [](id:3aa00003b0d,api:0,p:-1,c:938) connect(): controlledByApp=false
07-04 15:28:54.583   938  1008 I BufferQueue: [unnamed-938-15117](this:0xb4000073a6093658,id:15117,api:0,p:-1,c:-1) BufferQueue core=(938:/system/bin/surfaceflinger)
07-04 15:28:54.584   938  1008 D DispPerfService: get hint proc=Surface(name=44bf6fc StatusBar), idx=1 none
07-04 15:28:54.585   938  1008 D DispPerfService: get hint proc=Surface(name=1a0f092 NavigationBar0), idx=1 none
07-04 15:28:54.585  1548  3263 D Theia.NoFocusWindow: FocusWindowErrorScene cancelCheckFreezeScreen
07-04 15:28:54.590 18070 18107 D libMEOW : applied 0 plugin for [com.example.dogglers].
07-04 15:28:54.594  2144  2144 D StatusBar/NavBarView: updateNavButtonIcons: disableBack/Home/Recent: false/false/false, mNavBarMode=0, disableFlags=0, useAltBack=false, rotation=0,com.oplusos.systemui.navbar.view.OplusNavigationBarView.updateNavButtonIcons:149 com.oplusos.systemui.navbar.view.OplusNavigationBarView.updateUseInputMethod:141 com.oplusos.systemui.navbar.view.NavBarViewProxy.updateVisibility:64 com.oplusos.systemui.navbar.view.NavBarViewPresenterImpl.updateVisibility:83 com.oplusos.systemui.navbar.view.NavBarViewModelImpl.updateVisibility:87 com.oplusos.systemui.navbar.NavBarProxyManager.updateVisibility:132 com.oplusos.systemui.navbar.view.OplusNavigationBarFragment.updateVisibility:193
07-04 15:28:54.595   612   612 I hwservicemanager: getTransport: Cannot find entry android.hardware.configstore@1.0::ISurfaceFlingerConfigs/default in either framework or device manifest.
07-04 15:28:54.595   938   938 D OplusExLayer: ~Layer() sequence=63885, name=Surface(name=44bf6fc StatusBar)/@0x6e28e63 - animation-leash#1
07-04 15:28:54.595   938   938 D OplusExLayer: ~Layer() sequence=63886, name=Surface(name=1a0f092 NavigationBar0)/@0x96afa60 - animation-leash#1
07-04 15:28:54.596  1548  3263 I InputDispatcher: Window went away: com.example.dogglers/com.example.dogglers.GridListActivity#0
07-04 15:28:54.599   938  1009 I BufferQueueProducer: [com.example.dogglers/com.example.dogglers.GridListActivity#0](id:3aa00003b0d,api:1,p:18070,c:938) connect(): api=1 producerControlledByApp=false
07-04 15:28:54.611  1186  1320 I OriginChannel: wise light debug, data[0].type is 65627,data[0].sensor is 91:[1165.000000,,160.000000,,43.000000,0.000000,447430593058169]
07-04 15:28:54.612  1184  1184 E DisplayPanelInterface: GetDisplayPanelOBrightness [oplus_brightness]= [834]
07-04 15:28:54.612  1184  1184 E DisplayPanelInterface: GetDisplayPanelOBrightness [oplus_brightness]= [834]
07-04 15:28:54.627 18070 18070 D skia    : SkJpegCodec::onGetPixels +
07-04 15:28:54.631 18070 18070 D skia    : SkJpegCodec::onGetPixels -
07-04 15:28:54.639 18070 18070 D skia    : SkJpegCodec::onGetPixels +
07-04 15:28:54.641 15933 15991 I Finsky  : [14994] ydp.a(29): Skipping Gramophone warning due to shell install
07-04 15:28:54.644 18070 18070 D skia    : SkJpegCodec::onGetPixels -
07-04 15:28:54.648   918  1211 D AudioPolicyService: updateUidStates_l() current->uid=10146 current->pid=4431 allowCapture=1 UidState=5 apmStat=1
07-04 15:28:54.660 18070 18070 D skia    : SkJpegCodec::onGetPixels +
07-04 15:28:54.664 18070 18070 D skia    : SkJpegCodec::onGetPixels -
07-04 15:28:54.673 18070 18070 D skia    : SkJpegCodec::onGetPixels +
07-04 15:28:54.675 18070 18070 D skia    : SkJpegCodec::onGetPixels -
07-04 15:28:54.697 18070 18107 E ion     : ioctl c0044901 failed with code -1: Invalid argument
07-04 15:28:54.705  1185 15883 W MtkOmxVdecExV4L2: ## [WARNING, 110] GetCmd() line: 407 No command in 5 seconds ...
07-04 15:28:54.771  1186  1320 I OriginChannel: wise light debug, data[0].type is 65627,data[0].sensor is 91:[1165.000000,,100.000000,,43.000000,0.000000,447430753219304]
07-04 15:28:54.772  1184  1184 E DisplayPanelInterface: GetDisplayPanelOBrightness [oplus_brightness]= [834]
07-04 15:28:54.772  1184  1184 E DisplayPanelInterface: GetDisplayPanelOBrightness [oplus_brightness]= [834]
07-04 15:28:54.779 25807 17922 I System.out: [OkHttp] sendRequest<<
07-04 15:28:54.784   938  1728 D DispPerfService: onframeavailable pid=18070, slot=4, seq=63889, name=com.example.dogglers:com.example.dogglers/com.example.dogglers.GridListActivity#0
07-04 15:28:54.790  1548  1583 D ArtManagerInternalImpl: /data/misc/iorapd/com.example.dogglers/1/com.example.dogglers.GridListActivity/compiled_traces/compiled_trace.pb doesn't exist
07-04 15:28:54.791  1548  1583 I ActivityTaskManager: Displayed com.example.dogglers/.GridListActivity: +493ms
07-04 15:28:54.793  1548  1574 D View    : [Warning] assignParent to null: this = DecorView@23a126f[dogglers]
07-04 15:28:54.793   938  1728 I BufferQueueProducer: [Splash Screen com.example.dogglers#0](id:3aa00003b0c,api:2,p:1548,c:938) disconnect(): api=2
07-04 15:28:54.795   938  1728 D DispPerfService: get hint proc=Surface(name=2d9209b Splash Screen com.example.dogglers), idx=1 none
07-04 15:28:54.795  1548  2340 I InputDispatcher: Focus entered window: Window{7d89ce8 u0 com.example.dogglers/com.example.dogglers.GridListActivity} in display 0
07-04 15:28:54.808  1548  1574 I InputTransport: Destroy ARC handle: 0xb400007cc237a720
07-04 15:28:54.816 18070 18070 W xample.doggler: Accessing hidden method Landroid/os/MessageQueue;->next()Landroid/os/Message; (greylist, reflection, allowed)
07-04 15:28:54.816 18070 18070 W xample.doggler: Accessing hidden field Landroid/os/MessageQueue;->mMessages:Landroid/os/Message; (greylist, reflection, allowed)
07-04 15:28:54.816 18070 18070 W xample.doggler: Accessing hidden method Landroid/os/Message;->recycleUnchecked()V (greylist, reflection, allowed)
07-04 15:28:54.817   938   938 D OplusExLayer: ~Layer() sequence=63892, name=Surface(name=2d9209b Splash Screen com.example.dogglers)/@0x14c24a4 - animation-leash#0
07-04 15:28:54.817   938   938 D OplusExLayer: ~Layer() sequence=63883, name=2d9209b Splash Screen com.example.dogglers#0
07-04 15:28:54.818  1548  3263 D InputMethodManagerService: isSecurity: attribute.packageName=com.example.dogglers mCurMethodId=com.google.android.inputmethod.latin/com.android.inputmethod.latin.LatinIME
07-04 15:28:54.818  1548  3263 D InputMethodManagerService: isSecurity= false (  enable=false needShow=false inBlackList=false isExist=false )
07-04 15:28:54.818  1548  2340 I InputDispatcher: Window went away: Window{2d9209b u0 Splash Screen com.example.dogglers}
07-04 15:28:54.818   938   938 I BufferQueueConsumer: [Splash Screen com.example.dogglers#0](id:3aa00003b0c,api:0,p:-1,c:938) disconnect()
07-04 15:28:54.818   938   938 I BufferQueue: [Splash Screen com.example.dogglers#0](this:0xb40000737423dc58,id:15116,api:2,p:-1,c:-1) onDestructor()
07-04 15:28:54.819   938   938 D OplusExLayer: ~Layer() sequence=63884, name=Splash Screen com.example.dogglers#0
07-04 15:28:54.819  1548  3263 D VerificationCodeController: notifyImeAttributeChanged: 64false
07-04 15:28:54.823 22357 22357 I InputTransport: Create ARC handle: 0xb400007e9102fea0
07-04 15:28:54.823 18070 18070 W xample.doggler: Accessing hidden method Landroid/view/WindowManagerGlobal;->getInstance()Landroid/view/WindowManagerGlobal; (greylist, reflection, allowed)
07-04 15:28:54.823 18070 18070 W xample.doggler: Accessing hidden field Landroid/view/WindowManagerGlobal;->mViews:Ljava/util/ArrayList; (greylist, reflection, allowed)
07-04 15:28:54.823 18070 18070 W xample.doggler: Accessing hidden field Landroid/view/WindowManagerGlobal;->mParams:Ljava/util/ArrayList; (greylist, reflection, allowed)
07-04 15:28:54.827   938  1532 D DispPerfService: get hint proc=Surface(name=2e3c86d InputMethod), idx=1 none
07-04 15:28:54.827 18070 18070 I ViewInteraction: Checking 'com.example.dogglers.BaseTest$DrawableMatcher$RecyclerViewAssertion@38eefce' assertion on view view.getId() is <2131230937/com.example.dogglers:id/grid_recycler_view>
07-04 15:28:54.828 22357 22357 I GoogleInputMethodService: GoogleInputMethodService.onFinishInput():3220
07-04 15:28:54.828   904   925 I mtkpower@impl: [setMode] type:5, enabled:0
07-04 15:28:54.829 22357 22357 I GoogleInputMethodService: GoogleInputMethodService.updateDeviceLockedStatus():2116 checkRepeatedly = false, unlocked = true
07-04 15:28:54.830 22357 22357 I GoogleInputMethodService: GoogleInputMethodService.onStartInput():1923 onStartInput(EditorInfo{inputType=0x0(NULL) imeOptions=0x0 privateImeOptions=null actionName=UNSPECIFIED actionLabel=null actionId=0 initialSelStart=-1 initialSelEnd=-1 initialCapsMode=0x0 hintText=null label=null packageName=com.example.dogglers fieldId=-1 fieldName=null extras=null}, false)
07-04 15:28:54.831 22357 22357 I GoogleInputMethodService: GoogleInputMethodService.updateDeviceLockedStatus():2116 checkRepeatedly = true, unlocked = true
07-04 15:28:54.832 22357 22357 V PhoneWindow: DecorView setVisiblity: visibility = 8, Parent = android.view.ViewRootImpl@24657c1, this = DecorView@6f65b66[InputMethod]
07-04 15:28:54.835  1548  1945 I mtkpower_client: perf_lock_rel, hdl:269966, tid:1945
07-04 15:28:54.835   938  1532 D DispPerfService: get hint proc=ActivityRecord{bbf5bcf u0 com.example.dogglers, idx=1 none
07-04 15:28:54.835  1548  1945 I mtkpower_client: perf_lock_acq, hdl:269966, dur:0, num:16, tid:1945
07-04 15:28:54.836   904   971 I libPowerHal: [perfLockRel] hdl:269966, idx:0
07-04 15:28:54.836   904   971 I libPowerHal: [PD] scn:0 hdl:269966 lock_user:system_server pid:1548 tid:1945 dur:0
07-04 15:28:54.836   904   971 I libPowerHal: system_server: cpu_ctrl set cpu freq: -1 -1 -1 -1 -1 -1
07-04 15:28:54.836   904   971 I libPowerHal: [PD] system_server update cmd:2020000=>1, 1410000=>0, 1c3c000=>1, 2004100=>0,
07-04 15:28:54.836   904   925 I mtkpower@impl: [setMode] type:5, enabled:1
07-04 15:28:54.837  1548  1945 I mtkpower_client: ret_hdl:269967
07-04 15:28:54.837   904   971 I libPowerHal: [perfLockAcq] idx:0 hdl:269967 hint:-1 pid:1548 duration:0 => ret_hdl:269967
07-04 15:28:54.837   904   971 I libPowerHal: [PE] scn:0 hdl:269967 lock_user:system_server pid:1548 tid:1945 dur:0
07-04 15:28:54.837   904   971 I libPowerHal: system_server: cpu_ctrl set cpu freq: 2000000 -1 2200000 -1 2284000 -1
07-04 15:28:54.838   904   971 I libPowerHal: [PE] system_server update cmd:2020000=>15, 1410000=>2, 1c3c000=>0, 2004100=>0,
07-04 15:28:54.841 18070 18070 D LifecycleMonitor: Lifecycle status change: com.example.dogglers.GridListActivity@fd7059b in: PAUSED
07-04 15:28:54.841 18070 18070 V ActivityScenario: Update currentActivityStage to PAUSED, currentActivity=com.example.dogglers.GridListActivity@fd7059b
07-04 15:28:54.844  1548  3263 I InputDispatcher: setFocusedApplication displayId=0 <invalid>
07-04 15:28:54.844   904   971 I libPowerHal: [perfNotifyAppState] [activity updated] pack:com.example.dogglers, act:androidx.test.core.app.InstrumentationActivityInvoker$EmptyActivity
07-04 15:28:54.844   904   971 I libPowerHal: Act_Match:0, Common_index:-1
07-04 15:28:54.844   904   924 I mtkpower@impl: [notifyAppState] act com.example.dogglers.GridListActivity => androidx.test.core.app.InstrumentationActivityInvoker$EmptyActivity
07-04 15:28:54.845  1548  3263 D Theia.NoFocusWindow: FocusWindowErrorScene CheckFreezeScreen
07-04 15:28:54.848 18070 18135 D libMEOW : applied 0 plugin for [com.example.dogglers].
